Archive member included to satisfy reference by file (symbol)

c:/program files (x86)/atmel/studio/7.0/toolchain/avr8/avr8-gnu-toolchain/bin/../lib/gcc/avr/5.4.0/../../../../avr/lib/avr5\libm.a(addsf3.o)
                              main.o (__subsf3)
c:/program files (x86)/atmel/studio/7.0/toolchain/avr8/avr8-gnu-toolchain/bin/../lib/gcc/avr/5.4.0/../../../../avr/lib/avr5\libm.a(addsf3x.o)
                              c:/program files (x86)/atmel/studio/7.0/toolchain/avr8/avr8-gnu-toolchain/bin/../lib/gcc/avr/5.4.0/../../../../avr/lib/avr5\libm.a(addsf3.o) (__addsf3x)
c:/program files (x86)/atmel/studio/7.0/toolchain/avr8/avr8-gnu-toolchain/bin/../lib/gcc/avr/5.4.0/../../../../avr/lib/avr5\libm.a(divsf3.o)
                              main.o (__divsf3)
c:/program files (x86)/atmel/studio/7.0/toolchain/avr8/avr8-gnu-toolchain/bin/../lib/gcc/avr/5.4.0/../../../../avr/lib/avr5\libm.a(divsf3x.o)
                              c:/program files (x86)/atmel/studio/7.0/toolchain/avr8/avr8-gnu-toolchain/bin/../lib/gcc/avr/5.4.0/../../../../avr/lib/avr5\libm.a(divsf3.o) (__divsf3x)
c:/program files (x86)/atmel/studio/7.0/toolchain/avr8/avr8-gnu-toolchain/bin/../lib/gcc/avr/5.4.0/../../../../avr/lib/avr5\libm.a(fixsfsi.o)
                              main.o (__fixsfsi)
c:/program files (x86)/atmel/studio/7.0/toolchain/avr8/avr8-gnu-toolchain/bin/../lib/gcc/avr/5.4.0/../../../../avr/lib/avr5\libm.a(fixunssfsi.o)
                              main.o (__fixunssfsi)
c:/program files (x86)/atmel/studio/7.0/toolchain/avr8/avr8-gnu-toolchain/bin/../lib/gcc/avr/5.4.0/../../../../avr/lib/avr5\libm.a(floatsisf.o)
                              main.o (__floatsisf)
c:/program files (x86)/atmel/studio/7.0/toolchain/avr8/avr8-gnu-toolchain/bin/../lib/gcc/avr/5.4.0/../../../../avr/lib/avr5\libm.a(fp_inf.o)
                              c:/program files (x86)/atmel/studio/7.0/toolchain/avr8/avr8-gnu-toolchain/bin/../lib/gcc/avr/5.4.0/../../../../avr/lib/avr5\libm.a(addsf3x.o) (__fp_inf)
c:/program files (x86)/atmel/studio/7.0/toolchain/avr8/avr8-gnu-toolchain/bin/../lib/gcc/avr/5.4.0/../../../../avr/lib/avr5\libm.a(fp_nan.o)
                              c:/program files (x86)/atmel/studio/7.0/toolchain/avr8/avr8-gnu-toolchain/bin/../lib/gcc/avr/5.4.0/../../../../avr/lib/avr5\libm.a(addsf3x.o) (__fp_nan)
c:/program files (x86)/atmel/studio/7.0/toolchain/avr8/avr8-gnu-toolchain/bin/../lib/gcc/avr/5.4.0/../../../../avr/lib/avr5\libm.a(fp_pscA.o)
                              c:/program files (x86)/atmel/studio/7.0/toolchain/avr8/avr8-gnu-toolchain/bin/../lib/gcc/avr/5.4.0/../../../../avr/lib/avr5\libm.a(addsf3x.o) (__fp_pscA)
c:/program files (x86)/atmel/studio/7.0/toolchain/avr8/avr8-gnu-toolchain/bin/../lib/gcc/avr/5.4.0/../../../../avr/lib/avr5\libm.a(fp_pscB.o)
                              c:/program files (x86)/atmel/studio/7.0/toolchain/avr8/avr8-gnu-toolchain/bin/../lib/gcc/avr/5.4.0/../../../../avr/lib/avr5\libm.a(addsf3x.o) (__fp_pscB)
c:/program files (x86)/atmel/studio/7.0/toolchain/avr8/avr8-gnu-toolchain/bin/../lib/gcc/avr/5.4.0/../../../../avr/lib/avr5\libm.a(fp_round.o)
                              c:/program files (x86)/atmel/studio/7.0/toolchain/avr8/avr8-gnu-toolchain/bin/../lib/gcc/avr/5.4.0/../../../../avr/lib/avr5\libm.a(addsf3.o) (__fp_round)
c:/program files (x86)/atmel/studio/7.0/toolchain/avr8/avr8-gnu-toolchain/bin/../lib/gcc/avr/5.4.0/../../../../avr/lib/avr5\libm.a(fp_split3.o)
                              c:/program files (x86)/atmel/studio/7.0/toolchain/avr8/avr8-gnu-toolchain/bin/../lib/gcc/avr/5.4.0/../../../../avr/lib/avr5\libm.a(addsf3x.o) (__fp_split3)
c:/program files (x86)/atmel/studio/7.0/toolchain/avr8/avr8-gnu-toolchain/bin/../lib/gcc/avr/5.4.0/../../../../avr/lib/avr5\libm.a(fp_zero.o)
                              c:/program files (x86)/atmel/studio/7.0/toolchain/avr8/avr8-gnu-toolchain/bin/../lib/gcc/avr/5.4.0/../../../../avr/lib/avr5\libm.a(addsf3x.o) (__fp_zero)
c:/program files (x86)/atmel/studio/7.0/toolchain/avr8/avr8-gnu-toolchain/bin/../lib/gcc/avr/5.4.0/../../../../avr/lib/avr5\libm.a(gesf2.o)
                              main.o (__gesf2)
c:/program files (x86)/atmel/studio/7.0/toolchain/avr8/avr8-gnu-toolchain/bin/../lib/gcc/avr/5.4.0/../../../../avr/lib/avr5\libm.a(fp_cmp.o)
                              c:/program files (x86)/atmel/studio/7.0/toolchain/avr8/avr8-gnu-toolchain/bin/../lib/gcc/avr/5.4.0/../../../../avr/lib/avr5\libm.a(gesf2.o) (__fp_cmp)
C:\Users\agva\Desktop\Suction_Pump-v1.1-\Suction_PUMP(v1.1)\ArduinoCore\Debug\libArduinoCore.a(HardwareSerial.o)
                              main.o (_ZN14HardwareSerial5beginEmh)
C:\Users\agva\Desktop\Suction_Pump-v1.1-\Suction_PUMP(v1.1)\ArduinoCore\Debug\libArduinoCore.a(HardwareSerial0.o)
                              main.o (Serial)
C:\Users\agva\Desktop\Suction_Pump-v1.1-\Suction_PUMP(v1.1)\ArduinoCore\Debug\libArduinoCore.a(main.o)
[...]
Memory Configuration

Name             Origin             Length             Attributes
text             0x00000000         0x00008000         xr
data             0x00800100         0x00000800         rw !x
eeprom           0x00810000         0x00000400         rw !x
fuse             0x00820000         0x00000003         rw !x
lock             0x00830000         0x00000400         rw !x
signature        0x00840000         0x00000400         rw !x
user_signatures  0x00850000         0x00000400         rw !x
*default*        0x00000000         0xffffffff

Linker script and memory map

Address of section .data set to 0x800100
LOAD C:/Program Files (x86)/Atmel/Studio/7.0/Packs/atmel/ATmega_DFP/1.6.364/gcc/dev/atmega328p/avr5/crtatmega328p.o
LOAD main.o
START GROUP
LOAD c:/program files (x86)/atmel/studio/7.0/toolchain/avr8/avr8-gnu-toolchain/bin/../lib/gcc/avr/5.4.0/../../../../avr/lib/avr5\libm.a
LOAD C:\Users\agva\Desktop\Suction_Pump-v1.1-\Suction_PUMP(v1.1)\ArduinoCore\Debug\libArduinoCore.a
END GROUP
LOAD c:/program files (x86)/atmel/studio/7.0/toolchain/avr8/avr8-gnu-toolchain/bin/../lib/gcc/avr/5.4.0/avr5\libgcc.a
LOAD c:/program files (x86)/atmel/studio/7.0/toolchain/avr8/avr8-gnu-toolchain/bin/../lib/gcc/avr/5.4.0/../../../../avr/lib/avr5\libm.a
START GROUP
LOAD c:/program files (x86)/atmel/studio/7.0/toolchain/avr8/avr8-gnu-toolchain/bin/../lib/gcc/avr/5.4.0/avr5\libgcc.a
LOAD c:/program files (x86)/atmel/studio/7.0/toolchain/avr8/avr8-gnu-toolchain/bin/../lib/gcc/avr/5.4.0/../../../../avr/lib/avr5\libm.a
LOAD c:/program files (x86)/atmel/studio/7.0/toolchain/avr8/avr8-gnu-toolchain/bin/../lib/gcc/avr/5.4.0/../../../../avr/lib/avr5\libc.a
LOAD C:/Program Files (x86)/Atmel/Studio/7.0/Packs/atmel/ATmega_DFP/1.6.364/gcc/dev/atmega328p/avr5\libatmega328p.a
END GROUP
                0x00000000                __TEXT_REGION_ORIGIN__ = DEFINED (__TEXT_REGION_ORIGIN__)?__TEXT_REGION_ORIGIN__:0x0
                [0x00800100]                __DATA_REGION_ORIGIN__ = DEFINED (__DATA_REGION_ORIGIN__)?__DATA_REGION_ORIGIN__:0x800060
                [0x00008000]                __TEXT_REGION_LENGTH__ = DEFINED (__TEXT_REGION_LENGTH__)?__TEXT_REGION_LENGTH__:0x20000
                [0x00000800]                __DATA_REGION_LENGTH__ = DEFINED (__DATA_REGION_LENGTH__)?__DATA_REGION_LENGTH__:0xffa0
                [0x00000400]                __EEPROM_REGION_LENGTH__ = DEFINED (__EEPROM_REGION_LENGTH__)?__EEPROM_REGION_LENGTH__:0x10000
                [0x00000003]                __FUSE_REGION_LENGTH__ = DEFINED (__FUSE_REGION_LENGTH__)?__FUSE_REGION_LENGTH__:0x400
                0x00000400                __LOCK_REGION_LENGTH__ = DEFINED (__LOCK_REGION_LENGTH__)?__LOCK_REGION_LENGTH__:0x400
                0x00000400                __SIGNATURE_REGION_LENGTH__ = DEFINED (__SIGNATURE_REGION_LENGTH__)?__SIGNATURE_REGION_LENGTH__:0x400
                0x00000400                __USER_SIGNATURE_REGION_LENGTH__ = DEFINED (__USER_SIGNATURE_REGION_LENGTH__)?__USER_SIGNATURE_REGION_LENGTH__:0x400

.hash
 *(.hash)

.dynsym
 *(.dynsym)

.dynstr
 *(.dynstr)

.gnu.version
 *(.gnu.version)

.gnu.version_d
 *(.gnu.version_d)

.gnu.version_r
 *(.gnu.version_r)

.rel.init
 *(.rel.init)

.rela.init
 *(.rela.init)

.rel.text
 *(.rel.text)
 *(.rel.text.*)
 *(.rel.gnu.linkonce.t*)

.rela.text
 *(.rela.text)
 *(.rela.text.*)
 *(.rela.gnu.linkonce.t*)

.rel.fini
 *(.rel.fini)

.rela.fini
 *(.rela.fini)

.rel.rodata
 *(.rel.rodata)
 *(.rel.rodata.*)
 *(.rel.gnu.linkonce.r*)

.rela.rodata
 *(.rela.rodata)
 *(.rela.rodata.*)
 *(.rela.gnu.linkonce.r*)

.rel.data
 *(.rel.data)
 *(.rel.data.*)
 *(.rel.gnu.linkonce.d*)

.rela.data
 *(.rela.data)
 *(.rela.data.*)
 *(.rela.gnu.linkonce.d*)

.rel.ctors
 *(.rel.ctors)

.rela.ctors
 *(.rela.ctors)

.rel.dtors
 *(.rel.dtors)

.rela.dtors
 *(.rela.dtors)

.rel.got
 *(.rel.got)

.rela.got
 *(.rela.got)

.rel.bss
 *(.rel.bss)

.rela.bss
 *(.rela.bss)

.rel.plt
 *(.rel.plt)

.rela.plt
 *(.rela.plt)

.text           0x00000000     0x712e
 *(.vectors)
 .vectors       0x00000000       0x68 C:/Program Files (x86)/Atmel/Studio/7.0/Packs/atmel/ATmega_DFP/1.6.364/gcc/dev/atmega328p/avr5/crtatmega328p.o
                0x00000000                __vector_default
                0x00000000                __vectors
 *(.vectors)
 *(.progmem.gcc*)
 .progmem.gcc_sw_table._ZN7AMS581213getTransducerEv
                0x00000068       0x2c C:\Users\agva\Desktop\Suction_Pump-v1.1-\Suction_PUMP(v1.1)\ArduinoCore\Debug\libArduinoCore.a(AMS5812.o)
                0x00000094                . = ALIGN (0x2)
                0x00000094                __trampolines_start = .
 *(.trampolines)
 .trampolines   0x00000094        0x0 linker stubs
 *(.trampolines*)
                0x00000094                __trampolines_end = .
 *libprintf_flt.a:*(.progmem.data)
 *libc.a:*(.progmem.data)
 .progmem.data  0x00000094       0xfa c:/program files (x86)/atmel/studio/7.0/toolchain/avr8/avr8-gnu-toolchain/bin/../lib/gcc/avr/5.4.0/../../../../avr/lib/avr5\libc.a(ftoa_engine.o)
 *(.progmem*)
 .progmem.data._ZL15FreeSerif12pt7b
                0x0000018e        0x7 main.o
 .progmem.data._ZL21FreeSerif12pt7bGlyphs
                0x00000195      0x299 main.o
 .progmem.data._ZL22FreeSerif12pt7bBitmaps
                0x0000042e      0x72f main.o
 .progmem.data._ZL15FreeSerif18pt7b
                0x00000b5d        0x7 main.o
 .progmem.data._ZL21FreeSerif18pt7bGlyphs
                0x00000b64      0x299 main.o
 .progmem.data._ZL22FreeSerif18pt7bBitmaps
                0x00000dfd      0xf2e main.o
 .progmem.data.Terminal6x8
                0x00001d2b      0x2a4 C:\Users\agva\Desktop\Suction_Pump-v1.1-\Suction_PUMP(v1.1)\ArduinoCore\Debug\libArduinoCore.a(DefaultFonts.o)
                0x00001d2b                Terminal6x8
 .progmem.data.digital_pin_to_timer_PGM
                0x00001fcf       0x14 C:\Users\agva\Desktop\Suction_Pump-v1.1-\Suction_PUMP(v1.1)\ArduinoCore\Debug\libArduinoCore.a(wiring_digital.o)
                0x00001fcf                digital_pin_to_timer_PGM
 .progmem.data.digital_pin_to_bit_mask_PGM
                0x00001fe3       0x14 C:\Users\agva\Desktop\Suction_Pump-v1.1-\Suction_PUMP(v1.1)\ArduinoCore\Debug\libArduinoCore.a(wiring_digital.o)
                0x00001fe3                digital_pin_to_bit_mask_PGM
 .progmem.data.digital_pin_to_port_PGM
                0x00001ff7       0x14 C:\Users\agva\Desktop\Suction_Pump-v1.1-\Suction_PUMP(v1.1)\ArduinoCore\Debug\libArduinoCore.a(wiring_digital.o)
                0x00001ff7                digital_pin_to_port_PGM
 .progmem.data.port_to_output_PGM
                0x0000200b        0xa C:\Users\agva\Desktop\Suction_Pump-v1.1-\Suction_PUMP(v1.1)\ArduinoCore\Debug\libArduinoCore.a(wiring_digital.o)
                0x0000200b                port_to_output_PGM
 .progmem.data.port_to_mode_PGM
                0x00002015        0xa C:\Users\agva\Desktop\Suction_Pump-v1.1-\Suction_PUMP(v1.1)\ArduinoCore\Debug\libArduinoCore.a(wiring_digital.o)
                0x00002015                port_to_mode_PGM
                0x00002020                . = ALIGN (0x2)
 *fill*         0x0000201f        0x1 
 *(.jumptables)
 *(.jumptables*)
 *(.lowtext)
 *(.lowtext*)
                0x00002020                __ctors_start = .
 *(.ctors)
 .ctors         0x00002020        0x2 main.o
 .ctors         0x00002022        0x2 C:\Users\agva\Desktop\Suction_Pump-v1.1-\Suction_PUMP(v1.1)\ArduinoCore\Debug\libArduinoCore.a(HardwareSerial0.o)
 .ctors         0x00002024        0x2 C:\Users\agva\Desktop\Suction_Pump-v1.1-\Suction_PUMP(v1.1)\ArduinoCore\Debug\libArduinoCore.a(Wire.o)
                0x00002026                __ctors_end = .
                0x00002026                __dtors_start = .
 *(.dtors)
 .dtors         0x00002026        0x2 main.o
                0x00002028                __dtors_end = .
 SORT(*)(.ctors)
 SORT(*)(.dtors)
 *(.init0)
 .init0         0x00002028        0x0 C:/Program Files (x86)/Atmel/Studio/7.0/Packs/atmel/ATmega_DFP/1.6.364/gcc/dev/atmega328p/avr5/crtatmega328p.o
                0x00002028                __init
 *(.init0)
 *(.init1)
 *(.init1)
 *(.init2)
 .init2         0x00002028        0xc C:/Program Files (x86)/Atmel/Studio/7.0/Packs/atmel/ATmega_DFP/1.6.364/gcc/dev/atmega328p/avr5/crtatmega328p.o
 *(.init2)
 *(.init3)
 *(.init3)
 *(.init4)
 .init4         0x00002034       0x16 c:/program files (x86)/atmel/studio/7.0/toolchain/avr8/avr8-gnu-toolchain/bin/../lib/gcc/avr/5.4.0/avr5\libgcc.a(_copy_data.o)
                0x00002034                __do_copy_data
 .init4         0x0000204a       0x10 c:/program files (x86)/atmel/studio/7.0/toolchain/avr8/avr8-gnu-toolchain/bin/../lib/gcc/avr/5.4.0/avr5\libgcc.a(_clear_bss.o)
                0x0000204a                __do_clear_bss
 *(.init4)
 *(.init5)
 *(.init5)
 *(.init6)
 .init6         0x0000205a       0x16 c:/program files (x86)/atmel/studio/7.0/toolchain/avr8/avr8-gnu-toolchain/bin/../lib/gcc/avr/5.4.0/avr5\libgcc.a(_ctors.o)
                0x0000205a                __do_global_ctors
 *(.init6)
 *(.init7)
 *(.init7)
 *(.init8)
 *(.init8)
 *(.init9)
 .init9         0x00002070        0x8 C:/Program Files (x86)/Atmel/Studio/7.0/Packs/atmel/ATmega_DFP/1.6.364/gcc/dev/atmega328p/avr5/crtatmega328p.o
 *(.init9)
 *(.text)
 .text          0x00002078        0x4 C:/Program Files (x86)/Atmel/Studio/7.0/Packs/atmel/ATmega_DFP/1.6.364/gcc/dev/atmega328p/avr5/crtatmega328p.o
                0x00002078                __vector_22
                0x00002078                __vector_1
                0x00002078                __vector_12
                0x00002078                __bad_interrupt
                0x00002078                __vector_6
                0x00002078                __vector_3
                0x00002078                __vector_23
                0x00002078                __vector_25
                0x00002078                __vector_11
                0x00002078                __vector_13
                0x00002078                __vector_17
                0x00002078                __vector_7
                0x00002078                __vector_5
                0x00002078                __vector_4
                0x00002078                __vector_9
                0x00002078                __vector_2
                0x00002078                __vector_21
                0x00002078                __vector_15
                0x00002078                __vector_8
                0x00002078                __vector_14
                0x00002078                __vector_10
                0x00002078                __vector_20
                0x0000207c                . = ALIGN (0x2)
 *(.text.*)
 .text._Z9fill_areaij
                0x0000207c       0x36 main.o
                0x0000207c                _Z9fill_areaij
 .text.loop     0x000020b2      0x46e main.o
                0x000020b2                loop
 .text._Z10draw_scalev
                0x00002520      0x188 main.o
                0x00002520                _Z10draw_scalev
 .text._Z9AgVa_logov
                0x000026a8      0x100 main.o
                0x000026a8                _Z9AgVa_logov
 .text._Z11main_screenv
                0x000027a8      0x1ac main.o
                0x000027a8                _Z11main_screenv
 .text.setup    0x00002954       0x60 main.o
                0x00002954                setup
 .text.startup._GLOBAL__sub_I_pressure
                0x000029b4       0x38 main.o
 .text.exit._GLOBAL__sub_D_pressure
                0x000029ec        0x8 main.o
 .text.avr-libc.fplib
                0x000029f4        0xe c:/program files (x86)/atmel/studio/7.0/toolchain/avr8/avr8-gnu-toolchain/bin/../lib/gcc/avr/5.4.0/../../../../avr/lib/avr5\libm.a(addsf3.o)
                0x000029f4                __subsf3
                0x000029f6                __addsf3
 .text.avr-libc.fplib
                0x00002a02       0xcc c:/program files (x86)/atmel/studio/7.0/toolchain/avr8/avr8-gnu-toolchain/bin/../lib/gcc/avr/5.4.0/../../../../avr/lib/avr5\libm.a(addsf3x.o)
                0x00002a24                __addsf3x
 .text.avr-libc.fplib
                0x00002ace        0x8 c:/program files (x86)/atmel/studio/7.0/toolchain/avr8/avr8-gnu-toolchain/bin/../lib/gcc/avr/5.4.0/../../../../avr/lib/avr5\libm.a(divsf3.o)
                0x00002ace                __divsf3
 .text.avr-libc.fplib
                0x00002ad6       0xdc c:/program files (x86)/atmel/studio/7.0/toolchain/avr8/avr8-gnu-toolchain/bin/../lib/gcc/avr/5.4.0/../../../../avr/lib/avr5\libm.a(divsf3x.o)
                0x00002af6                __divsf3x
                0x00002afc                __divsf3_pse
 .text.avr-libc.fplib
                0x00002bb2        0xe c:/program files (x86)/atmel/studio/7.0/toolchain/avr8/avr8-gnu-toolchain/bin/../lib/gcc/avr/5.4.0/../../../../avr/lib/avr5\libm.a(fixsfsi.o)
                0x00002bb2                __fixsfsi
 .text.avr-libc.fplib
                0x00002bc0       0x5e c:/program files (x86)/atmel/studio/7.0/toolchain/avr8/avr8-gnu-toolchain/bin/../lib/gcc/avr/5.4.0/../../../../avr/lib/avr5\libm.a(fixunssfsi.o)
                0x00002bc0                __fixunssfsi
 .text.avr-libc.fplib
                0x00002c1e       0x7a c:/program files (x86)/atmel/studio/7.0/toolchain/avr8/avr8-gnu-toolchain/bin/../lib/gcc/avr/5.4.0/../../../../avr/lib/avr5\libm.a(floatsisf.o)
                0x00002c1e                __floatunsisf
                0x00002c22                __floatsisf
 .text.avr-libc.fplib
                0x00002c98        0xc c:/program files (x86)/atmel/studio/7.0/toolchain/avr8/avr8-gnu-toolchain/bin/../lib/gcc/avr/5.4.0/../../../../avr/lib/avr5\libm.a(fp_inf.o)
                0x00002c98                __fp_inf
 .text.avr-libc.fplib
                0x00002ca4        0x6 c:/program files (x86)/atmel/studio/7.0/toolchain/avr8/avr8-gnu-toolchain/bin/../lib/gcc/avr/5.4.0/../../../../avr/lib/avr5\libm.a(fp_nan.o)
                0x00002ca4                __fp_nan
 .text.avr-libc.fplib
                0x00002caa        0xe c:/program files (x86)/atmel/studio/7.0/toolchain/avr8/avr8-gnu-toolchain/bin/../lib/gcc/avr/5.4.0/../../../../avr/lib/avr5\libm.a(fp_pscA.o)
                0x00002caa                __fp_pscA
 .text.avr-libc.fplib
                0x00002cb8        0xe c:/program files (x86)/atmel/studio/7.0/toolchain/avr8/avr8-gnu-toolchain/bin/../lib/gcc/avr/5.4.0/../../../../avr/lib/avr5\libm.a(fp_pscB.o)
                0x00002cb8                __fp_pscB
 .text.avr-libc.fplib
                0x00002cc6       0x22 c:/program files (x86)/atmel/studio/7.0/toolchain/avr8/avr8-gnu-toolchain/bin/../lib/gcc/avr/5.4.0/../../../../avr/lib/avr5\libm.a(fp_round.o)
                0x00002cc6                __fp_round
 .text.avr-libc.fplib
                0x00002ce8       0x44 c:/program files (x86)/atmel/studio/7.0/toolchain/avr8/avr8-gnu-toolchain/bin/../lib/gcc/avr/5.4.0/../../../../avr/lib/avr5\libm.a(fp_split3.o)
                0x00002ce8                __fp_split3
                0x00002cf8                __fp_splitA
 .text.avr-libc.fplib
                0x00002d2c        0xe c:/program files (x86)/atmel/studio/7.0/toolchain/avr8/avr8-gnu-toolchain/bin/../lib/gcc/avr/5.4.0/../../../../avr/lib/avr5\libm.a(fp_zero.o)
                0x00002d2c                __fp_zero
                0x00002d2e                __fp_szero
 .text.avr-libc.fplib
                0x00002d3a        0xa c:/program files (x86)/atmel/studio/7.0/toolchain/avr8/avr8-gnu-toolchain/bin/../lib/gcc/avr/5.4.0/../../../../avr/lib/avr5\libm.a(gesf2.o)
                0x00002d3a                __gesf2
                0x00002d3a                __gtsf2
 .text.avr-libc.fplib
                0x00002d44       0x48 c:/program files (x86)/atmel/studio/7.0/toolchain/avr8/avr8-gnu-toolchain/bin/../lib/gcc/avr/5.4.0/../../../../avr/lib/avr5\libm.a(fp_cmp.o)
                0x00002d44                __fp_cmp
 .text._ZN14HardwareSerial9availableEv
                0x00002d8c       0x18 C:\Users\agva\Desktop\Suction_Pump-v1.1-\Suction_PUMP(v1.1)\ArduinoCore\Debug\libArduinoCore.a(HardwareSerial.o)
                0x00002d8c                _ZN14HardwareSerial9availableEv
 .text._ZN14HardwareSerial4peekEv
                0x00002da4       0x1c C:\Users\agva\Desktop\Suction_Pump-v1.1-\Suction_PUMP(v1.1)\ArduinoCore\Debug\libArduinoCore.a(HardwareSerial.o)
                0x00002da4                _ZN14HardwareSerial4peekEv
 .text._ZN14HardwareSerial4readEv
                0x00002dc0       0x28 C:\Users\agva\Desktop\Suction_Pump-v1.1-\Suction_PUMP(v1.1)\ArduinoCore\Debug\libArduinoCore.a(HardwareSerial.o)
                0x00002dc0                _ZN14HardwareSerial4readEv
 .text._ZN14HardwareSerial17availableForWriteEv
                0x00002de8       0x1e C:\Users\agva\Desktop\Suction_Pump-v1.1-\Suction_PUMP(v1.1)\ArduinoCore\Debug\libArduinoCore.a(HardwareSerial.o)
                0x00002de8                _ZN14HardwareSerial17availableForWriteEv
 .text._Z14serialEventRunv
                0x00002e06       0x1c C:\Users\agva\Desktop\Suction_Pump-v1.1-\Suction_PUMP(v1.1)\ArduinoCore\Debug\libArduinoCore.a(HardwareSerial.o)
                0x00002e06                _Z14serialEventRunv
 .text._ZN14HardwareSerial17_tx_udr_empty_irqEv
                0x00002e22       0x44 C:\Users\agva\Desktop\Suction_Pump-v1.1-\Suction_PUMP(v1.1)\ArduinoCore\Debug\libArduinoCore.a(HardwareSerial.o)
                0x00002e22                _ZN14HardwareSerial17_tx_udr_empty_irqEv
 .text._ZN14HardwareSerial5writeEh
                0x00002e66       0x9a C:\Users\agva\Desktop\Suction_Pump-v1.1-\Suction_PUMP(v1.1)\ArduinoCore\Debug\libArduinoCore.a(HardwareSerial.o)
                0x00002e66                _ZN14HardwareSerial5writeEh
 .text._ZN14HardwareSerial5flushEv
                0x00002f00       0x44 C:\Users\agva\Desktop\Suction_Pump-v1.1-\Suction_PUMP(v1.1)\ArduinoCore\Debug\libArduinoCore.a(HardwareSerial.o)
                0x00002f00                _ZN14HardwareSerial5flushEv
 .text._ZN14HardwareSerial5beginEmh
                0x00002f44       0xca C:\Users\agva\Desktop\Suction_Pump-v1.1-\Suction_PUMP(v1.1)\ArduinoCore\Debug\libArduinoCore.a(HardwareSerial.o)
                0x00002f44                _ZN14HardwareSerial5beginEmh
 .text._ZN5Print17availableForWriteEv
                0x0000300e        0x6 C:\Users\agva\Desktop\Suction_Pump-v1.1-\Suction_PUMP(v1.1)\ArduinoCore\Debug\libArduinoCore.a(HardwareSerial0.o)
                0x0000300e                _ZN5Print17availableForWriteEv
 .text.__vector_18
                0x00003014       0x64 C:\Users\agva\Desktop\Suction_Pump-v1.1-\Suction_PUMP(v1.1)\ArduinoCore\Debug\libArduinoCore.a(HardwareSerial0.o)
                0x00003014                __vector_18
 .text.__vector_19
                0x00003078       0x4c C:\Users\agva\Desktop\Suction_Pump-v1.1-\Suction_PUMP(v1.1)\ArduinoCore\Debug\libArduinoCore.a(HardwareSerial0.o)
                0x00003078                __vector_19
 .text._Z17Serial0_availablev
                0x000030c4       0x14 C:\Users\agva\Desktop\Suction_Pump-v1.1-\Suction_PUMP(v1.1)\ArduinoCore\Debug\libArduinoCore.a(HardwareSerial0.o)
                0x000030c4                _Z17Serial0_availablev
 .text.startup._GLOBAL__sub_I___vector_18
                0x000030d8       0x5a C:\Users\agva\Desktop\Suction_Pump-v1.1-\Suction_PUMP(v1.1)\ArduinoCore\Debug\libArduinoCore.a(HardwareSerial0.o)
 .text.initVariant
                0x00003132        0x2 C:\Users\agva\Desktop\Suction_Pump-v1.1-\Suction_PUMP(v1.1)\ArduinoCore\Debug\libArduinoCore.a(main.o)
                0x00003132                initVariant
 .text.startup.main
                0x00003134       0x1e C:\Users\agva\Desktop\Suction_Pump-v1.1-\Suction_PUMP(v1.1)\ArduinoCore\Debug\libArduinoCore.a(main.o)
                0x00003134                main
 .text._ZN5Print5writeEPKhj
                0x00003152       0x54 C:\Users\agva\Desktop\Suction_Pump-v1.1-\Suction_PUMP(v1.1)\ArduinoCore\Debug\libArduinoCore.a(Print.o)
                0x00003152                _ZN5Print5writeEPKhj
 .text._ZN5Print5writeEPKc
                0x000031a6       0x2a C:\Users\agva\Desktop\Suction_Pump-v1.1-\Suction_PUMP(v1.1)\ArduinoCore\Debug\libArduinoCore.a(Print.o)
                0x000031a6                _ZN5Print5writeEPKc
 .text._ZN5Print5printEPKc
                0x000031d0        0x4 C:\Users\agva\Desktop\Suction_Pump-v1.1-\Suction_PUMP(v1.1)\ArduinoCore\Debug\libArduinoCore.a(Print.o)
                0x000031d0                _ZN5Print5printEPKc
 .text._ZN5Print5printEc
                0x000031d4        0xe C:\Users\agva\Desktop\Suction_Pump-v1.1-\Suction_PUMP(v1.1)\ArduinoCore\Debug\libArduinoCore.a(Print.o)
                0x000031d4                _ZN5Print5printEc
 .text._ZN5Print7printlnEv
                0x000031e2        0x8 C:\Users\agva\Desktop\Suction_Pump-v1.1-\Suction_PUMP(v1.1)\ArduinoCore\Debug\libArduinoCore.a(Print.o)
                0x000031e2                _ZN5Print7printlnEv
 .text._ZN5Print7printlnEPKc
                0x000031ea       0x24 C:\Users\agva\Desktop\Suction_Pump-v1.1-\Suction_PUMP(v1.1)\ArduinoCore\Debug\libArduinoCore.a(Print.o)
                0x000031ea                _ZN5Print7printlnEPKc
 .text._ZN5Print11printNumberEmh
                0x0000320e       0x92 C:\Users\agva\Desktop\Suction_Pump-v1.1-\Suction_PUMP(v1.1)\ArduinoCore\Debug\libArduinoCore.a(Print.o)
                0x0000320e                _ZN5Print11printNumberEmh
 .text._ZN5Print5printEmi
                0x000032a0       0x1a C:\Users\agva\Desktop\Suction_Pump-v1.1-\Suction_PUMP(v1.1)\ArduinoCore\Debug\libArduinoCore.a(Print.o)
                0x000032a0                _ZN5Print5printEmi
 .text._ZN5Print5printEji
                0x000032ba        0xc C:\Users\agva\Desktop\Suction_Pump-v1.1-\Suction_PUMP(v1.1)\ArduinoCore\Debug\libArduinoCore.a(Print.o)
                0x000032ba                _ZN5Print5printEji
 .text._ZN5Print10printFloatEdh
                0x000032c6      0x1b6 C:\Users\agva\Desktop\Suction_Pump-v1.1-\Suction_PUMP(v1.1)\ArduinoCore\Debug\libArduinoCore.a(Print.o)
                0x000032c6                _ZN5Print10printFloatEdh
 .text._ZN5Print5printEdi
                0x0000347c        0x4 C:\Users\agva\Desktop\Suction_Pump-v1.1-\Suction_PUMP(v1.1)\ArduinoCore\Debug\libArduinoCore.a(Print.o)
                0x0000347c                _ZN5Print5printEdi
 .text.__vector_16
                0x00003480       0x94 C:\Users\agva\Desktop\Suction_Pump-v1.1-\Suction_PUMP(v1.1)\ArduinoCore\Debug\libArduinoCore.a(wiring.o)
                0x00003480                __vector_16
 .text.micros   0x00003514       0x4a C:\Users\agva\Desktop\Suction_Pump-v1.1-\Suction_PUMP(v1.1)\ArduinoCore\Debug\libArduinoCore.a(wiring.o)
                0x00003514                micros
 .text.delay    0x0000355e       0x78 C:\Users\agva\Desktop\Suction_Pump-v1.1-\Suction_PUMP(v1.1)\ArduinoCore\Debug\libArduinoCore.a(wiring.o)
                0x0000355e                delay
 .text.init     0x000035d6       0x76 C:\Users\agva\Desktop\Suction_Pump-v1.1-\Suction_PUMP(v1.1)\ArduinoCore\Debug\libArduinoCore.a(wiring.o)
                0x000035d6                init
 .text._Z3maplllll
                0x0000364c       0x82 C:\Users\agva\Desktop\Suction_Pump-v1.1-\Suction_PUMP(v1.1)\ArduinoCore\Debug\libArduinoCore.a(WMath.o)
                0x0000364c                _Z3maplllll
 .text._ZNK6String14StringIfHelperEv
                0x000036ce        0x2 C:\Users\agva\Desktop\Suction_Pump-v1.1-\Suction_PUMP(v1.1)\ArduinoCore\Debug\libArduinoCore.a(WString.o)
                0x000036ce                _ZNK6String14StringIfHelperEv
 .text._ZN6StringD2Ev
                0x000036d0       0x10 C:\Users\agva\Desktop\Suction_Pump-v1.1-\Suction_PUMP(v1.1)\ArduinoCore\Debug\libArduinoCore.a(WString.o)
                0x000036d0                _ZN6StringD2Ev
                0x000036d0                _ZN6StringD1Ev
 .text._ZN6String10invalidateEv
                0x000036e0       0x24 C:\Users\agva\Desktop\Suction_Pump-v1.1-\Suction_PUMP(v1.1)\ArduinoCore\Debug\libArduinoCore.a(WString.o)
                0x000036e0                _ZN6String10invalidateEv
 .text._ZN6String12changeBufferEj
                0x00003704       0x34 C:\Users\agva\Desktop\Suction_Pump-v1.1-\Suction_PUMP(v1.1)\ArduinoCore\Debug\libArduinoCore.a(WString.o)
                0x00003704                _ZN6String12changeBufferEj
 .text._ZN6String7reserveEj
                0x00003738       0x38 C:\Users\agva\Desktop\Suction_Pump-v1.1-\Suction_PUMP(v1.1)\ArduinoCore\Debug\libArduinoCore.a(WString.o)
                0x00003738                _ZN6String7reserveEj
 .text._ZN6String4copyEPKcj
                0x00003770       0x42 C:\Users\agva\Desktop\Suction_Pump-v1.1-\Suction_PUMP(v1.1)\ArduinoCore\Debug\libArduinoCore.a(WString.o)
                0x00003770                _ZN6String4copyEPKcj
 .text._ZN6StringC2EPKc
                0x000037b2       0x2a C:\Users\agva\Desktop\Suction_Pump-v1.1-\Suction_PUMP(v1.1)\ArduinoCore\Debug\libArduinoCore.a(WString.o)
                0x000037b2                _ZN6StringC2EPKc
                0x000037b2                _ZN6StringC1EPKc
 .text._ZN6String4moveERS_
                0x000037dc       0x7a C:\Users\agva\Desktop\Suction_Pump-v1.1-\Suction_PUMP(v1.1)\ArduinoCore\Debug\libArduinoCore.a(WString.o)
                0x000037dc                _ZN6String4moveERS_
 .text._ZN6StringaSERKS_
                0x00003856       0x2e C:\Users\agva\Desktop\Suction_Pump-v1.1-\Suction_PUMP(v1.1)\ArduinoCore\Debug\libArduinoCore.a(WString.o)
                0x00003856                _ZN6StringaSERKS_
 .text._ZN6StringC2ERKS_
                0x00003884       0x12 C:\Users\agva\Desktop\Suction_Pump-v1.1-\Suction_PUMP(v1.1)\ArduinoCore\Debug\libArduinoCore.a(WString.o)
                0x00003884                _ZN6StringC2ERKS_
                0x00003884                _ZN6StringC1ERKS_
 .text._ZN6StringaSEOS_
                0x00003896       0x18 C:\Users\agva\Desktop\Suction_Pump-v1.1-\Suction_PUMP(v1.1)\ArduinoCore\Debug\libArduinoCore.a(WString.o)
                0x00003896                _ZN6StringaSEOS_
 .text._ZN6StringaSEPKc
                0x000038ae       0x2e C:\Users\agva\Desktop\Suction_Pump-v1.1-\Suction_PUMP(v1.1)\ArduinoCore\Debug\libArduinoCore.a(WString.o)
                0x000038ae                _ZN6StringaSEPKc
 .text._ZN6StringC2Efh
                0x000038dc       0x60 C:\Users\agva\Desktop\Suction_Pump-v1.1-\Suction_PUMP(v1.1)\ArduinoCore\Debug\libArduinoCore.a(WString.o)
                0x000038dc                _ZN6StringC2Efh
                0x000038dc                _ZN6StringC1Efh
 .text._ZN6StringixEj
                0x0000393c       0x24 C:\Users\agva\Desktop\Suction_Pump-v1.1-\Suction_PUMP(v1.1)\ArduinoCore\Debug\libArduinoCore.a(WString.o)
                0x0000393c                _ZN6StringixEj
 .text._ZNK6StringixEj
                0x00003960       0x22 C:\Users\agva\Desktop\Suction_Pump-v1.1-\Suction_PUMP(v1.1)\ArduinoCore\Debug\libArduinoCore.a(WString.o)
                0x00003960                _ZNK6StringixEj
 .text._ZNK6String6charAtEj
                0x00003982        0x4 C:\Users\agva\Desktop\Suction_Pump-v1.1-\Suction_PUMP(v1.1)\ArduinoCore\Debug\libArduinoCore.a(WString.o)
                0x00003982                _ZNK6String6charAtEj
 .text._ZN7AMS5812C2ER7TwoWirehNS_10TransducerE
                0x00003986      0x368 C:\Users\agva\Desktop\Suction_Pump-v1.1-\Suction_PUMP(v1.1)\ArduinoCore\Debug\libArduinoCore.a(AMS5812.o)
                0x00003986                _ZN7AMS5812C1ER7TwoWirehNS_10TransducerE
                0x00003986                _ZN7AMS5812C2ER7TwoWirehNS_10TransducerE
 .text._ZN7AMS581214getPressure_PaEv
                0x00003cee        0xc C:\Users\agva\Desktop\Suction_Pump-v1.1-\Suction_PUMP(v1.1)\ArduinoCore\Debug\libArduinoCore.a(AMS5812.o)
                0x00003cee                _ZN7AMS581214getPressure_PaEv
 .text._ZN7AMS581213getTransducerEv
                0x00003cfa      0x10e C:\Users\agva\Desktop\Suction_Pump-v1.1-\Suction_PUMP(v1.1)\ArduinoCore\Debug\libArduinoCore.a(AMS5812.o)
                0x00003cfa                _ZN7AMS581213getTransducerEv
 .text._ZN7AMS58129readBytesEPjS0_
                0x00003e08       0xc6 C:\Users\agva\Desktop\Suction_Pump-v1.1-\Suction_PUMP(v1.1)\ArduinoCore\Debug\libArduinoCore.a(AMS5812.o)
                0x00003e08                _ZN7AMS58129readBytesEPjS0_
 .text._ZN7AMS58125beginEv
                0x00003ece       0x8a C:\Users\agva\Desktop\Suction_Pump-v1.1-\Suction_PUMP(v1.1)\ArduinoCore\Debug\libArduinoCore.a(AMS5812.o)
                0x00003ece                _ZN7AMS58125beginEv
 .text._ZN7AMS581210readSensorEv
                0x00003f58      0x148 C:\Users\agva\Desktop\Suction_Pump-v1.1-\Suction_PUMP(v1.1)\ArduinoCore\Debug\libArduinoCore.a(AMS5812.o)
                0x00003f58                _ZN7AMS581210readSensorEv
 .text._ZN14TFT_22_ILI9225C2Eaaaah
                0x000040a0       0x4e C:\Users\agva\Desktop\Suction_Pump-v1.1-\Suction_PUMP(v1.1)\ArduinoCore\Debug\libArduinoCore.a(TFT_22_ILI9225.o)
                0x000040a0                _ZN14TFT_22_ILI9225C2Eaaaah
                0x000040a0                _ZN14TFT_22_ILI9225C1Eaaaah
 .text._ZN14TFT_22_ILI922518_orientCoordinatesERjS0_
                0x000040ee       0x86 C:\Users\agva\Desktop\Suction_Pump-v1.1-\Suction_PUMP(v1.1)\ArduinoCore\Debug\libArduinoCore.a(TFT_22_ILI9225.o)
                0x000040ee                _ZN14TFT_22_ILI922518_orientCoordinatesERjS0_
 .text._ZN14TFT_22_ILI922512setBacklightEb
                0x00004174       0x1e C:\Users\agva\Desktop\Suction_Pump-v1.1-\Suction_PUMP(v1.1)\ArduinoCore\Debug\libArduinoCore.a(TFT_22_ILI9225.o)
                0x00004174                _ZN14TFT_22_ILI922512setBacklightEb
 .text._ZN14TFT_22_ILI922514setOrientationEh
                0x00004192       0x32 C:\Users\agva\Desktop\Suction_Pump-v1.1-\Suction_PUMP(v1.1)\ArduinoCore\Debug\libArduinoCore.a(TFT_22_ILI9225.o)
                0x00004192                _ZN14TFT_22_ILI922514setOrientationEh
 .text._ZN14TFT_22_ILI92254maxXEv
                0x000041c4        0x8 C:\Users\agva\Desktop\Suction_Pump-v1.1-\Suction_PUMP(v1.1)\ArduinoCore\Debug\libArduinoCore.a(TFT_22_ILI9225.o)
                0x000041c4                _ZN14TFT_22_ILI92254maxXEv
 .text._ZN14TFT_22_ILI92254maxYEv
                0x000041cc        0x8 C:\Users\agva\Desktop\Suction_Pump-v1.1-\Suction_PUMP(v1.1)\ArduinoCore\Debug\libArduinoCore.a(TFT_22_ILI9225.o)
                0x000041cc                _ZN14TFT_22_ILI92254maxYEv
 .text._ZN14TFT_22_ILI922515_writeCommand16Ej
                0x000041d4       0x94 C:\Users\agva\Desktop\Suction_Pump-v1.1-\Suction_PUMP(v1.1)\ArduinoCore\Debug\libArduinoCore.a(TFT_22_ILI9225.o)
                0x000041d4                _ZN14TFT_22_ILI922515_writeCommand16Ej
 .text._ZN14TFT_22_ILI922512_writeData16Ej
                0x00004268       0x92 C:\Users\agva\Desktop\Suction_Pump-v1.1-\Suction_PUMP(v1.1)\ArduinoCore\Debug\libArduinoCore.a(TFT_22_ILI9225.o)
                0x00004268                _ZN14TFT_22_ILI922512_writeData16Ej
 .text._ZN14TFT_22_ILI922514_writeRegisterEjj
                0x000042fa       0x20 C:\Users\agva\Desktop\Suction_Pump-v1.1-\Suction_PUMP(v1.1)\ArduinoCore\Debug\libArduinoCore.a(TFT_22_ILI9225.o)
                0x000042fa                _ZN14TFT_22_ILI922514_writeRegisterEjj
 .text._ZN14TFT_22_ILI922512_resetWindowEv
                0x0000431a       0x40 C:\Users\agva\Desktop\Suction_Pump-v1.1-\Suction_PUMP(v1.1)\ArduinoCore\Debug\libArduinoCore.a(TFT_22_ILI9225.o)
                0x0000431a                _ZN14TFT_22_ILI922512_resetWindowEv
 .text._ZN14TFT_22_ILI92257setFontEPhb
                0x0000435a       0x56 C:\Users\agva\Desktop\Suction_Pump-v1.1-\Suction_PUMP(v1.1)\ArduinoCore\Debug\libArduinoCore.a(TFT_22_ILI9225.o)
                0x0000435a                _ZN14TFT_22_ILI92257setFontEPhb
 .text._ZN14TFT_22_ILI922510startWriteEv
                0x000043b0       0x7e C:\Users\agva\Desktop\Suction_Pump-v1.1-\Suction_PUMP(v1.1)\ArduinoCore\Debug\libArduinoCore.a(TFT_22_ILI9225.o)
                0x000043b0                _ZN14TFT_22_ILI922510startWriteEv
 .text._ZN14TFT_22_ILI92258endWriteEv
                0x0000442e       0x60 C:\Users\agva\Desktop\Suction_Pump-v1.1-\Suction_PUMP(v1.1)\ArduinoCore\Debug\libArduinoCore.a(TFT_22_ILI9225.o)
                0x0000442e                _ZN14TFT_22_ILI92258endWriteEv
 .text._ZN14TFT_22_ILI922510_setWindowEjjjj13autoIncMode_t
                0x0000448e      0x2f2 C:\Users\agva\Desktop\Suction_Pump-v1.1-\Suction_PUMP(v1.1)\ArduinoCore\Debug\libArduinoCore.a(TFT_22_ILI9225.o)
                0x0000448e                _ZN14TFT_22_ILI922510_setWindowEjjjj13autoIncMode_t
 .text._ZN14TFT_22_ILI922510_setWindowEjjjj
                0x00004780       0x16 C:\Users\agva\Desktop\Suction_Pump-v1.1-\Suction_PUMP(v1.1)\ArduinoCore\Debug\libArduinoCore.a(TFT_22_ILI9225.o)
                0x00004780                _ZN14TFT_22_ILI922510_setWindowEjjjj
 .text._ZN14TFT_22_ILI922513fillRectangleEjjjjj
                0x00004796       0x8c C:\Users\agva\Desktop\Suction_Pump-v1.1-\Suction_PUMP(v1.1)\ArduinoCore\Debug\libArduinoCore.a(TFT_22_ILI9225.o)
                0x00004796                _ZN14TFT_22_ILI922513fillRectangleEjjjjj
 .text._ZN14TFT_22_ILI92255clearEv
                0x00004822       0x5c C:\Users\agva\Desktop\Suction_Pump-v1.1-\Suction_PUMP(v1.1)\ArduinoCore\Debug\libArduinoCore.a(TFT_22_ILI9225.o)
                0x00004822                _ZN14TFT_22_ILI92255clearEv
 .text._ZN14TFT_22_ILI92255beginEv
                0x0000487e      0x484 C:\Users\agva\Desktop\Suction_Pump-v1.1-\Suction_PUMP(v1.1)\ArduinoCore\Debug\libArduinoCore.a(TFT_22_ILI9225.o)
                0x0000487e                _ZN14TFT_22_ILI92255beginEv
 .text._ZN14TFT_22_ILI92259drawPixelEjjj
                0x00004d02       0x9a C:\Users\agva\Desktop\Suction_Pump-v1.1-\Suction_PUMP(v1.1)\ArduinoCore\Debug\libArduinoCore.a(TFT_22_ILI9225.o)
                0x00004d02                _ZN14TFT_22_ILI92259drawPixelEjjj
 .text._ZN14TFT_22_ILI92258drawLineEjjjjj
                0x00004d9c      0x162 C:\Users\agva\Desktop\Suction_Pump-v1.1-\Suction_PUMP(v1.1)\ArduinoCore\Debug\libArduinoCore.a(TFT_22_ILI9225.o)
                0x00004d9c                _ZN14TFT_22_ILI92258drawLineEjjjjj
 .text._ZN14TFT_22_ILI922513drawRectangleEjjjjj
                0x00004efe       0x88 C:\Users\agva\Desktop\Suction_Pump-v1.1-\Suction_PUMP(v1.1)\ArduinoCore\Debug\libArduinoCore.a(TFT_22_ILI9225.o)
                0x00004efe                _ZN14TFT_22_ILI922513drawRectangleEjjjjj
 .text._ZN14TFT_22_ILI92258drawCharEjjjj
                0x00004f86      0x20c C:\Users\agva\Desktop\Suction_Pump-v1.1-\Suction_PUMP(v1.1)\ArduinoCore\Debug\libArduinoCore.a(TFT_22_ILI9225.o)
                0x00004f86                _ZN14TFT_22_ILI92258drawCharEjjjj
 .text._ZN14TFT_22_ILI92258drawTextEjj6Stringj
                0x00005192       0x74 C:\Users\agva\Desktop\Suction_Pump-v1.1-\Suction_PUMP(v1.1)\ArduinoCore\Debug\libArduinoCore.a(TFT_22_ILI9225.o)
                0x00005192                _ZN14TFT_22_ILI92258drawTextEjj6Stringj
 .text._ZN14TFT_22_ILI922510setGFXFontEPK7GFXfont
                0x00005206        0xc C:\Users\agva\Desktop\Suction_Pump-v1.1-\Suction_PUMP(v1.1)\ArduinoCore\Debug\libArduinoCore.a(TFT_22_ILI9225.o)
                0x00005206                _ZN14TFT_22_ILI922510setGFXFontEPK7GFXfont
 .text._ZN14TFT_22_ILI922511drawGFXCharEiihj
                0x00005212      0x13c C:\Users\agva\Desktop\Suction_Pump-v1.1-\Suction_PUMP(v1.1)\ArduinoCore\Debug\libArduinoCore.a(TFT_22_ILI9225.o)
                0x00005212                _ZN14TFT_22_ILI922511drawGFXCharEiihj
 .text._ZN14TFT_22_ILI922511drawGFXTextEii6Stringj
                0x0000534e       0x7e C:\Users\agva\Desktop\Suction_Pump-v1.1-\Suction_PUMP(v1.1)\ArduinoCore\Debug\libArduinoCore.a(TFT_22_ILI9225.o)
                0x0000534e                _ZN14TFT_22_ILI922511drawGFXTextEii6Stringj
 .text._ZN7TwoWire9availableEv
                0x000053cc       0x10 C:\Users\agva\Desktop\Suction_Pump-v1.1-\Suction_PUMP(v1.1)\ArduinoCore\Debug\libArduinoCore.a(Wire.o)
                0x000053cc                _ZN7TwoWire9availableEv
 .text._ZN7TwoWire4readEv
                0x000053dc       0x28 C:\Users\agva\Desktop\Suction_Pump-v1.1-\Suction_PUMP(v1.1)\ArduinoCore\Debug\libArduinoCore.a(Wire.o)
                0x000053dc                _ZN7TwoWire4readEv
 .text._ZN7TwoWire4peekEv
                0x00005404       0x1e C:\Users\agva\Desktop\Suction_Pump-v1.1-\Suction_PUMP(v1.1)\ArduinoCore\Debug\libArduinoCore.a(Wire.o)
                0x00005404                _ZN7TwoWire4peekEv
 .text._ZN7TwoWire5flushEv
                0x00005422        0x2 C:\Users\agva\Desktop\Suction_Pump-v1.1-\Suction_PUMP(v1.1)\ArduinoCore\Debug\libArduinoCore.a(Wire.o)
                0x00005422                _ZN7TwoWire5flushEv
 .text._ZN7TwoWire16onReceiveServiceEPhi
                0x00005424       0x54 C:\Users\agva\Desktop\Suction_Pump-v1.1-\Suction_PUMP(v1.1)\ArduinoCore\Debug\libArduinoCore.a(Wire.o)
                0x00005424                _ZN7TwoWire16onReceiveServiceEPhi
 .text._ZN7TwoWire16onRequestServiceEv
                0x00005478       0x18 C:\Users\agva\Desktop\Suction_Pump-v1.1-\Suction_PUMP(v1.1)\ArduinoCore\Debug\libArduinoCore.a(Wire.o)
                0x00005478                _ZN7TwoWire16onRequestServiceEv
 .text._ZN7TwoWire5writeEPKhj
                0x00005490       0x5a C:\Users\agva\Desktop\Suction_Pump-v1.1-\Suction_PUMP(v1.1)\ArduinoCore\Debug\libArduinoCore.a(Wire.o)
                0x00005490                _ZN7TwoWire5writeEPKhj
 .text._ZN7TwoWire5writeEh
                0x000054ea       0x5e C:\Users\agva\Desktop\Suction_Pump-v1.1-\Suction_PUMP(v1.1)\ArduinoCore\Debug\libArduinoCore.a(Wire.o)
                0x000054ea                _ZN7TwoWire5writeEh
 .text._ZN7TwoWireC2Ev
                0x00005548       0x20 C:\Users\agva\Desktop\Suction_Pump-v1.1-\Suction_PUMP(v1.1)\ArduinoCore\Debug\libArduinoCore.a(Wire.o)
                0x00005548                _ZN7TwoWireC1Ev
                0x00005548                _ZN7TwoWireC2Ev
 .text._ZN7TwoWire5beginEv
                0x00005568       0x24 C:\Users\agva\Desktop\Suction_Pump-v1.1-\Suction_PUMP(v1.1)\ArduinoCore\Debug\libArduinoCore.a(Wire.o)
                0x00005568                _ZN7TwoWire5beginEv
 .text._ZN7TwoWire8setClockEm
                0x0000558c        0x8 C:\Users\agva\Desktop\Suction_Pump-v1.1-\Suction_PUMP(v1.1)\ArduinoCore\Debug\libArduinoCore.a(Wire.o)
                0x0000558c                _ZN7TwoWire8setClockEm
 .text._ZN7TwoWire17beginTransmissionEh
                0x00005594       0x14 C:\Users\agva\Desktop\Suction_Pump-v1.1-\Suction_PUMP(v1.1)\ArduinoCore\Debug\libArduinoCore.a(Wire.o)
                0x00005594                _ZN7TwoWire17beginTransmissionEh
 .text._ZN7TwoWire15endTransmissionEh
                0x000055a8       0x26 C:\Users\agva\Desktop\Suction_Pump-v1.1-\Suction_PUMP(v1.1)\ArduinoCore\Debug\libArduinoCore.a(Wire.o)
                0x000055a8                _ZN7TwoWire15endTransmissionEh
 .text._ZN7TwoWire11requestFromEhhmhh
                0x000055ce       0xa8 C:\Users\agva\Desktop\Suction_Pump-v1.1-\Suction_PUMP(v1.1)\ArduinoCore\Debug\libArduinoCore.a(Wire.o)
                0x000055ce                _ZN7TwoWire11requestFromEhhmhh
 .text._ZN7TwoWire11requestFromEhhh
                0x00005676       0x20 C:\Users\agva\Desktop\Suction_Pump-v1.1-\Suction_PUMP(v1.1)\ArduinoCore\Debug\libArduinoCore.a(Wire.o)
                0x00005676                _ZN7TwoWire11requestFromEhhh
 .text._ZN7TwoWire11requestFromEhh
                0x00005696        0x6 C:\Users\agva\Desktop\Suction_Pump-v1.1-\Suction_PUMP(v1.1)\ArduinoCore\Debug\libArduinoCore.a(Wire.o)
                0x00005696                _ZN7TwoWire11requestFromEhh
 .text.startup._GLOBAL__sub_I__ZN7TwoWire8rxBufferE
                0x0000569c        0x8 C:\Users\agva\Desktop\Suction_Pump-v1.1-\Suction_PUMP(v1.1)\ArduinoCore\Debug\libArduinoCore.a(Wire.o)
 .text.__empty  0x000056a4        0x2 C:\Users\agva\Desktop\Suction_Pump-v1.1-\Suction_PUMP(v1.1)\ArduinoCore\Debug\libArduinoCore.a(hooks.o)
                0x000056a4                yield
 .text.analogWrite
                0x000056a6       0xbe C:\Users\agva\Desktop\Suction_Pump-v1.1-\Suction_PUMP(v1.1)\ArduinoCore\Debug\libArduinoCore.a(wiring_analog.o)
                0x000056a6                analogWrite
 .text.turnOffPWM
                0x00005764       0x52 C:\Users\agva\Desktop\Suction_Pump-v1.1-\Suction_PUMP(v1.1)\ArduinoCore\Debug\libArduinoCore.a(wiring_digital.o)
 .text.pinMode  0x000057b6       0x78 C:\Users\agva\Desktop\Suction_Pump-v1.1-\Suction_PUMP(v1.1)\ArduinoCore\Debug\libArduinoCore.a(wiring_digital.o)
                0x000057b6                pinMode
 .text.digitalWrite
                0x0000582e       0x5e C:\Users\agva\Desktop\Suction_Pump-v1.1-\Suction_PUMP(v1.1)\ArduinoCore\Debug\libArduinoCore.a(wiring_digital.o)
                0x0000582e                digitalWrite
 .text._ZN8SPIClass5beginEv
                0x0000588c       0x6c C:\Users\agva\Desktop\Suction_Pump-v1.1-\Suction_PUMP(v1.1)\ArduinoCore\Debug\libArduinoCore.a(SPI.o)
                0x0000588c                _ZN8SPIClass5beginEv
 .text.twi_init
                0x000058f8       0x3c C:\Users\agva\Desktop\Suction_Pump-v1.1-\Suction_PUMP(v1.1)\ArduinoCore\Debug\libArduinoCore.a(twi.o)
                0x000058f8                twi_init
 .text.twi_disable
                0x00005934       0x1a C:\Users\agva\Desktop\Suction_Pump-v1.1-\Suction_PUMP(v1.1)\ArduinoCore\Debug\libArduinoCore.a(twi.o)
                0x00005934                twi_disable
 .text.twi_setFrequency
                0x0000594e       0x28 C:\Users\agva\Desktop\Suction_Pump-v1.1-\Suction_PUMP(v1.1)\ArduinoCore\Debug\libArduinoCore.a(twi.o)
                0x0000594e                twi_setFrequency
 .text.twi_transmit
                0x00005976       0x50 C:\Users\agva\Desktop\Suction_Pump-v1.1-\Suction_PUMP(v1.1)\ArduinoCore\Debug\libArduinoCore.a(twi.o)
                0x00005976                twi_transmit
 .text.twi_attachSlaveRxEvent
                0x000059c6        0xa C:\Users\agva\Desktop\Suction_Pump-v1.1-\Suction_PUMP(v1.1)\ArduinoCore\Debug\libArduinoCore.a(twi.o)
                0x000059c6                twi_attachSlaveRxEvent
 .text.twi_attachSlaveTxEvent
                0x000059d0        0xa C:\Users\agva\Desktop\Suction_Pump-v1.1-\Suction_PUMP(v1.1)\ArduinoCore\Debug\libArduinoCore.a(twi.o)
                0x000059d0                twi_attachSlaveTxEvent
 .text.twi_releaseBus
                0x000059da        0xc C:\Users\agva\Desktop\Suction_Pump-v1.1-\Suction_PUMP(v1.1)\ArduinoCore\Debug\libArduinoCore.a(twi.o)
                0x000059da                twi_releaseBus
 .text.twi_handleTimeout
                0x000059e6       0x2c C:\Users\agva\Desktop\Suction_Pump-v1.1-\Suction_PUMP(v1.1)\ArduinoCore\Debug\libArduinoCore.a(twi.o)
                0x000059e6                twi_handleTimeout
 .text.twi_readFrom
                0x00005a12      0x1d2 C:\Users\agva\Desktop\Suction_Pump-v1.1-\Suction_PUMP(v1.1)\ArduinoCore\Debug\libArduinoCore.a(twi.o)
                0x00005a12                twi_readFrom
 .text.twi_writeTo
                0x00005be4      0x1e0 C:\Users\agva\Desktop\Suction_Pump-v1.1-\Suction_PUMP(v1.1)\ArduinoCore\Debug\libArduinoCore.a(twi.o)
                0x00005be4                twi_writeTo
 .text.twi_stop
                0x00005dc4       0x70 C:\Users\agva\Desktop\Suction_Pump-v1.1-\Suction_PUMP(v1.1)\ArduinoCore\Debug\libArduinoCore.a(twi.o)
                0x00005dc4                twi_stop
 .text.__vector_24
                0x00005e34      0x25a C:\Users\agva\Desktop\Suction_Pump-v1.1-\Suction_PUMP(v1.1)\ArduinoCore\Debug\libArduinoCore.a(twi.o)
                0x00005e34                __vector_24
 .text.avr-libc.fplib
                0x0000608e        0xa c:/program files (x86)/atmel/studio/7.0/toolchain/avr8/avr8-gnu-toolchain/bin/../lib/gcc/avr/5.4.0/../../../../avr/lib/avr5\libm.a(cmpsf2.o)
                0x0000608e                __nesf2
                0x0000608e                __eqsf2
                0x0000608e                __cmpsf2
                0x0000608e                __ltsf2
                0x0000608e                __lesf2
 .text.avr-libc.fplib
                0x00006098        0x8 c:/program files (x86)/atmel/studio/7.0/toolchain/avr8/avr8-gnu-toolchain/bin/../lib/gcc/avr/5.4.0/../../../../avr/lib/avr5\libm.a(mulsf3.o)
                0x00006098                __mulsf3
 .text.avr-libc.fplib
                0x000060a0       0xd2 c:/program files (x86)/atmel/studio/7.0/toolchain/avr8/avr8-gnu-toolchain/bin/../lib/gcc/avr/5.4.0/../../../../avr/lib/avr5\libm.a(mulsf3x.o)
                0x000060be                __mulsf3x
                0x000060c4                __mulsf3_pse
 .text.avr-libc.fplib
                0x00006172        0xa c:/program files (x86)/atmel/studio/7.0/toolchain/avr8/avr8-gnu-toolchain/bin/../lib/gcc/avr/5.4.0/../../../../avr/lib/avr5\libm.a(unordsf2.o)
                0x00006172                __unordsf2
 .text.libgcc.mul
                0x0000617c       0x20 c:/program files (x86)/atmel/studio/7.0/toolchain/avr8/avr8-gnu-toolchain/bin/../lib/gcc/avr/5.4.0/avr5\libgcc.a(_mulsi3.o)
                0x0000617c                __mulsi3
 .text.libgcc.div
                0x0000619c       0x28 c:/program files (x86)/atmel/studio/7.0/toolchain/avr8/avr8-gnu-toolchain/bin/../lib/gcc/avr/5.4.0/avr5\libgcc.a(_divmodhi4.o)
                0x0000619c                _div
                0x0000619c                __divmodhi4
 .text.libgcc.div
                0x000061c4       0x44 c:/program files (x86)/atmel/studio/7.0/toolchain/avr8/avr8-gnu-toolchain/bin/../lib/gcc/avr/5.4.0/avr5\libgcc.a(_udivmodsi4.o)
                0x000061c4                __udivmodsi4
 .text.libgcc.div
                0x00006208       0x2e c:/program files (x86)/atmel/studio/7.0/toolchain/avr8/avr8-gnu-toolchain/bin/../lib/gcc/avr/5.4.0/avr5\libgcc.a(_divmodsi4.o)
                0x00006208                __divmodsi4
 .text.libgcc.div
                0x00006236       0x10 c:/program files (x86)/atmel/studio/7.0/toolchain/avr8/avr8-gnu-toolchain/bin/../lib/gcc/avr/5.4.0/avr5\libgcc.a(_negsi2.o)
                0x00006236                __negsi2
 .text.libgcc   0x00006246        0xc c:/program files (x86)/atmel/studio/7.0/toolchain/avr8/avr8-gnu-toolchain/bin/../lib/gcc/avr/5.4.0/avr5\libgcc.a(_tablejump2.o)
                0x00006246                __tablejump2__
 .text.libgcc.mul
                0x00006252       0x16 c:/program files (x86)/atmel/studio/7.0/toolchain/avr8/avr8-gnu-toolchain/bin/../lib/gcc/avr/5.4.0/avr5\libgcc.a(_muluhisi3.o)
                0x00006252                __muluhisi3
 .text.libgcc.div
                0x00006268       0x28 c:/program files (x86)/atmel/studio/7.0/toolchain/avr8/avr8-gnu-toolchain/bin/../lib/gcc/avr/5.4.0/avr5\libgcc.a(_udivmodhi4.o)
                0x00006268                __udivmodhi4
 .text.libgcc.mul
                0x00006290       0x1e c:/program files (x86)/atmel/studio/7.0/toolchain/avr8/avr8-gnu-toolchain/bin/../lib/gcc/avr/5.4.0/avr5\libgcc.a(_umulhisi3.o)
                0x00006290                __umulhisi3
 .text.avr-libc
                0x000062ae       0x40 c:/program files (x86)/atmel/studio/7.0/toolchain/avr8/avr8-gnu-toolchain/bin/../lib/gcc/avr/5.4.0/../../../../avr/lib/avr5\libc.a(dtostrf.o)
                0x000062ae                dtostrf
 .text.avr-libc
                0x000062ee      0x242 c:/program files (x86)/atmel/studio/7.0/toolchain/avr8/avr8-gnu-toolchain/bin/../lib/gcc/avr/5.4.0/../../../../avr/lib/avr5\libc.a(malloc.o)
                0x000062ee                malloc
                0x0000641e                free
 .text.avr-libc
                0x00006530      0x18c c:/program files (x86)/atmel/studio/7.0/toolchain/avr8/avr8-gnu-toolchain/bin/../lib/gcc/avr/5.4.0/../../../../avr/lib/avr5\libc.a(realloc.o)
                0x00006530                realloc
 .text.avr-libc
                0x000066bc       0x12 c:/program files (x86)/atmel/studio/7.0/toolchain/avr8/avr8-gnu-toolchain/bin/../lib/gcc/avr/5.4.0/../../../../avr/lib/avr5\libc.a(memcpy.o)
                0x000066bc                memcpy
 .text.avr-libc
                0x000066ce        0xe c:/program files (x86)/atmel/studio/7.0/toolchain/avr8/avr8-gnu-toolchain/bin/../lib/gcc/avr/5.4.0/../../../../avr/lib/avr5\libc.a(strcpy.o)
                0x000066ce                strcpy
 .text.avr-libc
                0x000066dc       0x44 c:/program files (x86)/atmel/studio/7.0/toolchain/avr8/avr8-gnu-toolchain/bin/../lib/gcc/avr/5.4.0/../../../../avr/lib/avr5\libc.a(sprintf.o)
                0x000066dc                sprintf
 .text.avr-libc
                0x00006720      0x3c2 c:/program files (x86)/atmel/studio/7.0/toolchain/avr8/avr8-gnu-toolchain/bin/../lib/gcc/avr/5.4.0/../../../../avr/lib/avr5\libc.a(vfprintf_std.o)
                0x00006720                vfprintf
 .text.avr-libc
                0x00006ae2      0x2b4 c:/program files (x86)/atmel/studio/7.0/toolchain/avr8/avr8-gnu-toolchain/bin/../lib/gcc/avr/5.4.0/../../../../avr/lib/avr5\libc.a(dtoa_prf.o)
                0x00006ae2                dtoa_prf
 .text.avr-libc
                0x00006d96      0x1b0 c:/program files (x86)/atmel/studio/7.0/toolchain/avr8/avr8-gnu-toolchain/bin/../lib/gcc/avr/5.4.0/../../../../avr/lib/avr5\libc.a(ftoa_engine.o)
                0x00006d96                __ftoa_engine
 .text.avr-libc
                0x00006f46       0x16 c:/program files (x86)/atmel/studio/7.0/toolchain/avr8/avr8-gnu-toolchain/bin/../lib/gcc/avr/5.4.0/../../../../avr/lib/avr5\libc.a(strnlen_P.o)
                0x00006f46                strnlen_P
 .text.avr-libc
                0x00006f5c       0x16 c:/program files (x86)/atmel/studio/7.0/toolchain/avr8/avr8-gnu-toolchain/bin/../lib/gcc/avr/5.4.0/../../../../avr/lib/avr5\libc.a(strnlen.o)
                0x00006f5c                strnlen
 .text.avr-libc
                0x00006f72       0x78 c:/program files (x86)/atmel/studio/7.0/toolchain/avr8/avr8-gnu-toolchain/bin/../lib/gcc/avr/5.4.0/../../../../avr/lib/avr5\libc.a(fputc.o)
                0x00006f72                fputc
 .text.avr-libc
                0x00006fea       0xbc c:/program files (x86)/atmel/studio/7.0/toolchain/avr8/avr8-gnu-toolchain/bin/../lib/gcc/avr/5.4.0/../../../../avr/lib/avr5\libc.a(ultoa_invert.o)
                0x00006fea                __ultoa_invert
 .text.libgcc.prologue
                0x000070a6       0x38 c:/program files (x86)/atmel/studio/7.0/toolchain/avr8/avr8-gnu-toolchain/bin/../lib/gcc/avr/5.4.0/avr5\libgcc.a(_prologue.o)
                0x000070a6                __prologue_saves__
 .text.libgcc.prologue
                0x000070de       0x36 c:/program files (x86)/atmel/studio/7.0/toolchain/avr8/avr8-gnu-toolchain/bin/../lib/gcc/avr/5.4.0/avr5\libgcc.a(_epilogue.o)
                0x000070de                __epilogue_restores__
                0x00007114                . = ALIGN (0x2)
 *(.fini9)
 .fini9         0x00007114        0x0 c:/program files (x86)/atmel/studio/7.0/toolchain/avr8/avr8-gnu-toolchain/bin/../lib/gcc/avr/5.4.0/avr5\libgcc.a(_exit.o)
                0x00007114                _exit
                0x00007114                exit
 *(.fini9)
 *(.fini8)
 *(.fini8)
 *(.fini7)
 *(.fini7)
 *(.fini6)
 .fini6         0x00007114       0x16 c:/program files (x86)/atmel/studio/7.0/toolchain/avr8/avr8-gnu-toolchain/bin/../lib/gcc/avr/5.4.0/avr5\libgcc.a(_dtors.o)
                0x00007114                __do_global_dtors
 *(.fini6)
 *(.fini5)
 *(.fini5)
 *(.fini4)
 *(.fini4)
 *(.fini3)
 *(.fini3)
 *(.fini2)
 *(.fini2)
 *(.fini1)
 *(.fini1)
 *(.fini0)
 .fini0         0x0000712a        0x4 c:/program files (x86)/atmel/studio/7.0/toolchain/avr8/avr8-gnu-toolchain/bin/../lib/gcc/avr/5.4.0/avr5\libgcc.a(_exit.o)
 *(.fini0)
                0x0000712e                _etext = .

.data           0x00800100      0x13e load address 0x0000712e
                0x00800100                PROVIDE (__data_start, .)
 *(.data)
 .data          0x00800100        0x6 c:/program files (x86)/atmel/studio/7.0/toolchain/avr8/avr8-gnu-toolchain/bin/../lib/gcc/avr/5.4.0/../../../../avr/lib/avr5\libc.a(malloc.o)
                0x00800100                __malloc_heap_end
                0x00800102                __malloc_heap_start
                0x00800104                __malloc_margin
 *(.data*)
 *(.gnu.linkonce.d*)
 *(.rodata)
 .rodata        0x00800106       0x18 C:\Users\agva\Desktop\Suction_Pump-v1.1-\Suction_PUMP(v1.1)\ArduinoCore\Debug\libArduinoCore.a(TFT_22_ILI9225.o)
 *(.rodata*)
 .rodata.str1.1
                0x0080011e       0x71 main.o
                                 0x76 (size before relaxing)
 .rodata._ZTV14HardwareSerial
                0x0080018f       0x12 C:\Users\agva\Desktop\Suction_Pump-v1.1-\Suction_PUMP(v1.1)\ArduinoCore\Debug\libArduinoCore.a(HardwareSerial.o)
                0x0080018f                _ZTV14HardwareSerial
 .rodata.str1.1
                0x008001a1        0xf C:\Users\agva\Desktop\Suction_Pump-v1.1-\Suction_PUMP(v1.1)\ArduinoCore\Debug\libArduinoCore.a(Print.o)
 .rodata.str1.1
                0x008001b0       0x7b C:\Users\agva\Desktop\Suction_Pump-v1.1-\Suction_PUMP(v1.1)\ArduinoCore\Debug\libArduinoCore.a(TFT_22_ILI9225.o)
 .rodata._ZTV7TwoWire
                0x0080022b       0x12 C:\Users\agva\Desktop\Suction_Pump-v1.1-\Suction_PUMP(v1.1)\ArduinoCore\Debug\libArduinoCore.a(Wire.o)
                0x0080022b                _ZTV7TwoWire
 *(.gnu.linkonce.r*)
                0x0080023e                . = ALIGN (0x2)
 *fill*         0x0080023d        0x1 
                0x0080023e                _edata = .
                0x0080023e                PROVIDE (__data_end, .)

.bss            0x0080023e      0x2c0
                0x0080023e                PROVIDE (__bss_start, .)
 *(.bss)
 *(.bss*)
 .bss.dPress    0x0080023e       0xea main.o
                0x0080023e                dPress
 .bss.tft       0x00800328       0x44 main.o
                0x00800328                tft
 .bss.third_digit
                0x0080036c        0x1 main.o
                0x0080036c                third_digit
 .bss.second_digit
                0x0080036d        0x1 main.o
                0x0080036d                second_digit
 .bss.first_digit
                0x0080036e        0x1 main.o
                0x0080036e                first_digit
 .bss.stringTwo
                0x0080036f        0x6 main.o
                0x0080036f                stringTwo
 .bss.Current_Area
                0x00800375        0x2 main.o
                0x00800375                Current_Area
 .bss.Previous_Area
                0x00800377        0x2 main.o
                0x00800377                Previous_Area
 .bss.Current_Pressure
                0x00800379        0x4 main.o
                0x00800379                Current_Pressure
 .bss.Previous_Pressure
                0x0080037d        0x4 main.o
                0x0080037d                Previous_Pressure
 .bss.pressure  0x00800381        0x4 main.o
                0x00800381                pressure
 .bss.Serial    0x00800385       0x9d C:\Users\agva\Desktop\Suction_Pump-v1.1-\Suction_PUMP(v1.1)\ArduinoCore\Debug\libArduinoCore.a(HardwareSerial0.o)
                0x00800385                Serial
 .bss.timer0_fract
                0x00800422        0x1 C:\Users\agva\Desktop\Suction_Pump-v1.1-\Suction_PUMP(v1.1)\ArduinoCore\Debug\libArduinoCore.a(wiring.o)
 .bss.timer0_millis
                0x00800423        0x4 C:\Users\agva\Desktop\Suction_Pump-v1.1-\Suction_PUMP(v1.1)\ArduinoCore\Debug\libArduinoCore.a(wiring.o)
                0x00800423                timer0_millis
 .bss.timer0_overflow_count
                0x00800427        0x4 C:\Users\agva\Desktop\Suction_Pump-v1.1-\Suction_PUMP(v1.1)\ArduinoCore\Debug\libArduinoCore.a(wiring.o)
                0x00800427                timer0_overflow_count
 .bss._ZZN6StringixEjE19dummy_writable_char
                0x0080042b        0x1 C:\Users\agva\Desktop\Suction_Pump-v1.1-\Suction_PUMP(v1.1)\ArduinoCore\Debug\libArduinoCore.a(WString.o)
 .bss.Wire      0x0080042c        0xc C:\Users\agva\Desktop\Suction_Pump-v1.1-\Suction_PUMP(v1.1)\ArduinoCore\Debug\libArduinoCore.a(Wire.o)
                0x0080042c                Wire
 .bss._ZN7TwoWire14user_onReceiveE
                0x00800438        0x2 C:\Users\agva\Desktop\Suction_Pump-v1.1-\Suction_PUMP(v1.1)\ArduinoCore\Debug\libArduinoCore.a(Wire.o)
                0x00800438                _ZN7TwoWire14user_onReceiveE
 .bss._ZN7TwoWire14user_onRequestE
                0x0080043a        0x2 C:\Users\agva\Desktop\Suction_Pump-v1.1-\Suction_PUMP(v1.1)\ArduinoCore\Debug\libArduinoCore.a(Wire.o)
                0x0080043a                _ZN7TwoWire14user_onRequestE
 .bss._ZN7TwoWire12transmittingE
                0x0080043c        0x1 C:\Users\agva\Desktop\Suction_Pump-v1.1-\Suction_PUMP(v1.1)\ArduinoCore\Debug\libArduinoCore.a(Wire.o)
                0x0080043c                _ZN7TwoWire12transmittingE
 .bss._ZN7TwoWire14txBufferLengthE
                0x0080043d        0x1 C:\Users\agva\Desktop\Suction_Pump-v1.1-\Suction_PUMP(v1.1)\ArduinoCore\Debug\libArduinoCore.a(Wire.o)
                0x0080043d                _ZN7TwoWire14txBufferLengthE
 .bss._ZN7TwoWire13txBufferIndexE
                0x0080043e        0x1 C:\Users\agva\Desktop\Suction_Pump-v1.1-\Suction_PUMP(v1.1)\ArduinoCore\Debug\libArduinoCore.a(Wire.o)
                0x0080043e                _ZN7TwoWire13txBufferIndexE
 .bss._ZN7TwoWire8txBufferE
                0x0080043f       0x20 C:\Users\agva\Desktop\Suction_Pump-v1.1-\Suction_PUMP(v1.1)\ArduinoCore\Debug\libArduinoCore.a(Wire.o)
                0x0080043f                _ZN7TwoWire8txBufferE
 .bss._ZN7TwoWire9txAddressE
                0x0080045f        0x1 C:\Users\agva\Desktop\Suction_Pump-v1.1-\Suction_PUMP(v1.1)\ArduinoCore\Debug\libArduinoCore.a(Wire.o)
                0x0080045f                _ZN7TwoWire9txAddressE
 .bss._ZN7TwoWire14rxBufferLengthE
                0x00800460        0x1 C:\Users\agva\Desktop\Suction_Pump-v1.1-\Suction_PUMP(v1.1)\ArduinoCore\Debug\libArduinoCore.a(Wire.o)
                0x00800460                _ZN7TwoWire14rxBufferLengthE
 .bss._ZN7TwoWire13rxBufferIndexE
                0x00800461        0x1 C:\Users\agva\Desktop\Suction_Pump-v1.1-\Suction_PUMP(v1.1)\ArduinoCore\Debug\libArduinoCore.a(Wire.o)
                0x00800461                _ZN7TwoWire13rxBufferIndexE
 .bss._ZN7TwoWire8rxBufferE
                0x00800462       0x20 C:\Users\agva\Desktop\Suction_Pump-v1.1-\Suction_PUMP(v1.1)\ArduinoCore\Debug\libArduinoCore.a(Wire.o)
                0x00800462                _ZN7TwoWire8rxBufferE
 .bss._ZN8SPIClass13interruptSaveE
                0x00800482        0x1 C:\Users\agva\Desktop\Suction_Pump-v1.1-\Suction_PUMP(v1.1)\ArduinoCore\Debug\libArduinoCore.a(SPI.o)
                0x00800482                _ZN8SPIClass13interruptSaveE
 .bss._ZN8SPIClass13interruptMaskE
                0x00800483        0x1 C:\Users\agva\Desktop\Suction_Pump-v1.1-\Suction_PUMP(v1.1)\ArduinoCore\Debug\libArduinoCore.a(SPI.o)
                0x00800483                _ZN8SPIClass13interruptMaskE
 .bss._ZN8SPIClass13interruptModeE
                0x00800484        0x1 C:\Users\agva\Desktop\Suction_Pump-v1.1-\Suction_PUMP(v1.1)\ArduinoCore\Debug\libArduinoCore.a(SPI.o)
                0x00800484                _ZN8SPIClass13interruptModeE
 .bss._ZN8SPIClass11initializedE
                0x00800485        0x1 C:\Users\agva\Desktop\Suction_Pump-v1.1-\Suction_PUMP(v1.1)\ArduinoCore\Debug\libArduinoCore.a(SPI.o)
                0x00800485                _ZN8SPIClass11initializedE
 .bss.twi_error
                0x00800486        0x1 C:\Users\agva\Desktop\Suction_Pump-v1.1-\Suction_PUMP(v1.1)\ArduinoCore\Debug\libArduinoCore.a(twi.o)
 .bss.twi_rxBufferIndex
                0x00800487        0x1 C:\Users\agva\Desktop\Suction_Pump-v1.1-\Suction_PUMP(v1.1)\ArduinoCore\Debug\libArduinoCore.a(twi.o)
 .bss.twi_rxBuffer
                0x00800488       0x20 C:\Users\agva\Desktop\Suction_Pump-v1.1-\Suction_PUMP(v1.1)\ArduinoCore\Debug\libArduinoCore.a(twi.o)
 .bss.twi_txBufferLength
                0x008004a8        0x1 C:\Users\agva\Desktop\Suction_Pump-v1.1-\Suction_PUMP(v1.1)\ArduinoCore\Debug\libArduinoCore.a(twi.o)
 .bss.twi_txBufferIndex
                0x008004a9        0x1 C:\Users\agva\Desktop\Suction_Pump-v1.1-\Suction_PUMP(v1.1)\ArduinoCore\Debug\libArduinoCore.a(twi.o)
 .bss.twi_txBuffer
                0x008004aa       0x20 C:\Users\agva\Desktop\Suction_Pump-v1.1-\Suction_PUMP(v1.1)\ArduinoCore\Debug\libArduinoCore.a(twi.o)
 .bss.twi_masterBufferLength
                0x008004ca        0x1 C:\Users\agva\Desktop\Suction_Pump-v1.1-\Suction_PUMP(v1.1)\ArduinoCore\Debug\libArduinoCore.a(twi.o)
 .bss.twi_masterBufferIndex
                0x008004cb        0x1 C:\Users\agva\Desktop\Suction_Pump-v1.1-\Suction_PUMP(v1.1)\ArduinoCore\Debug\libArduinoCore.a(twi.o)
 .bss.twi_masterBuffer
                0x008004cc       0x20 C:\Users\agva\Desktop\Suction_Pump-v1.1-\Suction_PUMP(v1.1)\ArduinoCore\Debug\libArduinoCore.a(twi.o)
 .bss.twi_onSlaveReceive
                0x008004ec        0x2 C:\Users\agva\Desktop\Suction_Pump-v1.1-\Suction_PUMP(v1.1)\ArduinoCore\Debug\libArduinoCore.a(twi.o)
 .bss.twi_onSlaveTransmit
                0x008004ee        0x2 C:\Users\agva\Desktop\Suction_Pump-v1.1-\Suction_PUMP(v1.1)\ArduinoCore\Debug\libArduinoCore.a(twi.o)
 .bss.twi_do_reset_on_timeout
                0x008004f0        0x1 C:\Users\agva\Desktop\Suction_Pump-v1.1-\Suction_PUMP(v1.1)\ArduinoCore\Debug\libArduinoCore.a(twi.o)
 .bss.twi_timed_out_flag
                0x008004f1        0x1 C:\Users\agva\Desktop\Suction_Pump-v1.1-\Suction_PUMP(v1.1)\ArduinoCore\Debug\libArduinoCore.a(twi.o)
 .bss.twi_timeout_us
                0x008004f2        0x4 C:\Users\agva\Desktop\Suction_Pump-v1.1-\Suction_PUMP(v1.1)\ArduinoCore\Debug\libArduinoCore.a(twi.o)
 .bss.twi_inRepStart
                0x008004f6        0x1 C:\Users\agva\Desktop\Suction_Pump-v1.1-\Suction_PUMP(v1.1)\ArduinoCore\Debug\libArduinoCore.a(twi.o)
 .bss.twi_sendStop
                0x008004f7        0x1 C:\Users\agva\Desktop\Suction_Pump-v1.1-\Suction_PUMP(v1.1)\ArduinoCore\Debug\libArduinoCore.a(twi.o)
 .bss.twi_slarw
                0x008004f8        0x1 C:\Users\agva\Desktop\Suction_Pump-v1.1-\Suction_PUMP(v1.1)\ArduinoCore\Debug\libArduinoCore.a(twi.o)
 .bss.twi_state
                0x008004f9        0x1 C:\Users\agva\Desktop\Suction_Pump-v1.1-\Suction_PUMP(v1.1)\ArduinoCore\Debug\libArduinoCore.a(twi.o)
 *(COMMON)
 COMMON         0x008004fa        0x4 c:/program files (x86)/atmel/studio/7.0/toolchain/avr8/avr8-gnu-toolchain/bin/../lib/gcc/avr/5.4.0/../../../../avr/lib/avr5\libc.a(malloc.o)
                0x008004fa                __brkval
                0x008004fc                __flp
                0x008004fe                PROVIDE (__bss_end, .)
                0x0000712e                __data_load_start = LOADADDR (.data)
                0x0000726c                __data_load_end = (__data_load_start + SIZEOF (.data))

.noinit         0x008004fe        0x0
                [!provide]                PROVIDE (__noinit_start, .)
 *(.noinit*)
                [!provide]                PROVIDE (__noinit_end, .)
                0x008004fe                _end = .
                0x008004fe                PROVIDE (__heap_start, .)

.eeprom         0x00810000        0x0
 *(.eeprom*)
                0x00810000                __eeprom_end = .

.fuse
 *(.fuse)
 *(.lfuse)
 *(.hfuse)
 *(.efuse)

.lock
 *(.lock*)

.signature
 *(.signature*)

.user_signatures
 *(.user_signatures*)

.stab
 *(.stab)

.stabstr
 *(.stabstr)

.stab.excl
 *(.stab.excl)

.stab.exclstr
 *(.stab.exclstr)

.stab.index
 *(.stab.index)

.stab.indexstr
 *(.stab.indexstr)

.comment        0x00000000       0x5c
 *(.comment)
 .comment       0x00000000       0x30 main.o
                                 0x31 (size before relaxing)
 .comment       0x00000030       0x31 C:\Users\agva\Desktop\Suction_Pump-v1.1-\Suction_PUMP(v1.1)\ArduinoCore\Debug\libArduinoCore.a(HardwareSerial.o)
 .comment       0x00000030       0x31 C:\Users\agva\Desktop\Suction_Pump-v1.1-\Suction_PUMP(v1.1)\ArduinoCore\Debug\libArduinoCore.a(HardwareSerial0.o)
 .comment       0x00000030       0x31 C:\Users\agva\Desktop\Suction_Pump-v1.1-\Suction_PUMP(v1.1)\ArduinoCore\Debug\libArduinoCore.a(main.o)
 .comment       0x00000030       0x31 C:\Users\agva\Desktop\Suction_Pump-v1.1-\Suction_PUMP(v1.1)\ArduinoCore\Debug\libArduinoCore.a(Print.o)
 .comment       0x00000030       0x31 C:\Users\agva\Desktop\Suction_Pump-v1.1-\Suction_PUMP(v1.1)\ArduinoCore\Debug\libArduinoCore.a(wiring.o)
 .comment       0x00000030       0x31 C:\Users\agva\Desktop\Suction_Pump-v1.1-\Suction_PUMP(v1.1)\ArduinoCore\Debug\libArduinoCore.a(WMath.o)
 .comment       0x00000030       0x31 C:\Users\agva\Desktop\Suction_Pump-v1.1-\Suction_PUMP(v1.1)\ArduinoCore\Debug\libArduinoCore.a(WString.o)
 .comment       0x00000030       0x31 C:\Users\agva\Desktop\Suction_Pump-v1.1-\Suction_PUMP(v1.1)\ArduinoCore\Debug\libArduinoCore.a(AMS5812.o)
 .comment       0x00000030       0x31 C:\Users\agva\Desktop\Suction_Pump-v1.1-\Suction_PUMP(v1.1)\ArduinoCore\Debug\libArduinoCore.a(DefaultFonts.o)
 .comment       0x00000030       0x31 C:\Users\agva\Desktop\Suction_Pump-v1.1-\Suction_PUMP(v1.1)\ArduinoCore\Debug\libArduinoCore.a(TFT_22_ILI9225.o)
 .comment       0x00000030       0x31 C:\Users\agva\Desktop\Suction_Pump-v1.1-\Suction_PUMP(v1.1)\ArduinoCore\Debug\libArduinoCore.a(Wire.o)
 .comment       0x00000030       0x31 C:\Users\agva\Desktop\Suction_Pump-v1.1-\Suction_PUMP(v1.1)\ArduinoCore\Debug\libArduinoCore.a(hooks.o)
 .comment       0x00000030       0x31 C:\Users\agva\Desktop\Suction_Pump-v1.1-\Suction_PUMP(v1.1)\ArduinoCore\Debug\libArduinoCore.a(wiring_analog.o)
 .comment       0x00000030       0x31 C:\Users\agva\Desktop\Suction_Pump-v1.1-\Suction_PUMP(v1.1)\ArduinoCore\Debug\libArduinoCore.a(wiring_digital.o)
 .comment       0x00000030       0x31 C:\Users\agva\Desktop\Suction_Pump-v1.1-\Suction_PUMP(v1.1)\ArduinoCore\Debug\libArduinoCore.a(SPI.o)
 .comment       0x00000030       0x31 C:\Users\agva\Desktop\Suction_Pump-v1.1-\Suction_PUMP(v1.1)\ArduinoCore\Debug\libArduinoCore.a(twi.o)
 .comment       0x00000030       0x31 c:/program files (x86)/atmel/studio/7.0/toolchain/avr8/avr8-gnu-toolchain/bin/../lib/gcc/avr/5.4.0/../../../../avr/lib/avr5\libc.a(dtostrf.o)
 .comment       0x00000030       0x31 c:/program files (x86)/atmel/studio/7.0/toolchain/avr8/avr8-gnu-toolchain/bin/../lib/gcc/avr/5.4.0/../../../../avr/lib/avr5\libc.a(malloc.o)
 .comment       0x00000030       0x31 c:/program files (x86)/atmel/studio/7.0/toolchain/avr8/avr8-gnu-toolchain/bin/../lib/gcc/avr/5.4.0/../../../../avr/lib/avr5\libc.a(realloc.o)
 .comment       0x00000030       0x31 c:/program files (x86)/atmel/studio/7.0/toolchain/avr8/avr8-gnu-toolchain/bin/../lib/gcc/avr/5.4.0/../../../../avr/lib/avr5\libc.a(sprintf.o)
 .comment       0x00000030       0x2c c:/program files (x86)/atmel/studio/7.0/toolchain/avr8/avr8-gnu-toolchain/bin/../lib/gcc/avr/5.4.0/../../../../avr/lib/avr5\libc.a(vfprintf_std.o)
                                 0x2d (size before relaxing)
 .comment       0x0000005c       0x31 c:/program files (x86)/atmel/studio/7.0/toolchain/avr8/avr8-gnu-toolchain/bin/../lib/gcc/avr/5.4.0/../../../../avr/lib/avr5\libc.a(dtoa_prf.o)
 .comment       0x0000005c       0x31 c:/program files (x86)/atmel/studio/7.0/toolchain/avr8/avr8-gnu-toolchain/bin/../lib/gcc/avr/5.4.0/../../../../avr/lib/avr5\libc.a(fputc.o)

.note.gnu.avr.deviceinfo
                0x00000000       0x40
 .note.gnu.avr.deviceinfo
                0x00000000       0x40 C:/Program Files (x86)/Atmel/Studio/7.0/Packs/atmel/ATmega_DFP/1.6.364/gcc/dev/atmega328p/avr5/crtatmega328p.o

.note.gnu.build-id
 *(.note.gnu.build-id)

.debug
 *(.debug)

.line
 *(.line)

.debug_srcinfo
 *(.debug_srcinfo)

.debug_sfnames
 *(.debug_sfnames)

.debug_aranges  0x00000000      0xa40
 *(.debug_aranges)
 .debug_aranges
                0x00000000       0x58 main.o
 .debug_aranges
                0x00000058       0x68 C:\Users\agva\Desktop\Suction_Pump-v1.1-\Suction_PUMP(v1.1)\ArduinoCore\Debug\libArduinoCore.a(HardwareSerial.o)
 .debug_aranges
                0x000000c0       0x48 C:\Users\agva\Desktop\Suction_Pump-v1.1-\Suction_PUMP(v1.1)\ArduinoCore\Debug\libArduinoCore.a(HardwareSerial0.o)
 .debug_aranges
                0x00000108       0x30 C:\Users\agva\Desktop\Suction_Pump-v1.1-\Suction_PUMP(v1.1)\ArduinoCore\Debug\libArduinoCore.a(main.o)
 .debug_aranges
                0x00000138      0x100 C:\Users\agva\Desktop\Suction_Pump-v1.1-\Suction_PUMP(v1.1)\ArduinoCore\Debug\libArduinoCore.a(Print.o)
 .debug_aranges
                0x00000238       0x48 C:\Users\agva\Desktop\Suction_Pump-v1.1-\Suction_PUMP(v1.1)\ArduinoCore\Debug\libArduinoCore.a(wiring.o)
 .debug_aranges
                0x00000280       0x48 C:\Users\agva\Desktop\Suction_Pump-v1.1-\Suction_PUMP(v1.1)\ArduinoCore\Debug\libArduinoCore.a(WMath.o)
 .debug_aranges
                0x000002c8      0x2b8 C:\Users\agva\Desktop\Suction_Pump-v1.1-\Suction_PUMP(v1.1)\ArduinoCore\Debug\libArduinoCore.a(WString.o)
 .debug_aranges
                0x00000580       0x50 C:\Users\agva\Desktop\Suction_Pump-v1.1-\Suction_PUMP(v1.1)\ArduinoCore\Debug\libArduinoCore.a(AMS5812.o)
 .debug_aranges
                0x000005d0       0x18 C:\Users\agva\Desktop\Suction_Pump-v1.1-\Suction_PUMP(v1.1)\ArduinoCore\Debug\libArduinoCore.a(DefaultFonts.o)
 .debug_aranges
                0x000005e8      0x1f0 C:\Users\agva\Desktop\Suction_Pump-v1.1-\Suction_PUMP(v1.1)\ArduinoCore\Debug\libArduinoCore.a(TFT_22_ILI9225.o)
 .debug_aranges
                0x000007d8      0x110 C:\Users\agva\Desktop\Suction_Pump-v1.1-\Suction_PUMP(v1.1)\ArduinoCore\Debug\libArduinoCore.a(Wire.o)
 .debug_aranges
                0x000008e8       0x20 C:\Users\agva\Desktop\Suction_Pump-v1.1-\Suction_PUMP(v1.1)\ArduinoCore\Debug\libArduinoCore.a(hooks.o)
 .debug_aranges
                0x00000908       0x30 C:\Users\agva\Desktop\Suction_Pump-v1.1-\Suction_PUMP(v1.1)\ArduinoCore\Debug\libArduinoCore.a(wiring_analog.o)
 .debug_aranges
                0x00000938       0x38 C:\Users\agva\Desktop\Suction_Pump-v1.1-\Suction_PUMP(v1.1)\ArduinoCore\Debug\libArduinoCore.a(wiring_digital.o)
 .debug_aranges
                0x00000970       0x38 C:\Users\agva\Desktop\Suction_Pump-v1.1-\Suction_PUMP(v1.1)\ArduinoCore\Debug\libArduinoCore.a(SPI.o)
 .debug_aranges
                0x000009a8       0x98 C:\Users\agva\Desktop\Suction_Pump-v1.1-\Suction_PUMP(v1.1)\ArduinoCore\Debug\libArduinoCore.a(twi.o)

.debug_pubnames
 *(.debug_pubnames)

.debug_info     0x00000000    0x1ad34
 *(.debug_info .gnu.linkonce.wi.*)
 .debug_info    0x00000000      0x5f4 C:/Program Files (x86)/Atmel/Studio/7.0/Packs/atmel/ATmega_DFP/1.6.364/gcc/dev/atmega328p/avr5/crtatmega328p.o
 .debug_info    0x000005f4     0x3f71 main.o
 .debug_info    0x00004565     0x1f64 C:\Users\agva\Desktop\Suction_Pump-v1.1-\Suction_PUMP(v1.1)\ArduinoCore\Debug\libArduinoCore.a(HardwareSerial.o)
 .debug_info    0x000064c9     0x1b16 C:\Users\agva\Desktop\Suction_Pump-v1.1-\Suction_PUMP(v1.1)\ArduinoCore\Debug\libArduinoCore.a(HardwareSerial0.o)
 .debug_info    0x00007fdf      0x237 C:\Users\agva\Desktop\Suction_Pump-v1.1-\Suction_PUMP(v1.1)\ArduinoCore\Debug\libArduinoCore.a(main.o)
 .debug_info    0x00008216     0x28ff C:\Users\agva\Desktop\Suction_Pump-v1.1-\Suction_PUMP(v1.1)\ArduinoCore\Debug\libArduinoCore.a(Print.o)
 .debug_info    0x0000ab15      0x2cb C:\Users\agva\Desktop\Suction_Pump-v1.1-\Suction_PUMP(v1.1)\ArduinoCore\Debug\libArduinoCore.a(wiring.o)
 .debug_info    0x0000ade0      0x230 C:\Users\agva\Desktop\Suction_Pump-v1.1-\Suction_PUMP(v1.1)\ArduinoCore\Debug\libArduinoCore.a(WMath.o)
 .debug_info    0x0000b010     0x4338 C:\Users\agva\Desktop\Suction_Pump-v1.1-\Suction_PUMP(v1.1)\ArduinoCore\Debug\libArduinoCore.a(WString.o)
 .debug_info    0x0000f348      0xa6a C:\Users\agva\Desktop\Suction_Pump-v1.1-\Suction_PUMP(v1.1)\ArduinoCore\Debug\libArduinoCore.a(AMS5812.o)
 .debug_info    0x0000fdb2      0x10e C:\Users\agva\Desktop\Suction_Pump-v1.1-\Suction_PUMP(v1.1)\ArduinoCore\Debug\libArduinoCore.a(DefaultFonts.o)
 .debug_info    0x0000fec0     0x6d74 C:\Users\agva\Desktop\Suction_Pump-v1.1-\Suction_PUMP(v1.1)\ArduinoCore\Debug\libArduinoCore.a(TFT_22_ILI9225.o)
 .debug_info    0x00016c34     0x2910 C:\Users\agva\Desktop\Suction_Pump-v1.1-\Suction_PUMP(v1.1)\ArduinoCore\Debug\libArduinoCore.a(Wire.o)
 .debug_info    0x00019544       0x3e C:\Users\agva\Desktop\Suction_Pump-v1.1-\Suction_PUMP(v1.1)\ArduinoCore\Debug\libArduinoCore.a(hooks.o)
 .debug_info    0x00019582      0x26d C:\Users\agva\Desktop\Suction_Pump-v1.1-\Suction_PUMP(v1.1)\ArduinoCore\Debug\libArduinoCore.a(wiring_analog.o)
 .debug_info    0x000197ef      0x5fe C:\Users\agva\Desktop\Suction_Pump-v1.1-\Suction_PUMP(v1.1)\ArduinoCore\Debug\libArduinoCore.a(wiring_digital.o)
 .debug_info    0x00019ded      0x66b C:\Users\agva\Desktop\Suction_Pump-v1.1-\Suction_PUMP(v1.1)\ArduinoCore\Debug\libArduinoCore.a(SPI.o)
 .debug_info    0x0001a458      0x8dc C:\Users\agva\Desktop\Suction_Pump-v1.1-\Suction_PUMP(v1.1)\ArduinoCore\Debug\libArduinoCore.a(twi.o)

.debug_abbrev   0x00000000     0x36fc
 *(.debug_abbrev)
 .debug_abbrev  0x00000000      0x5a2 C:/Program Files (x86)/Atmel/Studio/7.0/Packs/atmel/ATmega_DFP/1.6.364/gcc/dev/atmega328p/avr5/crtatmega328p.o
 .debug_abbrev  0x000005a2      0x508 main.o
 .debug_abbrev  0x00000aaa      0x4b7 C:\Users\agva\Desktop\Suction_Pump-v1.1-\Suction_PUMP(v1.1)\ArduinoCore\Debug\libArduinoCore.a(HardwareSerial.o)
 .debug_abbrev  0x00000f61      0x3ce C:\Users\agva\Desktop\Suction_Pump-v1.1-\Suction_PUMP(v1.1)\ArduinoCore\Debug\libArduinoCore.a(HardwareSerial0.o)
 .debug_abbrev  0x0000132f      0x12d C:\Users\agva\Desktop\Suction_Pump-v1.1-\Suction_PUMP(v1.1)\ArduinoCore\Debug\libArduinoCore.a(main.o)
 .debug_abbrev  0x0000145c      0x47a C:\Users\agva\Desktop\Suction_Pump-v1.1-\Suction_PUMP(v1.1)\ArduinoCore\Debug\libArduinoCore.a(Print.o)
 .debug_abbrev  0x000018d6      0x146 C:\Users\agva\Desktop\Suction_Pump-v1.1-\Suction_PUMP(v1.1)\ArduinoCore\Debug\libArduinoCore.a(wiring.o)
 .debug_abbrev  0x00001a1c      0x12b C:\Users\agva\Desktop\Suction_Pump-v1.1-\Suction_PUMP(v1.1)\ArduinoCore\Debug\libArduinoCore.a(WMath.o)
 .debug_abbrev  0x00001b47      0x4c2 C:\Users\agva\Desktop\Suction_Pump-v1.1-\Suction_PUMP(v1.1)\ArduinoCore\Debug\libArduinoCore.a(WString.o)
 .debug_abbrev  0x00002009      0x2bd C:\Users\agva\Desktop\Suction_Pump-v1.1-\Suction_PUMP(v1.1)\ArduinoCore\Debug\libArduinoCore.a(AMS5812.o)
 .debug_abbrev  0x000022c6       0x6e C:\Users\agva\Desktop\Suction_Pump-v1.1-\Suction_PUMP(v1.1)\ArduinoCore\Debug\libArduinoCore.a(DefaultFonts.o)
 .debug_abbrev  0x00002334      0x600 C:\Users\agva\Desktop\Suction_Pump-v1.1-\Suction_PUMP(v1.1)\ArduinoCore\Debug\libArduinoCore.a(TFT_22_ILI9225.o)
 .debug_abbrev  0x00002934      0x563 C:\Users\agva\Desktop\Suction_Pump-v1.1-\Suction_PUMP(v1.1)\ArduinoCore\Debug\libArduinoCore.a(Wire.o)
 .debug_abbrev  0x00002e97       0x2a C:\Users\agva\Desktop\Suction_Pump-v1.1-\Suction_PUMP(v1.1)\ArduinoCore\Debug\libArduinoCore.a(hooks.o)
 .debug_abbrev  0x00002ec1      0x16b C:\Users\agva\Desktop\Suction_Pump-v1.1-\Suction_PUMP(v1.1)\ArduinoCore\Debug\libArduinoCore.a(wiring_analog.o)
 .debug_abbrev  0x0000302c      0x15b C:\Users\agva\Desktop\Suction_Pump-v1.1-\Suction_PUMP(v1.1)\ArduinoCore\Debug\libArduinoCore.a(wiring_digital.o)
 .debug_abbrev  0x00003187      0x283 C:\Users\agva\Desktop\Suction_Pump-v1.1-\Suction_PUMP(v1.1)\ArduinoCore\Debug\libArduinoCore.a(SPI.o)
 .debug_abbrev  0x0000340a      0x2f2 C:\Users\agva\Desktop\Suction_Pump-v1.1-\Suction_PUMP(v1.1)\ArduinoCore\Debug\libArduinoCore.a(twi.o)

.debug_line     0x00000000     0x5de5
 *(.debug_line .debug_line.* .debug_line_end)
 .debug_line    0x00000000      0x134 C:/Program Files (x86)/Atmel/Studio/7.0/Packs/atmel/ATmega_DFP/1.6.364/gcc/dev/atmega328p/avr5/crtatmega328p.o
 .debug_line    0x00000134      0x5ad main.o
 .debug_line    0x000006e1      0x4c4 C:\Users\agva\Desktop\Suction_Pump-v1.1-\Suction_PUMP(v1.1)\ArduinoCore\Debug\libArduinoCore.a(HardwareSerial.o)
 .debug_line    0x00000ba5      0x28c C:\Users\agva\Desktop\Suction_Pump-v1.1-\Suction_PUMP(v1.1)\ArduinoCore\Debug\libArduinoCore.a(HardwareSerial0.o)
 .debug_line    0x00000e31      0x165 C:\Users\agva\Desktop\Suction_Pump-v1.1-\Suction_PUMP(v1.1)\ArduinoCore\Debug\libArduinoCore.a(main.o)
 .debug_line    0x00000f96      0x685 C:\Users\agva\Desktop\Suction_Pump-v1.1-\Suction_PUMP(v1.1)\ArduinoCore\Debug\libArduinoCore.a(Print.o)
 .debug_line    0x0000161b      0x299 C:\Users\agva\Desktop\Suction_Pump-v1.1-\Suction_PUMP(v1.1)\ArduinoCore\Debug\libArduinoCore.a(wiring.o)
 .debug_line    0x000018b4      0x143 C:\Users\agva\Desktop\Suction_Pump-v1.1-\Suction_PUMP(v1.1)\ArduinoCore\Debug\libArduinoCore.a(WMath.o)
 .debug_line    0x000019f7     0x1360 C:\Users\agva\Desktop\Suction_Pump-v1.1-\Suction_PUMP(v1.1)\ArduinoCore\Debug\libArduinoCore.a(WString.o)
 .debug_line    0x00002d57      0x3ba C:\Users\agva\Desktop\Suction_Pump-v1.1-\Suction_PUMP(v1.1)\ArduinoCore\Debug\libArduinoCore.a(AMS5812.o)
 .debug_line    0x00003111       0xae C:\Users\agva\Desktop\Suction_Pump-v1.1-\Suction_PUMP(v1.1)\ArduinoCore\Debug\libArduinoCore.a(DefaultFonts.o)
 .debug_line    0x000031bf     0x17af C:\Users\agva\Desktop\Suction_Pump-v1.1-\Suction_PUMP(v1.1)\ArduinoCore\Debug\libArduinoCore.a(TFT_22_ILI9225.o)
 .debug_line    0x0000496e      0x637 C:\Users\agva\Desktop\Suction_Pump-v1.1-\Suction_PUMP(v1.1)\ArduinoCore\Debug\libArduinoCore.a(Wire.o)
 .debug_line    0x00004fa5       0x41 C:\Users\agva\Desktop\Suction_Pump-v1.1-\Suction_PUMP(v1.1)\ArduinoCore\Debug\libArduinoCore.a(hooks.o)
 .debug_line    0x00004fe6      0x20f C:\Users\agva\Desktop\Suction_Pump-v1.1-\Suction_PUMP(v1.1)\ArduinoCore\Debug\libArduinoCore.a(wiring_analog.o)
 .debug_line    0x000051f5      0x252 C:\Users\agva\Desktop\Suction_Pump-v1.1-\Suction_PUMP(v1.1)\ArduinoCore\Debug\libArduinoCore.a(wiring_digital.o)
 .debug_line    0x00005447      0x2e3 C:\Users\agva\Desktop\Suction_Pump-v1.1-\Suction_PUMP(v1.1)\ArduinoCore\Debug\libArduinoCore.a(SPI.o)
 .debug_line    0x0000572a      0x6bb C:\Users\agva\Desktop\Suction_Pump-v1.1-\Suction_PUMP(v1.1)\ArduinoCore\Debug\libArduinoCore.a(twi.o)

.debug_frame    0x00000000     0x2718
 *(.debug_frame)
 .debug_frame   0x00000000      0x16c main.o
 .debug_frame   0x0000016c      0x110 C:\Users\agva\Desktop\Suction_Pump-v1.1-\Suction_PUMP(v1.1)\ArduinoCore\Debug\libArduinoCore.a(HardwareSerial.o)
 .debug_frame   0x0000027c       0xe0 C:\Users\agva\Desktop\Suction_Pump-v1.1-\Suction_PUMP(v1.1)\ArduinoCore\Debug\libArduinoCore.a(HardwareSerial0.o)
 .debug_frame   0x0000035c       0x54 C:\Users\agva\Desktop\Suction_Pump-v1.1-\Suction_PUMP(v1.1)\ArduinoCore\Debug\libArduinoCore.a(main.o)
 .debug_frame   0x000003b0      0x3ac C:\Users\agva\Desktop\Suction_Pump-v1.1-\Suction_PUMP(v1.1)\ArduinoCore\Debug\libArduinoCore.a(Print.o)
 .debug_frame   0x0000075c       0xc4 C:\Users\agva\Desktop\Suction_Pump-v1.1-\Suction_PUMP(v1.1)\ArduinoCore\Debug\libArduinoCore.a(wiring.o)
 .debug_frame   0x00000820       0xf4 C:\Users\agva\Desktop\Suction_Pump-v1.1-\Suction_PUMP(v1.1)\ArduinoCore\Debug\libArduinoCore.a(WMath.o)
 .debug_frame   0x00000914      0xa60 C:\Users\agva\Desktop\Suction_Pump-v1.1-\Suction_PUMP(v1.1)\ArduinoCore\Debug\libArduinoCore.a(WString.o)
 .debug_frame   0x00001374      0x16c C:\Users\agva\Desktop\Suction_Pump-v1.1-\Suction_PUMP(v1.1)\ArduinoCore\Debug\libArduinoCore.a(AMS5812.o)
 .debug_frame   0x000014e0      0xc30 C:\Users\agva\Desktop\Suction_Pump-v1.1-\Suction_PUMP(v1.1)\ArduinoCore\Debug\libArduinoCore.a(TFT_22_ILI9225.o)
 .debug_frame   0x00002110      0x2b0 C:\Users\agva\Desktop\Suction_Pump-v1.1-\Suction_PUMP(v1.1)\ArduinoCore\Debug\libArduinoCore.a(Wire.o)
 .debug_frame   0x000023c0       0x24 C:\Users\agva\Desktop\Suction_Pump-v1.1-\Suction_PUMP(v1.1)\ArduinoCore\Debug\libArduinoCore.a(hooks.o)
 .debug_frame   0x000023e4       0x54 C:\Users\agva\Desktop\Suction_Pump-v1.1-\Suction_PUMP(v1.1)\ArduinoCore\Debug\libArduinoCore.a(wiring_analog.o)
 .debug_frame   0x00002438       0x7c C:\Users\agva\Desktop\Suction_Pump-v1.1-\Suction_PUMP(v1.1)\ArduinoCore\Debug\libArduinoCore.a(wiring_digital.o)
 .debug_frame   0x000024b4       0x5c C:\Users\agva\Desktop\Suction_Pump-v1.1-\Suction_PUMP(v1.1)\ArduinoCore\Debug\libArduinoCore.a(SPI.o)
 .debug_frame   0x00002510      0x208 C:\Users\agva\Desktop\Suction_Pump-v1.1-\Suction_PUMP(v1.1)\ArduinoCore\Debug\libArduinoCore.a(twi.o)

.debug_str      0x00000000     0x48e0
 *(.debug_str)
 .debug_str     0x00000000      0x208 C:/Program Files (x86)/Atmel/Studio/7.0/Packs/atmel/ATmega_DFP/1.6.364/gcc/dev/atmega328p/avr5/crtatmega328p.o
 .debug_str     0x00000208     0x24a2 main.o
                               0x25eb (size before relaxing)
 .debug_str     0x000026aa      0x7d1 C:\Users\agva\Desktop\Suction_Pump-v1.1-\Suction_PUMP(v1.1)\ArduinoCore\Debug\libArduinoCore.a(HardwareSerial.o)
                               0x160e (size before relaxing)
 .debug_str     0x00002e7b       0x86 C:\Users\agva\Desktop\Suction_Pump-v1.1-\Suction_PUMP(v1.1)\ArduinoCore\Debug\libArduinoCore.a(HardwareSerial0.o)
                               0x1401 (size before relaxing)
 .debug_str     0x00002f01       0x37 C:\Users\agva\Desktop\Suction_Pump-v1.1-\Suction_PUMP(v1.1)\ArduinoCore\Debug\libArduinoCore.a(main.o)
                                0x2ad (size before relaxing)
 .debug_str     0x00002f38      0x3a1 C:\Users\agva\Desktop\Suction_Pump-v1.1-\Suction_PUMP(v1.1)\ArduinoCore\Debug\libArduinoCore.a(Print.o)
                               0x123b (size before relaxing)
 .debug_str     0x000032d9      0x153 C:\Users\agva\Desktop\Suction_Pump-v1.1-\Suction_PUMP(v1.1)\ArduinoCore\Debug\libArduinoCore.a(wiring.o)
                                0x243 (size before relaxing)
 .debug_str     0x0000342c       0xac C:\Users\agva\Desktop\Suction_Pump-v1.1-\Suction_PUMP(v1.1)\ArduinoCore\Debug\libArduinoCore.a(WMath.o)
                                0x246 (size before relaxing)
 .debug_str     0x000034d8      0x3eb C:\Users\agva\Desktop\Suction_Pump-v1.1-\Suction_PUMP(v1.1)\ArduinoCore\Debug\libArduinoCore.a(WString.o)
                               0x118e (size before relaxing)
 .debug_str     0x000038c3       0xb1 C:\Users\agva\Desktop\Suction_Pump-v1.1-\Suction_PUMP(v1.1)\ArduinoCore\Debug\libArduinoCore.a(AMS5812.o)
                                0xa8d (size before relaxing)
 .debug_str     0x00003974       0x5d C:\Users\agva\Desktop\Suction_Pump-v1.1-\Suction_PUMP(v1.1)\ArduinoCore\Debug\libArduinoCore.a(DefaultFonts.o)
                                0x1fd (size before relaxing)
 .debug_str     0x000039d1      0x54a C:\Users\agva\Desktop\Suction_Pump-v1.1-\Suction_PUMP(v1.1)\ArduinoCore\Debug\libArduinoCore.a(TFT_22_ILI9225.o)
                               0x2156 (size before relaxing)
 .debug_str     0x00003f1b      0x622 C:\Users\agva\Desktop\Suction_Pump-v1.1-\Suction_PUMP(v1.1)\ArduinoCore\Debug\libArduinoCore.a(Wire.o)
                               0x199e (size before relaxing)
 .debug_str     0x0000453d       0x1c C:\Users\agva\Desktop\Suction_Pump-v1.1-\Suction_PUMP(v1.1)\ArduinoCore\Debug\libArduinoCore.a(hooks.o)
                                0x138 (size before relaxing)
 .debug_str     0x00004559       0x66 C:\Users\agva\Desktop\Suction_Pump-v1.1-\Suction_PUMP(v1.1)\ArduinoCore\Debug\libArduinoCore.a(wiring_analog.o)
                                0x247 (size before relaxing)
 .debug_str     0x000045bf       0x5d C:\Users\agva\Desktop\Suction_Pump-v1.1-\Suction_PUMP(v1.1)\ArduinoCore\Debug\libArduinoCore.a(wiring_digital.o)
                                0x2a8 (size before relaxing)
 .debug_str     0x0000461c       0x9f C:\Users\agva\Desktop\Suction_Pump-v1.1-\Suction_PUMP(v1.1)\ArduinoCore\Debug\libArduinoCore.a(SPI.o)
                                0x6a6 (size before relaxing)
 .debug_str     0x000046bb      0x225 C:\Users\agva\Desktop\Suction_Pump-v1.1-\Suction_PUMP(v1.1)\ArduinoCore\Debug\libArduinoCore.a(twi.o)
                                0x4f2 (size before relaxing)

.debug_loc      0x00000000     0xedff
 *(.debug_loc)
 .debug_loc     0x00000000      0x460 main.o
 .debug_loc     0x00000460      0x4dc C:\Users\agva\Desktop\Suction_Pump-v1.1-\Suction_PUMP(v1.1)\ArduinoCore\Debug\libArduinoCore.a(HardwareSerial.o)
 .debug_loc     0x0000093c      0x1b0 C:\Users\agva\Desktop\Suction_Pump-v1.1-\Suction_PUMP(v1.1)\ArduinoCore\Debug\libArduinoCore.a(HardwareSerial0.o)
 .debug_loc     0x00000aec     0x1c87 C:\Users\agva\Desktop\Suction_Pump-v1.1-\Suction_PUMP(v1.1)\ArduinoCore\Debug\libArduinoCore.a(Print.o)
 .debug_loc     0x00002773      0x28d C:\Users\agva\Desktop\Suction_Pump-v1.1-\Suction_PUMP(v1.1)\ArduinoCore\Debug\libArduinoCore.a(wiring.o)
 .debug_loc     0x00002a00      0x3d6 C:\Users\agva\Desktop\Suction_Pump-v1.1-\Suction_PUMP(v1.1)\ArduinoCore\Debug\libArduinoCore.a(WMath.o)
 .debug_loc     0x00002dd6     0x423d C:\Users\agva\Desktop\Suction_Pump-v1.1-\Suction_PUMP(v1.1)\ArduinoCore\Debug\libArduinoCore.a(WString.o)
 .debug_loc     0x00007013      0x465 C:\Users\agva\Desktop\Suction_Pump-v1.1-\Suction_PUMP(v1.1)\ArduinoCore\Debug\libArduinoCore.a(AMS5812.o)
 .debug_loc     0x00007478     0x5b6f C:\Users\agva\Desktop\Suction_Pump-v1.1-\Suction_PUMP(v1.1)\ArduinoCore\Debug\libArduinoCore.a(TFT_22_ILI9225.o)
 .debug_loc     0x0000cfe7      0xcbb C:\Users\agva\Desktop\Suction_Pump-v1.1-\Suction_PUMP(v1.1)\ArduinoCore\Debug\libArduinoCore.a(Wire.o)
 .debug_loc     0x0000dca2       0xfe C:\Users\agva\Desktop\Suction_Pump-v1.1-\Suction_PUMP(v1.1)\ArduinoCore\Debug\libArduinoCore.a(wiring_analog.o)
 .debug_loc     0x0000dda0      0x5fc C:\Users\agva\Desktop\Suction_Pump-v1.1-\Suction_PUMP(v1.1)\ArduinoCore\Debug\libArduinoCore.a(wiring_digital.o)
 .debug_loc     0x0000e39c      0x1e4 C:\Users\agva\Desktop\Suction_Pump-v1.1-\Suction_PUMP(v1.1)\ArduinoCore\Debug\libArduinoCore.a(SPI.o)
 .debug_loc     0x0000e580      0x87f C:\Users\agva\Desktop\Suction_Pump-v1.1-\Suction_PUMP(v1.1)\ArduinoCore\Debug\libArduinoCore.a(twi.o)

.debug_macinfo
 *(.debug_macinfo)

.debug_weaknames
 *(.debug_weaknames)

.debug_funcnames
 *(.debug_funcnames)

.debug_typenames
 *(.debug_typenames)

.debug_varnames
 *(.debug_varnames)

.debug_pubtypes
 *(.debug_pubtypes)

.debug_ranges   0x00000000      0xa20
 *(.debug_ranges)
 .debug_ranges  0x00000000       0x60 main.o
 .debug_ranges  0x00000060       0x58 C:\Users\agva\Desktop\Suction_Pump-v1.1-\Suction_PUMP(v1.1)\ArduinoCore\Debug\libArduinoCore.a(HardwareSerial.o)
 .debug_ranges  0x000000b8       0x38 C:\Users\agva\Desktop\Suction_Pump-v1.1-\Suction_PUMP(v1.1)\ArduinoCore\Debug\libArduinoCore.a(HardwareSerial0.o)
 .debug_ranges  0x000000f0       0x20 C:\Users\agva\Desktop\Suction_Pump-v1.1-\Suction_PUMP(v1.1)\ArduinoCore\Debug\libArduinoCore.a(main.o)
 .debug_ranges  0x00000110      0x120 C:\Users\agva\Desktop\Suction_Pump-v1.1-\Suction_PUMP(v1.1)\ArduinoCore\Debug\libArduinoCore.a(Print.o)
 .debug_ranges  0x00000230       0x38 C:\Users\agva\Desktop\Suction_Pump-v1.1-\Suction_PUMP(v1.1)\ArduinoCore\Debug\libArduinoCore.a(wiring.o)
 .debug_ranges  0x00000268       0x38 C:\Users\agva\Desktop\Suction_Pump-v1.1-\Suction_PUMP(v1.1)\ArduinoCore\Debug\libArduinoCore.a(WMath.o)
 .debug_ranges  0x000002a0      0x2f8 C:\Users\agva\Desktop\Suction_Pump-v1.1-\Suction_PUMP(v1.1)\ArduinoCore\Debug\libArduinoCore.a(WString.o)
 .debug_ranges  0x00000598       0x40 C:\Users\agva\Desktop\Suction_Pump-v1.1-\Suction_PUMP(v1.1)\ArduinoCore\Debug\libArduinoCore.a(AMS5812.o)
 .debug_ranges  0x000005d8      0x240 C:\Users\agva\Desktop\Suction_Pump-v1.1-\Suction_PUMP(v1.1)\ArduinoCore\Debug\libArduinoCore.a(TFT_22_ILI9225.o)
 .debug_ranges  0x00000818      0x100 C:\Users\agva\Desktop\Suction_Pump-v1.1-\Suction_PUMP(v1.1)\ArduinoCore\Debug\libArduinoCore.a(Wire.o)
 .debug_ranges  0x00000918       0x10 C:\Users\agva\Desktop\Suction_Pump-v1.1-\Suction_PUMP(v1.1)\ArduinoCore\Debug\libArduinoCore.a(hooks.o)
 .debug_ranges  0x00000928       0x20 C:\Users\agva\Desktop\Suction_Pump-v1.1-\Suction_PUMP(v1.1)\ArduinoCore\Debug\libArduinoCore.a(wiring_analog.o)
 .debug_ranges  0x00000948       0x28 C:\Users\agva\Desktop\Suction_Pump-v1.1-\Suction_PUMP(v1.1)\ArduinoCore\Debug\libArduinoCore.a(wiring_digital.o)
 .debug_ranges  0x00000970       0x28 C:\Users\agva\Desktop\Suction_Pump-v1.1-\Suction_PUMP(v1.1)\ArduinoCore\Debug\libArduinoCore.a(SPI.o)
 .debug_ranges  0x00000998       0x88 C:\Users\agva\Desktop\Suction_Pump-v1.1-\Suction_PUMP(v1.1)\ArduinoCore\Debug\libArduinoCore.a(twi.o)

.debug_macro
 *(.debug_macro)
OUTPUT(suction_pump.elf elf32-avr)
LOAD linker stubs
