Archive member included to satisfy reference by file (symbol)

c:/program files (x86)/atmel/studio/7.0/toolchain/avr8/avr8-gnu-toolchain/bin/../lib/gcc/avr/5.4.0/../../../../avr/lib/avr5\libm.a(addsf3.o)
                              main.o (__subsf3)
c:/program files (x86)/atmel/studio/7.0/toolchain/avr8/avr8-gnu-toolchain/bin/../lib/gcc/avr/5.4.0/../../../../avr/lib/avr5\libm.a(addsf3x.o)
                              c:/program files (x86)/atmel/studio/7.0/toolchain/avr8/avr8-gnu-toolchain/bin/../lib/gcc/avr/5.4.0/../../../../avr/lib/avr5\libm.a(addsf3.o) (__addsf3x)
c:/program files (x86)/atmel/studio/7.0/toolchain/avr8/avr8-gnu-toolchain/bin/../lib/gcc/avr/5.4.0/../../../../avr/lib/avr5\libm.a(divsf3.o)
                              main.o (__divsf3)
c:/program files (x86)/atmel/studio/7.0/toolchain/avr8/avr8-gnu-toolchain/bin/../lib/gcc/avr/5.4.0/../../../../avr/lib/avr5\libm.a(divsf3x.o)
                              c:/program files (x86)/atmel/studio/7.0/toolchain/avr8/avr8-gnu-toolchain/bin/../lib/gcc/avr/5.4.0/../../../../avr/lib/avr5\libm.a(divsf3.o) (__divsf3x)
c:/program files (x86)/atmel/studio/7.0/toolchain/avr8/avr8-gnu-toolchain/bin/../lib/gcc/avr/5.4.0/../../../../avr/lib/avr5\libm.a(fixsfsi.o)
                              main.o (__fixsfsi)
c:/program files (x86)/atmel/studio/7.0/toolchain/avr8/avr8-gnu-toolchain/bin/../lib/gcc/avr/5.4.0/../../../../avr/lib/avr5\libm.a(fixunssfsi.o)
                              main.o (__fixunssfsi)
c:/program files (x86)/atmel/studio/7.0/toolchain/avr8/avr8-gnu-toolchain/bin/../lib/gcc/avr/5.4.0/../../../../avr/lib/avr5\libm.a(floatsisf.o)
                              main.o (__floatsisf)
c:/program files (x86)/atmel/studio/7.0/toolchain/avr8/avr8-gnu-toolchain/bin/../lib/gcc/avr/5.4.0/../../../../avr/lib/avr5\libm.a(fp_inf.o)
                              c:/program files (x86)/atmel/studio/7.0/toolchain/avr8/avr8-gnu-toolchain/bin/../lib/gcc/avr/5.4.0/../../../../avr/lib/avr5\libm.a(addsf3x.o) (__fp_inf)
c:/program files (x86)/atmel/studio/7.0/toolchain/avr8/avr8-gnu-toolchain/bin/../lib/gcc/avr/5.4.0/../../../../avr/lib/avr5\libm.a(fp_nan.o)
                              c:/program files (x86)/atmel/studio/7.0/toolchain/avr8/avr8-gnu-toolchain/bin/../lib/gcc/avr/5.4.0/../../../../avr/lib/avr5\libm.a(addsf3x.o) (__fp_nan)
c:/program files (x86)/atmel/studio/7.0/toolchain/avr8/avr8-gnu-toolchain/bin/../lib/gcc/avr/5.4.0/../../../../avr/lib/avr5\libm.a(fp_pscA.o)
                              c:/program files (x86)/atmel/studio/7.0/toolchain/avr8/avr8-gnu-toolchain/bin/../lib/gcc/avr/5.4.0/../../../../avr/lib/avr5\libm.a(addsf3x.o) (__fp_pscA)
c:/program files (x86)/atmel/studio/7.0/toolchain/avr8/avr8-gnu-toolchain/bin/../lib/gcc/avr/5.4.0/../../../../avr/lib/avr5\libm.a(fp_pscB.o)
                              c:/program files (x86)/atmel/studio/7.0/toolchain/avr8/avr8-gnu-toolchain/bin/../lib/gcc/avr/5.4.0/../../../../avr/lib/avr5\libm.a(addsf3x.o) (__fp_pscB)
c:/program files (x86)/atmel/studio/7.0/toolchain/avr8/avr8-gnu-toolchain/bin/../lib/gcc/avr/5.4.0/../../../../avr/lib/avr5\libm.a(fp_round.o)
                              c:/program files (x86)/atmel/studio/7.0/toolchain/avr8/avr8-gnu-toolchain/bin/../lib/gcc/avr/5.4.0/../../../../avr/lib/avr5\libm.a(addsf3.o) (__fp_round)
c:/program files (x86)/atmel/studio/7.0/toolchain/avr8/avr8-gnu-toolchain/bin/../lib/gcc/avr/5.4.0/../../../../avr/lib/avr5\libm.a(fp_split3.o)
                              c:/program files (x86)/atmel/studio/7.0/toolchain/avr8/avr8-gnu-toolchain/bin/../lib/gcc/avr/5.4.0/../../../../avr/lib/avr5\libm.a(addsf3x.o) (__fp_split3)
c:/program files (x86)/atmel/studio/7.0/toolchain/avr8/avr8-gnu-toolchain/bin/../lib/gcc/avr/5.4.0/../../../../avr/lib/avr5\libm.a(fp_zero.o)
                              c:/program files (x86)/atmel/studio/7.0/toolchain/avr8/avr8-gnu-toolchain/bin/../lib/gcc/avr/5.4.0/../../../../avr/lib/avr5\libm.a(addsf3x.o) (__fp_zero)
c:/program files (x86)/atmel/studio/7.0/toolchain/avr8/avr8-gnu-toolchain/bin/../lib/gcc/avr/5.4.0/../../../../avr/lib/avr5\libm.a(gesf2.o)
                              main.o (__gesf2)
c:/program files (x86)/atmel/studio/7.0/toolchain/avr8/avr8-gnu-toolchain/bin/../lib/gcc/avr/5.4.0/../../../../avr/lib/avr5\libm.a(fp_cmp.o)
                              c:/program files (x86)/atmel/studio/7.0/toolchain/avr8/avr8-gnu-toolchain/bin/../lib/gcc/avr/5.4.0/../../../../avr/lib/avr5\libm.a(gesf2.o) (__fp_cmp)
C:\Users\agva\Desktop\Suction_Pump-v1.1-\Suction_PUMP(v1.1)\ArduinoCore\Debug\libArduinoCore.a(HardwareSerial.o)
                              main.o (_ZN14HardwareSerial5beginEmh)
C:\Users\agva\Desktop\Suction_Pump-v1.1-\Suction_PUMP(v1.1)\ArduinoCore\Debug\libArduinoCore.a(HardwareSerial0.o)
                              main.o (Serial)
C:\Users\agva\Desktop\Suction_Pump-v1.1-\Suction_PUMP(v1.1)\ArduinoCore\Debug\libArduinoCore.a(main.o)
[...]
Memory Configuration

Name             Origin             Length             Attributes
text             0x00000000         0x00008000         xr
data             0x00800100         0x00000800         rw !x
eeprom           0x00810000         0x00000400         rw !x
fuse             0x00820000         0x00000003         rw !x
lock             0x00830000         0x00000400         rw !x
signature        0x00840000         0x00000400         rw !x
user_signatures  0x00850000         0x00000400         rw !x
*default*        0x00000000         0xffffffff

Linker script and memory map

Address of section .data set to 0x800100
LOAD C:/Program Files (x86)/Atmel/Studio/7.0/Packs/atmel/ATmega_DFP/1.6.364/gcc/dev/atmega328p/avr5/crtatmega328p.o
LOAD main.o
START GROUP
LOAD c:/program files (x86)/atmel/studio/7.0/toolchain/avr8/avr8-gnu-toolchain/bin/../lib/gcc/avr/5.4.0/../../../../avr/lib/avr5\libm.a
LOAD C:\Users\agva\Desktop\Suction_Pump-v1.1-\Suction_PUMP(v1.1)\ArduinoCore\Debug\libArduinoCore.a
END GROUP
LOAD c:/program files (x86)/atmel/studio/7.0/toolchain/avr8/avr8-gnu-toolchain/bin/../lib/gcc/avr/5.4.0/avr5\libgcc.a
LOAD c:/program files (x86)/atmel/studio/7.0/toolchain/avr8/avr8-gnu-toolchain/bin/../lib/gcc/avr/5.4.0/../../../../avr/lib/avr5\libm.a
START GROUP
LOAD c:/program files (x86)/atmel/studio/7.0/toolchain/avr8/avr8-gnu-toolchain/bin/../lib/gcc/avr/5.4.0/avr5\libgcc.a
LOAD c:/program files (x86)/atmel/studio/7.0/toolchain/avr8/avr8-gnu-toolchain/bin/../lib/gcc/avr/5.4.0/../../../../avr/lib/avr5\libm.a
LOAD c:/program files (x86)/atmel/studio/7.0/toolchain/avr8/avr8-gnu-toolchain/bin/../lib/gcc/avr/5.4.0/../../../../avr/lib/avr5\libc.a
LOAD C:/Program Files (x86)/Atmel/Studio/7.0/Packs/atmel/ATmega_DFP/1.6.364/gcc/dev/atmega328p/avr5\libatmega328p.a
END GROUP
                0x00000000                __TEXT_REGION_ORIGIN__ = DEFINED (__TEXT_REGION_ORIGIN__)?__TEXT_REGION_ORIGIN__:0x0
                [0x00800100]                __DATA_REGION_ORIGIN__ = DEFINED (__DATA_REGION_ORIGIN__)?__DATA_REGION_ORIGIN__:0x800060
                [0x00008000]                __TEXT_REGION_LENGTH__ = DEFINED (__TEXT_REGION_LENGTH__)?__TEXT_REGION_LENGTH__:0x20000
                [0x00000800]                __DATA_REGION_LENGTH__ = DEFINED (__DATA_REGION_LENGTH__)?__DATA_REGION_LENGTH__:0xffa0
                [0x00000400]                __EEPROM_REGION_LENGTH__ = DEFINED (__EEPROM_REGION_LENGTH__)?__EEPROM_REGION_LENGTH__:0x10000
                [0x00000003]                __FUSE_REGION_LENGTH__ = DEFINED (__FUSE_REGION_LENGTH__)?__FUSE_REGION_LENGTH__:0x400
                0x00000400                __LOCK_REGION_LENGTH__ = DEFINED (__LOCK_REGION_LENGTH__)?__LOCK_REGION_LENGTH__:0x400
                0x00000400                __SIGNATURE_REGION_LENGTH__ = DEFINED (__SIGNATURE_REGION_LENGTH__)?__SIGNATURE_REGION_LENGTH__:0x400
                0x00000400                __USER_SIGNATURE_REGION_LENGTH__ = DEFINED (__USER_SIGNATURE_REGION_LENGTH__)?__USER_SIGNATURE_REGION_LENGTH__:0x400

.hash
 *(.hash)

.dynsym
 *(.dynsym)

.dynstr
 *(.dynstr)

.gnu.version
 *(.gnu.version)

.gnu.version_d
 *(.gnu.version_d)

.gnu.version_r
 *(.gnu.version_r)

.rel.init
 *(.rel.init)

.rela.init
 *(.rela.init)

.rel.text
 *(.rel.text)
 *(.rel.text.*)
 *(.rel.gnu.linkonce.t*)

.rela.text
 *(.rela.text)
 *(.rela.text.*)
 *(.rela.gnu.linkonce.t*)

.rel.fini
 *(.rel.fini)

.rela.fini
 *(.rela.fini)

.rel.rodata
 *(.rel.rodata)
 *(.rel.rodata.*)
 *(.rel.gnu.linkonce.r*)

.rela.rodata
 *(.rela.rodata)
 *(.rela.rodata.*)
 *(.rela.gnu.linkonce.r*)

.rel.data
 *(.rel.data)
 *(.rel.data.*)
 *(.rel.gnu.linkonce.d*)

.rela.data
 *(.rela.data)
 *(.rela.data.*)
 *(.rela.gnu.linkonce.d*)

.rel.ctors
 *(.rel.ctors)

.rela.ctors
 *(.rela.ctors)

.rel.dtors
 *(.rel.dtors)

.rela.dtors
 *(.rela.dtors)

.rel.got
 *(.rel.got)

.rela.got
 *(.rela.got)

.rel.bss
 *(.rel.bss)

.rela.bss
 *(.rela.bss)

.rel.plt
 *(.rel.plt)

.rela.plt
 *(.rela.plt)

.text           0x00000000     0x76d2
 *(.vectors)
 .vectors       0x00000000       0x68 C:/Program Files (x86)/Atmel/Studio/7.0/Packs/atmel/ATmega_DFP/1.6.364/gcc/dev/atmega328p/avr5/crtatmega328p.o
                0x00000000                __vector_default
                0x00000000                __vectors
 *(.vectors)
 *(.progmem.gcc*)
 .progmem.gcc_sw_table._ZN7AMS581213getTransducerEv
                0x00000068       0x2c C:\Users\agva\Desktop\Suction_Pump-v1.1-\Suction_PUMP(v1.1)\ArduinoCore\Debug\libArduinoCore.a(AMS5812.o)
                0x00000094                . = ALIGN (0x2)
                0x00000094                __trampolines_start = .
 *(.trampolines)
 .trampolines   0x00000094        0x0 linker stubs
 *(.trampolines*)
                0x00000094                __trampolines_end = .
 *libprintf_flt.a:*(.progmem.data)
 *libc.a:*(.progmem.data)
 .progmem.data  0x00000094       0xfa c:/program files (x86)/atmel/studio/7.0/toolchain/avr8/avr8-gnu-toolchain/bin/../lib/gcc/avr/5.4.0/../../../../avr/lib/avr5\libc.a(ftoa_engine.o)
 *(.progmem*)
 .progmem.data._ZL5batt3
                0x0000018e       0x50 main.o
 .progmem.data._ZL15FreeSerif12pt7b
                0x000001de        0x7 main.o
 .progmem.data._ZL21FreeSerif12pt7bGlyphs
                0x000001e5      0x299 main.o
 .progmem.data._ZL22FreeSerif12pt7bBitmaps
                0x0000047e      0x72f main.o
 .progmem.data._ZL15FreeSerif18pt7b
                0x00000bad        0x7 main.o
 .progmem.data._ZL21FreeSerif18pt7bGlyphs
                0x00000bb4      0x299 main.o
 .progmem.data._ZL22FreeSerif18pt7bBitmaps
                0x00000e4d      0xf2e main.o
 .progmem.data.Terminal12x16
                0x00001d7b      0x964 C:\Users\agva\Desktop\Suction_Pump-v1.1-\Suction_PUMP(v1.1)\ArduinoCore\Debug\libArduinoCore.a(DefaultFonts.o)
                0x00001d7b                Terminal12x16
 .progmem.data.digital_pin_to_timer_PGM
                0x000026df       0x14 C:\Users\agva\Desktop\Suction_Pump-v1.1-\Suction_PUMP(v1.1)\ArduinoCore\Debug\libArduinoCore.a(wiring_digital.o)
                0x000026df                digital_pin_to_timer_PGM
 .progmem.data.digital_pin_to_bit_mask_PGM
                0x000026f3       0x14 C:\Users\agva\Desktop\Suction_Pump-v1.1-\Suction_PUMP(v1.1)\ArduinoCore\Debug\libArduinoCore.a(wiring_digital.o)
                0x000026f3                digital_pin_to_bit_mask_PGM
 .progmem.data.digital_pin_to_port_PGM
                0x00002707       0x14 C:\Users\agva\Desktop\Suction_Pump-v1.1-\Suction_PUMP(v1.1)\ArduinoCore\Debug\libArduinoCore.a(wiring_digital.o)
                0x00002707                digital_pin_to_port_PGM
 .progmem.data.port_to_output_PGM
                0x0000271b        0xa C:\Users\agva\Desktop\Suction_Pump-v1.1-\Suction_PUMP(v1.1)\ArduinoCore\Debug\libArduinoCore.a(wiring_digital.o)
                0x0000271b                port_to_output_PGM
 .progmem.data.port_to_mode_PGM
                0x00002725        0xa C:\Users\agva\Desktop\Suction_Pump-v1.1-\Suction_PUMP(v1.1)\ArduinoCore\Debug\libArduinoCore.a(wiring_digital.o)
                0x00002725                port_to_mode_PGM
                0x00002730                . = ALIGN (0x2)
 *fill*         0x0000272f        0x1 
 *(.jumptables)
 *(.jumptables*)
 *(.lowtext)
 *(.lowtext*)
                0x00002730                __ctors_start = .
 *(.ctors)
 .ctors         0x00002730        0x2 main.o
 .ctors         0x00002732        0x2 C:\Users\agva\Desktop\Suction_Pump-v1.1-\Suction_PUMP(v1.1)\ArduinoCore\Debug\libArduinoCore.a(HardwareSerial0.o)
 .ctors         0x00002734        0x2 C:\Users\agva\Desktop\Suction_Pump-v1.1-\Suction_PUMP(v1.1)\ArduinoCore\Debug\libArduinoCore.a(Wire.o)
                0x00002736                __ctors_end = .
                0x00002736                __dtors_start = .
 *(.dtors)
 .dtors         0x00002736        0x2 main.o
                0x00002738                __dtors_end = .
 SORT(*)(.ctors)
 SORT(*)(.dtors)
 *(.init0)
 .init0         0x00002738        0x0 C:/Program Files (x86)/Atmel/Studio/7.0/Packs/atmel/ATmega_DFP/1.6.364/gcc/dev/atmega328p/avr5/crtatmega328p.o
                0x00002738                __init
 *(.init0)
 *(.init1)
 *(.init1)
 *(.init2)
 .init2         0x00002738        0xc C:/Program Files (x86)/Atmel/Studio/7.0/Packs/atmel/ATmega_DFP/1.6.364/gcc/dev/atmega328p/avr5/crtatmega328p.o
 *(.init2)
 *(.init3)
 *(.init3)
 *(.init4)
 .init4         0x00002744       0x16 c:/program files (x86)/atmel/studio/7.0/toolchain/avr8/avr8-gnu-toolchain/bin/../lib/gcc/avr/5.4.0/avr5\libgcc.a(_copy_data.o)
                0x00002744                __do_copy_data
 .init4         0x0000275a       0x10 c:/program files (x86)/atmel/studio/7.0/toolchain/avr8/avr8-gnu-toolchain/bin/../lib/gcc/avr/5.4.0/avr5\libgcc.a(_clear_bss.o)
                0x0000275a                __do_clear_bss
 *(.init4)
 *(.init5)
 *(.init5)
 *(.init6)
 .init6         0x0000276a       0x16 c:/program files (x86)/atmel/studio/7.0/toolchain/avr8/avr8-gnu-toolchain/bin/../lib/gcc/avr/5.4.0/avr5\libgcc.a(_ctors.o)
                0x0000276a                __do_global_ctors
 *(.init6)
 *(.init7)
 *(.init7)
 *(.init8)
 *(.init8)
 *(.init9)
 .init9         0x00002780        0x8 C:/Program Files (x86)/Atmel/Studio/7.0/Packs/atmel/ATmega_DFP/1.6.364/gcc/dev/atmega328p/avr5/crtatmega328p.o
 *(.init9)
 *(.text)
 .text          0x00002788        0x4 C:/Program Files (x86)/Atmel/Studio/7.0/Packs/atmel/ATmega_DFP/1.6.364/gcc/dev/atmega328p/avr5/crtatmega328p.o
                0x00002788                __vector_22
                0x00002788                __vector_1
                0x00002788                __vector_12
                0x00002788                __bad_interrupt
                0x00002788                __vector_6
                0x00002788                __vector_3
                0x00002788                __vector_23
                0x00002788                __vector_25
                0x00002788                __vector_11
                0x00002788                __vector_13
                0x00002788                __vector_17
                0x00002788                __vector_7
                0x00002788                __vector_5
                0x00002788                __vector_4
                0x00002788                __vector_9
                0x00002788                __vector_2
                0x00002788                __vector_21
                0x00002788                __vector_15
                0x00002788                __vector_8
                0x00002788                __vector_14
                0x00002788                __vector_10
                0x00002788                __vector_20
                0x0000278c                . = ALIGN (0x2)
 *(.text.*)
 .text.setup    0x0000278c      0x342 main.o
                0x0000278c                setup
 .text._Z9fill_areaij
                0x00002ace       0x36 main.o
                0x00002ace                _Z9fill_areaij
 .text.loop     0x00002b04      0x3b6 main.o
                0x00002b04                loop
 .text.startup._GLOBAL__sub_I_pressure
                0x00002eba       0x38 main.o
 .text.exit._GLOBAL__sub_D_pressure
                0x00002ef2        0x8 main.o
 .text.avr-libc.fplib
                0x00002efa        0xe c:/program files (x86)/atmel/studio/7.0/toolchain/avr8/avr8-gnu-toolchain/bin/../lib/gcc/avr/5.4.0/../../../../avr/lib/avr5\libm.a(addsf3.o)
                0x00002efa                __subsf3
                0x00002efc                __addsf3
 .text.avr-libc.fplib
                0x00002f08       0xcc c:/program files (x86)/atmel/studio/7.0/toolchain/avr8/avr8-gnu-toolchain/bin/../lib/gcc/avr/5.4.0/../../../../avr/lib/avr5\libm.a(addsf3x.o)
                0x00002f2a                __addsf3x
 .text.avr-libc.fplib
                0x00002fd4        0x8 c:/program files (x86)/atmel/studio/7.0/toolchain/avr8/avr8-gnu-toolchain/bin/../lib/gcc/avr/5.4.0/../../../../avr/lib/avr5\libm.a(divsf3.o)
                0x00002fd4                __divsf3
 .text.avr-libc.fplib
                0x00002fdc       0xdc c:/program files (x86)/atmel/studio/7.0/toolchain/avr8/avr8-gnu-toolchain/bin/../lib/gcc/avr/5.4.0/../../../../avr/lib/avr5\libm.a(divsf3x.o)
                0x00002ffc                __divsf3x
                0x00003002                __divsf3_pse
 .text.avr-libc.fplib
                0x000030b8        0xe c:/program files (x86)/atmel/studio/7.0/toolchain/avr8/avr8-gnu-toolchain/bin/../lib/gcc/avr/5.4.0/../../../../avr/lib/avr5\libm.a(fixsfsi.o)
                0x000030b8                __fixsfsi
 .text.avr-libc.fplib
                0x000030c6       0x5e c:/program files (x86)/atmel/studio/7.0/toolchain/avr8/avr8-gnu-toolchain/bin/../lib/gcc/avr/5.4.0/../../../../avr/lib/avr5\libm.a(fixunssfsi.o)
                0x000030c6                __fixunssfsi
 .text.avr-libc.fplib
                0x00003124       0x7a c:/program files (x86)/atmel/studio/7.0/toolchain/avr8/avr8-gnu-toolchain/bin/../lib/gcc/avr/5.4.0/../../../../avr/lib/avr5\libm.a(floatsisf.o)
                0x00003124                __floatunsisf
                0x00003128                __floatsisf
 .text.avr-libc.fplib
                0x0000319e        0xc c:/program files (x86)/atmel/studio/7.0/toolchain/avr8/avr8-gnu-toolchain/bin/../lib/gcc/avr/5.4.0/../../../../avr/lib/avr5\libm.a(fp_inf.o)
                0x0000319e                __fp_inf
 .text.avr-libc.fplib
                0x000031aa        0x6 c:/program files (x86)/atmel/studio/7.0/toolchain/avr8/avr8-gnu-toolchain/bin/../lib/gcc/avr/5.4.0/../../../../avr/lib/avr5\libm.a(fp_nan.o)
                0x000031aa                __fp_nan
 .text.avr-libc.fplib
                0x000031b0        0xe c:/program files (x86)/atmel/studio/7.0/toolchain/avr8/avr8-gnu-toolchain/bin/../lib/gcc/avr/5.4.0/../../../../avr/lib/avr5\libm.a(fp_pscA.o)
                0x000031b0                __fp_pscA
 .text.avr-libc.fplib
                0x000031be        0xe c:/program files (x86)/atmel/studio/7.0/toolchain/avr8/avr8-gnu-toolchain/bin/../lib/gcc/avr/5.4.0/../../../../avr/lib/avr5\libm.a(fp_pscB.o)
                0x000031be                __fp_pscB
 .text.avr-libc.fplib
                0x000031cc       0x22 c:/program files (x86)/atmel/studio/7.0/toolchain/avr8/avr8-gnu-toolchain/bin/../lib/gcc/avr/5.4.0/../../../../avr/lib/avr5\libm.a(fp_round.o)
                0x000031cc                __fp_round
 .text.avr-libc.fplib
                0x000031ee       0x44 c:/program files (x86)/atmel/studio/7.0/toolchain/avr8/avr8-gnu-toolchain/bin/../lib/gcc/avr/5.4.0/../../../../avr/lib/avr5\libm.a(fp_split3.o)
                0x000031ee                __fp_split3
                0x000031fe                __fp_splitA
 .text.avr-libc.fplib
                0x00003232        0xe c:/program files (x86)/atmel/studio/7.0/toolchain/avr8/avr8-gnu-toolchain/bin/../lib/gcc/avr/5.4.0/../../../../avr/lib/avr5\libm.a(fp_zero.o)
                0x00003232                __fp_zero
                0x00003234                __fp_szero
 .text.avr-libc.fplib
                0x00003240        0xa c:/program files (x86)/atmel/studio/7.0/toolchain/avr8/avr8-gnu-toolchain/bin/../lib/gcc/avr/5.4.0/../../../../avr/lib/avr5\libm.a(gesf2.o)
                0x00003240                __gesf2
                0x00003240                __gtsf2
 .text.avr-libc.fplib
                0x0000324a       0x48 c:/program files (x86)/atmel/studio/7.0/toolchain/avr8/avr8-gnu-toolchain/bin/../lib/gcc/avr/5.4.0/../../../../avr/lib/avr5\libm.a(fp_cmp.o)
                0x0000324a                __fp_cmp
 .text._ZN14HardwareSerial9availableEv
                0x00003292       0x18 C:\Users\agva\Desktop\Suction_Pump-v1.1-\Suction_PUMP(v1.1)\ArduinoCore\Debug\libArduinoCore.a(HardwareSerial.o)
                0x00003292                _ZN14HardwareSerial9availableEv
 .text._ZN14HardwareSerial4peekEv
                0x000032aa       0x1c C:\Users\agva\Desktop\Suction_Pump-v1.1-\Suction_PUMP(v1.1)\ArduinoCore\Debug\libArduinoCore.a(HardwareSerial.o)
                0x000032aa                _ZN14HardwareSerial4peekEv
 .text._ZN14HardwareSerial4readEv
                0x000032c6       0x28 C:\Users\agva\Desktop\Suction_Pump-v1.1-\Suction_PUMP(v1.1)\ArduinoCore\Debug\libArduinoCore.a(HardwareSerial.o)
                0x000032c6                _ZN14HardwareSerial4readEv
 .text._ZN14HardwareSerial17availableForWriteEv
                0x000032ee       0x1e C:\Users\agva\Desktop\Suction_Pump-v1.1-\Suction_PUMP(v1.1)\ArduinoCore\Debug\libArduinoCore.a(HardwareSerial.o)
                0x000032ee                _ZN14HardwareSerial17availableForWriteEv
 .text._Z14serialEventRunv
                0x0000330c       0x1c C:\Users\agva\Desktop\Suction_Pump-v1.1-\Suction_PUMP(v1.1)\ArduinoCore\Debug\libArduinoCore.a(HardwareSerial.o)
                0x0000330c                _Z14serialEventRunv
 .text._ZN14HardwareSerial17_tx_udr_empty_irqEv
                0x00003328       0x44 C:\Users\agva\Desktop\Suction_Pump-v1.1-\Suction_PUMP(v1.1)\ArduinoCore\Debug\libArduinoCore.a(HardwareSerial.o)
                0x00003328                _ZN14HardwareSerial17_tx_udr_empty_irqEv
 .text._ZN14HardwareSerial5writeEh
                0x0000336c       0x9a C:\Users\agva\Desktop\Suction_Pump-v1.1-\Suction_PUMP(v1.1)\ArduinoCore\Debug\libArduinoCore.a(HardwareSerial.o)
                0x0000336c                _ZN14HardwareSerial5writeEh
 .text._ZN14HardwareSerial5flushEv
                0x00003406       0x44 C:\Users\agva\Desktop\Suction_Pump-v1.1-\Suction_PUMP(v1.1)\ArduinoCore\Debug\libArduinoCore.a(HardwareSerial.o)
                0x00003406                _ZN14HardwareSerial5flushEv
 .text._ZN14HardwareSerial5beginEmh
                0x0000344a       0xca C:\Users\agva\Desktop\Suction_Pump-v1.1-\Suction_PUMP(v1.1)\ArduinoCore\Debug\libArduinoCore.a(HardwareSerial.o)
                0x0000344a                _ZN14HardwareSerial5beginEmh
 .text._ZN5Print17availableForWriteEv
                0x00003514        0x6 C:\Users\agva\Desktop\Suction_Pump-v1.1-\Suction_PUMP(v1.1)\ArduinoCore\Debug\libArduinoCore.a(HardwareSerial0.o)
                0x00003514                _ZN5Print17availableForWriteEv
 .text.__vector_18
                0x0000351a       0x64 C:\Users\agva\Desktop\Suction_Pump-v1.1-\Suction_PUMP(v1.1)\ArduinoCore\Debug\libArduinoCore.a(HardwareSerial0.o)
                0x0000351a                __vector_18
 .text.__vector_19
                0x0000357e       0x4c C:\Users\agva\Desktop\Suction_Pump-v1.1-\Suction_PUMP(v1.1)\ArduinoCore\Debug\libArduinoCore.a(HardwareSerial0.o)
                0x0000357e                __vector_19
 .text._Z17Serial0_availablev
                0x000035ca       0x14 C:\Users\agva\Desktop\Suction_Pump-v1.1-\Suction_PUMP(v1.1)\ArduinoCore\Debug\libArduinoCore.a(HardwareSerial0.o)
                0x000035ca                _Z17Serial0_availablev
 .text.startup._GLOBAL__sub_I___vector_18
                0x000035de       0x5a C:\Users\agva\Desktop\Suction_Pump-v1.1-\Suction_PUMP(v1.1)\ArduinoCore\Debug\libArduinoCore.a(HardwareSerial0.o)
 .text.initVariant
                0x00003638        0x2 C:\Users\agva\Desktop\Suction_Pump-v1.1-\Suction_PUMP(v1.1)\ArduinoCore\Debug\libArduinoCore.a(main.o)
                0x00003638                initVariant
 .text.startup.main
                0x0000363a       0x1e C:\Users\agva\Desktop\Suction_Pump-v1.1-\Suction_PUMP(v1.1)\ArduinoCore\Debug\libArduinoCore.a(main.o)
                0x0000363a                main
 .text._ZN5Print5writeEPKhj
                0x00003658       0x54 C:\Users\agva\Desktop\Suction_Pump-v1.1-\Suction_PUMP(v1.1)\ArduinoCore\Debug\libArduinoCore.a(Print.o)
                0x00003658                _ZN5Print5writeEPKhj
 .text._ZN5Print5writeEPKc
                0x000036ac       0x2a C:\Users\agva\Desktop\Suction_Pump-v1.1-\Suction_PUMP(v1.1)\ArduinoCore\Debug\libArduinoCore.a(Print.o)
                0x000036ac                _ZN5Print5writeEPKc
 .text._ZN5Print5printEPKc
                0x000036d6        0x4 C:\Users\agva\Desktop\Suction_Pump-v1.1-\Suction_PUMP(v1.1)\ArduinoCore\Debug\libArduinoCore.a(Print.o)
                0x000036d6                _ZN5Print5printEPKc
 .text._ZN5Print5printEc
                0x000036da        0xe C:\Users\agva\Desktop\Suction_Pump-v1.1-\Suction_PUMP(v1.1)\ArduinoCore\Debug\libArduinoCore.a(Print.o)
                0x000036da                _ZN5Print5printEc
 .text._ZN5Print7printlnEv
                0x000036e8        0x8 C:\Users\agva\Desktop\Suction_Pump-v1.1-\Suction_PUMP(v1.1)\ArduinoCore\Debug\libArduinoCore.a(Print.o)
                0x000036e8                _ZN5Print7printlnEv
 .text._ZN5Print7printlnEPKc
                0x000036f0       0x24 C:\Users\agva\Desktop\Suction_Pump-v1.1-\Suction_PUMP(v1.1)\ArduinoCore\Debug\libArduinoCore.a(Print.o)
                0x000036f0                _ZN5Print7printlnEPKc
 .text._ZN5Print11printNumberEmh
                0x00003714       0x92 C:\Users\agva\Desktop\Suction_Pump-v1.1-\Suction_PUMP(v1.1)\ArduinoCore\Debug\libArduinoCore.a(Print.o)
                0x00003714                _ZN5Print11printNumberEmh
 .text._ZN5Print5printEmi
                0x000037a6       0x1a C:\Users\agva\Desktop\Suction_Pump-v1.1-\Suction_PUMP(v1.1)\ArduinoCore\Debug\libArduinoCore.a(Print.o)
                0x000037a6                _ZN5Print5printEmi
 .text._ZN5Print5printEji
                0x000037c0        0xc C:\Users\agva\Desktop\Suction_Pump-v1.1-\Suction_PUMP(v1.1)\ArduinoCore\Debug\libArduinoCore.a(Print.o)
                0x000037c0                _ZN5Print5printEji
 .text._ZN5Print10printFloatEdh
                0x000037cc      0x1b6 C:\Users\agva\Desktop\Suction_Pump-v1.1-\Suction_PUMP(v1.1)\ArduinoCore\Debug\libArduinoCore.a(Print.o)
                0x000037cc                _ZN5Print10printFloatEdh
 .text._ZN5Print5printEdi
                0x00003982        0x4 C:\Users\agva\Desktop\Suction_Pump-v1.1-\Suction_PUMP(v1.1)\ArduinoCore\Debug\libArduinoCore.a(Print.o)
                0x00003982                _ZN5Print5printEdi
 .text.__vector_16
                0x00003986       0x94 C:\Users\agva\Desktop\Suction_Pump-v1.1-\Suction_PUMP(v1.1)\ArduinoCore\Debug\libArduinoCore.a(wiring.o)
                0x00003986                __vector_16
 .text.micros   0x00003a1a       0x4a C:\Users\agva\Desktop\Suction_Pump-v1.1-\Suction_PUMP(v1.1)\ArduinoCore\Debug\libArduinoCore.a(wiring.o)
                0x00003a1a                micros
 .text.delay    0x00003a64       0x78 C:\Users\agva\Desktop\Suction_Pump-v1.1-\Suction_PUMP(v1.1)\ArduinoCore\Debug\libArduinoCore.a(wiring.o)
                0x00003a64                delay
 .text.init     0x00003adc       0x76 C:\Users\agva\Desktop\Suction_Pump-v1.1-\Suction_PUMP(v1.1)\ArduinoCore\Debug\libArduinoCore.a(wiring.o)
                0x00003adc                init
 .text._Z3maplllll
                0x00003b52       0x82 C:\Users\agva\Desktop\Suction_Pump-v1.1-\Suction_PUMP(v1.1)\ArduinoCore\Debug\libArduinoCore.a(WMath.o)
                0x00003b52                _Z3maplllll
 .text._ZNK6String14StringIfHelperEv
                0x00003bd4        0x2 C:\Users\agva\Desktop\Suction_Pump-v1.1-\Suction_PUMP(v1.1)\ArduinoCore\Debug\libArduinoCore.a(WString.o)
                0x00003bd4                _ZNK6String14StringIfHelperEv
 .text._ZN6StringD2Ev
                0x00003bd6       0x10 C:\Users\agva\Desktop\Suction_Pump-v1.1-\Suction_PUMP(v1.1)\ArduinoCore\Debug\libArduinoCore.a(WString.o)
                0x00003bd6                _ZN6StringD2Ev
                0x00003bd6                _ZN6StringD1Ev
 .text._ZN6String10invalidateEv
                0x00003be6       0x24 C:\Users\agva\Desktop\Suction_Pump-v1.1-\Suction_PUMP(v1.1)\ArduinoCore\Debug\libArduinoCore.a(WString.o)
                0x00003be6                _ZN6String10invalidateEv
 .text._ZN6String12changeBufferEj
                0x00003c0a       0x34 C:\Users\agva\Desktop\Suction_Pump-v1.1-\Suction_PUMP(v1.1)\ArduinoCore\Debug\libArduinoCore.a(WString.o)
                0x00003c0a                _ZN6String12changeBufferEj
 .text._ZN6String7reserveEj
                0x00003c3e       0x38 C:\Users\agva\Desktop\Suction_Pump-v1.1-\Suction_PUMP(v1.1)\ArduinoCore\Debug\libArduinoCore.a(WString.o)
                0x00003c3e                _ZN6String7reserveEj
 .text._ZN6String4copyEPKcj
                0x00003c76       0x42 C:\Users\agva\Desktop\Suction_Pump-v1.1-\Suction_PUMP(v1.1)\ArduinoCore\Debug\libArduinoCore.a(WString.o)
                0x00003c76                _ZN6String4copyEPKcj
 .text._ZN6StringC2EPKc
                0x00003cb8       0x2a C:\Users\agva\Desktop\Suction_Pump-v1.1-\Suction_PUMP(v1.1)\ArduinoCore\Debug\libArduinoCore.a(WString.o)
                0x00003cb8                _ZN6StringC2EPKc
                0x00003cb8                _ZN6StringC1EPKc
 .text._ZN6String4moveERS_
                0x00003ce2       0x7a C:\Users\agva\Desktop\Suction_Pump-v1.1-\Suction_PUMP(v1.1)\ArduinoCore\Debug\libArduinoCore.a(WString.o)
                0x00003ce2                _ZN6String4moveERS_
 .text._ZN6StringaSERKS_
                0x00003d5c       0x2e C:\Users\agva\Desktop\Suction_Pump-v1.1-\Suction_PUMP(v1.1)\ArduinoCore\Debug\libArduinoCore.a(WString.o)
                0x00003d5c                _ZN6StringaSERKS_
 .text._ZN6StringC2ERKS_
                0x00003d8a       0x12 C:\Users\agva\Desktop\Suction_Pump-v1.1-\Suction_PUMP(v1.1)\ArduinoCore\Debug\libArduinoCore.a(WString.o)
                0x00003d8a                _ZN6StringC2ERKS_
                0x00003d8a                _ZN6StringC1ERKS_
 .text._ZN6StringaSEOS_
                0x00003d9c       0x18 C:\Users\agva\Desktop\Suction_Pump-v1.1-\Suction_PUMP(v1.1)\ArduinoCore\Debug\libArduinoCore.a(WString.o)
                0x00003d9c                _ZN6StringaSEOS_
 .text._ZN6StringaSEPKc
                0x00003db4       0x2e C:\Users\agva\Desktop\Suction_Pump-v1.1-\Suction_PUMP(v1.1)\ArduinoCore\Debug\libArduinoCore.a(WString.o)
                0x00003db4                _ZN6StringaSEPKc
 .text._ZN6StringC2Efh
                0x00003de2       0x60 C:\Users\agva\Desktop\Suction_Pump-v1.1-\Suction_PUMP(v1.1)\ArduinoCore\Debug\libArduinoCore.a(WString.o)
                0x00003de2                _ZN6StringC2Efh
                0x00003de2                _ZN6StringC1Efh
 .text._ZNK6StringixEj
                0x00003e42       0x22 C:\Users\agva\Desktop\Suction_Pump-v1.1-\Suction_PUMP(v1.1)\ArduinoCore\Debug\libArduinoCore.a(WString.o)
                0x00003e42                _ZNK6StringixEj
 .text._ZNK6String6charAtEj
                0x00003e64        0x4 C:\Users\agva\Desktop\Suction_Pump-v1.1-\Suction_PUMP(v1.1)\ArduinoCore\Debug\libArduinoCore.a(WString.o)
                0x00003e64                _ZNK6String6charAtEj
 .text._ZN7AMS5812C2ER7TwoWirehNS_10TransducerE
                0x00003e68      0x368 C:\Users\agva\Desktop\Suction_Pump-v1.1-\Suction_PUMP(v1.1)\ArduinoCore\Debug\libArduinoCore.a(AMS5812.o)
                0x00003e68                _ZN7AMS5812C1ER7TwoWirehNS_10TransducerE
                0x00003e68                _ZN7AMS5812C2ER7TwoWirehNS_10TransducerE
 .text._ZN7AMS581214getPressure_PaEv
                0x000041d0        0xc C:\Users\agva\Desktop\Suction_Pump-v1.1-\Suction_PUMP(v1.1)\ArduinoCore\Debug\libArduinoCore.a(AMS5812.o)
                0x000041d0                _ZN7AMS581214getPressure_PaEv
 .text._ZN7AMS581213getTransducerEv
                0x000041dc      0x10e C:\Users\agva\Desktop\Suction_Pump-v1.1-\Suction_PUMP(v1.1)\ArduinoCore\Debug\libArduinoCore.a(AMS5812.o)
                0x000041dc                _ZN7AMS581213getTransducerEv
 .text._ZN7AMS58129readBytesEPjS0_
                0x000042ea       0xc6 C:\Users\agva\Desktop\Suction_Pump-v1.1-\Suction_PUMP(v1.1)\ArduinoCore\Debug\libArduinoCore.a(AMS5812.o)
                0x000042ea                _ZN7AMS58129readBytesEPjS0_
 .text._ZN7AMS58125beginEv
                0x000043b0       0x8a C:\Users\agva\Desktop\Suction_Pump-v1.1-\Suction_PUMP(v1.1)\ArduinoCore\Debug\libArduinoCore.a(AMS5812.o)
                0x000043b0                _ZN7AMS58125beginEv
 .text._ZN7AMS581210readSensorEv
                0x0000443a      0x148 C:\Users\agva\Desktop\Suction_Pump-v1.1-\Suction_PUMP(v1.1)\ArduinoCore\Debug\libArduinoCore.a(AMS5812.o)
                0x0000443a                _ZN7AMS581210readSensorEv
 .text._ZN14TFT_22_ILI9225C2Eaaaah
                0x00004582       0x4e C:\Users\agva\Desktop\Suction_Pump-v1.1-\Suction_PUMP(v1.1)\ArduinoCore\Debug\libArduinoCore.a(TFT_22_ILI9225.o)
                0x00004582                _ZN14TFT_22_ILI9225C2Eaaaah
                0x00004582                _ZN14TFT_22_ILI9225C1Eaaaah
 .text._ZN14TFT_22_ILI922518_orientCoordinatesERjS0_
                0x000045d0       0x86 C:\Users\agva\Desktop\Suction_Pump-v1.1-\Suction_PUMP(v1.1)\ArduinoCore\Debug\libArduinoCore.a(TFT_22_ILI9225.o)
                0x000045d0                _ZN14TFT_22_ILI922518_orientCoordinatesERjS0_
 .text._ZN14TFT_22_ILI922512setBacklightEb
                0x00004656       0x1e C:\Users\agva\Desktop\Suction_Pump-v1.1-\Suction_PUMP(v1.1)\ArduinoCore\Debug\libArduinoCore.a(TFT_22_ILI9225.o)
                0x00004656                _ZN14TFT_22_ILI922512setBacklightEb
 .text._ZN14TFT_22_ILI922514setOrientationEh
                0x00004674       0x32 C:\Users\agva\Desktop\Suction_Pump-v1.1-\Suction_PUMP(v1.1)\ArduinoCore\Debug\libArduinoCore.a(TFT_22_ILI9225.o)
                0x00004674                _ZN14TFT_22_ILI922514setOrientationEh
 .text._ZN14TFT_22_ILI922515_writeCommand16Ej
                0x000046a6       0x94 C:\Users\agva\Desktop\Suction_Pump-v1.1-\Suction_PUMP(v1.1)\ArduinoCore\Debug\libArduinoCore.a(TFT_22_ILI9225.o)
                0x000046a6                _ZN14TFT_22_ILI922515_writeCommand16Ej
 .text._ZN14TFT_22_ILI922512_writeData16Ej
                0x0000473a       0x92 C:\Users\agva\Desktop\Suction_Pump-v1.1-\Suction_PUMP(v1.1)\ArduinoCore\Debug\libArduinoCore.a(TFT_22_ILI9225.o)
                0x0000473a                _ZN14TFT_22_ILI922512_writeData16Ej
 .text._ZN14TFT_22_ILI922514_writeRegisterEjj
                0x000047cc       0x20 C:\Users\agva\Desktop\Suction_Pump-v1.1-\Suction_PUMP(v1.1)\ArduinoCore\Debug\libArduinoCore.a(TFT_22_ILI9225.o)
                0x000047cc                _ZN14TFT_22_ILI922514_writeRegisterEjj
 .text._ZN14TFT_22_ILI922512_resetWindowEv
                0x000047ec       0x40 C:\Users\agva\Desktop\Suction_Pump-v1.1-\Suction_PUMP(v1.1)\ArduinoCore\Debug\libArduinoCore.a(TFT_22_ILI9225.o)
                0x000047ec                _ZN14TFT_22_ILI922512_resetWindowEv
 .text._ZN14TFT_22_ILI92257setFontEPhb
                0x0000482c       0x56 C:\Users\agva\Desktop\Suction_Pump-v1.1-\Suction_PUMP(v1.1)\ArduinoCore\Debug\libArduinoCore.a(TFT_22_ILI9225.o)
                0x0000482c                _ZN14TFT_22_ILI92257setFontEPhb
 .text._ZN14TFT_22_ILI922510startWriteEv
                0x00004882       0x7e C:\Users\agva\Desktop\Suction_Pump-v1.1-\Suction_PUMP(v1.1)\ArduinoCore\Debug\libArduinoCore.a(TFT_22_ILI9225.o)
                0x00004882                _ZN14TFT_22_ILI922510startWriteEv
 .text._ZN14TFT_22_ILI92258endWriteEv
                0x00004900       0x60 C:\Users\agva\Desktop\Suction_Pump-v1.1-\Suction_PUMP(v1.1)\ArduinoCore\Debug\libArduinoCore.a(TFT_22_ILI9225.o)
                0x00004900                _ZN14TFT_22_ILI92258endWriteEv
 .text._ZN14TFT_22_ILI922510_setWindowEjjjj13autoIncMode_t
                0x00004960      0x2f2 C:\Users\agva\Desktop\Suction_Pump-v1.1-\Suction_PUMP(v1.1)\ArduinoCore\Debug\libArduinoCore.a(TFT_22_ILI9225.o)
                0x00004960                _ZN14TFT_22_ILI922510_setWindowEjjjj13autoIncMode_t
 .text._ZN14TFT_22_ILI922510_setWindowEjjjj
                0x00004c52       0x16 C:\Users\agva\Desktop\Suction_Pump-v1.1-\Suction_PUMP(v1.1)\ArduinoCore\Debug\libArduinoCore.a(TFT_22_ILI9225.o)
                0x00004c52                _ZN14TFT_22_ILI922510_setWindowEjjjj
 .text._ZN14TFT_22_ILI922513fillRectangleEjjjjj
                0x00004c68       0x8c C:\Users\agva\Desktop\Suction_Pump-v1.1-\Suction_PUMP(v1.1)\ArduinoCore\Debug\libArduinoCore.a(TFT_22_ILI9225.o)
                0x00004c68                _ZN14TFT_22_ILI922513fillRectangleEjjjjj
 .text._ZN14TFT_22_ILI92255clearEv
                0x00004cf4       0x5c C:\Users\agva\Desktop\Suction_Pump-v1.1-\Suction_PUMP(v1.1)\ArduinoCore\Debug\libArduinoCore.a(TFT_22_ILI9225.o)
                0x00004cf4                _ZN14TFT_22_ILI92255clearEv
 .text._ZN14TFT_22_ILI92255beginEv
                0x00004d50      0x484 C:\Users\agva\Desktop\Suction_Pump-v1.1-\Suction_PUMP(v1.1)\ArduinoCore\Debug\libArduinoCore.a(TFT_22_ILI9225.o)
                0x00004d50                _ZN14TFT_22_ILI92255beginEv
 .text._ZN14TFT_22_ILI92259drawPixelEjjj
                0x000051d4       0x9a C:\Users\agva\Desktop\Suction_Pump-v1.1-\Suction_PUMP(v1.1)\ArduinoCore\Debug\libArduinoCore.a(TFT_22_ILI9225.o)
                0x000051d4                _ZN14TFT_22_ILI92259drawPixelEjjj
 .text._ZN14TFT_22_ILI92258drawLineEjjjjj
                0x0000526e      0x162 C:\Users\agva\Desktop\Suction_Pump-v1.1-\Suction_PUMP(v1.1)\ArduinoCore\Debug\libArduinoCore.a(TFT_22_ILI9225.o)
                0x0000526e                _ZN14TFT_22_ILI92258drawLineEjjjjj
 .text._ZN14TFT_22_ILI922513drawRectangleEjjjjj
                0x000053d0       0x88 C:\Users\agva\Desktop\Suction_Pump-v1.1-\Suction_PUMP(v1.1)\ArduinoCore\Debug\libArduinoCore.a(TFT_22_ILI9225.o)
                0x000053d0                _ZN14TFT_22_ILI922513drawRectangleEjjjjj
 .text._ZN14TFT_22_ILI922511_drawBitmapEiiPKhiijjbbb
                0x00005458      0x316 C:\Users\agva\Desktop\Suction_Pump-v1.1-\Suction_PUMP(v1.1)\ArduinoCore\Debug\libArduinoCore.a(TFT_22_ILI9225.o)
                0x00005458                _ZN14TFT_22_ILI922511_drawBitmapEiiPKhiijjbbb
 .text._ZN14TFT_22_ILI922510drawBitmapEiiPKhiij
                0x0000576e       0x3c C:\Users\agva\Desktop\Suction_Pump-v1.1-\Suction_PUMP(v1.1)\ArduinoCore\Debug\libArduinoCore.a(TFT_22_ILI9225.o)
                0x0000576e                _ZN14TFT_22_ILI922510drawBitmapEiiPKhiij
 .text._ZN14TFT_22_ILI922510setGFXFontEPK7GFXfont
                0x000057aa        0xc C:\Users\agva\Desktop\Suction_Pump-v1.1-\Suction_PUMP(v1.1)\ArduinoCore\Debug\libArduinoCore.a(TFT_22_ILI9225.o)
                0x000057aa                _ZN14TFT_22_ILI922510setGFXFontEPK7GFXfont
 .text._ZN14TFT_22_ILI922511drawGFXCharEiihj
                0x000057b6      0x13c C:\Users\agva\Desktop\Suction_Pump-v1.1-\Suction_PUMP(v1.1)\ArduinoCore\Debug\libArduinoCore.a(TFT_22_ILI9225.o)
                0x000057b6                _ZN14TFT_22_ILI922511drawGFXCharEiihj
 .text._ZN14TFT_22_ILI922511drawGFXTextEii6Stringj
                0x000058f2       0x7e C:\Users\agva\Desktop\Suction_Pump-v1.1-\Suction_PUMP(v1.1)\ArduinoCore\Debug\libArduinoCore.a(TFT_22_ILI9225.o)
                0x000058f2                _ZN14TFT_22_ILI922511drawGFXTextEii6Stringj
 .text._ZN7TwoWire9availableEv
                0x00005970       0x10 C:\Users\agva\Desktop\Suction_Pump-v1.1-\Suction_PUMP(v1.1)\ArduinoCore\Debug\libArduinoCore.a(Wire.o)
                0x00005970                _ZN7TwoWire9availableEv
 .text._ZN7TwoWire4readEv
                0x00005980       0x28 C:\Users\agva\Desktop\Suction_Pump-v1.1-\Suction_PUMP(v1.1)\ArduinoCore\Debug\libArduinoCore.a(Wire.o)
                0x00005980                _ZN7TwoWire4readEv
 .text._ZN7TwoWire4peekEv
                0x000059a8       0x1e C:\Users\agva\Desktop\Suction_Pump-v1.1-\Suction_PUMP(v1.1)\ArduinoCore\Debug\libArduinoCore.a(Wire.o)
                0x000059a8                _ZN7TwoWire4peekEv
 .text._ZN7TwoWire5flushEv
                0x000059c6        0x2 C:\Users\agva\Desktop\Suction_Pump-v1.1-\Suction_PUMP(v1.1)\ArduinoCore\Debug\libArduinoCore.a(Wire.o)
                0x000059c6                _ZN7TwoWire5flushEv
 .text._ZN7TwoWire16onReceiveServiceEPhi
                0x000059c8       0x54 C:\Users\agva\Desktop\Suction_Pump-v1.1-\Suction_PUMP(v1.1)\ArduinoCore\Debug\libArduinoCore.a(Wire.o)
                0x000059c8                _ZN7TwoWire16onReceiveServiceEPhi
 .text._ZN7TwoWire16onRequestServiceEv
                0x00005a1c       0x18 C:\Users\agva\Desktop\Suction_Pump-v1.1-\Suction_PUMP(v1.1)\ArduinoCore\Debug\libArduinoCore.a(Wire.o)
                0x00005a1c                _ZN7TwoWire16onRequestServiceEv
 .text._ZN7TwoWire5writeEPKhj
                0x00005a34       0x5a C:\Users\agva\Desktop\Suction_Pump-v1.1-\Suction_PUMP(v1.1)\ArduinoCore\Debug\libArduinoCore.a(Wire.o)
                0x00005a34                _ZN7TwoWire5writeEPKhj
 .text._ZN7TwoWire5writeEh
                0x00005a8e       0x5e C:\Users\agva\Desktop\Suction_Pump-v1.1-\Suction_PUMP(v1.1)\ArduinoCore\Debug\libArduinoCore.a(Wire.o)
                0x00005a8e                _ZN7TwoWire5writeEh
 .text._ZN7TwoWireC2Ev
                0x00005aec       0x20 C:\Users\agva\Desktop\Suction_Pump-v1.1-\Suction_PUMP(v1.1)\ArduinoCore\Debug\libArduinoCore.a(Wire.o)
                0x00005aec                _ZN7TwoWireC1Ev
                0x00005aec                _ZN7TwoWireC2Ev
 .text._ZN7TwoWire5beginEv
                0x00005b0c       0x24 C:\Users\agva\Desktop\Suction_Pump-v1.1-\Suction_PUMP(v1.1)\ArduinoCore\Debug\libArduinoCore.a(Wire.o)
                0x00005b0c                _ZN7TwoWire5beginEv
 .text._ZN7TwoWire8setClockEm
                0x00005b30        0x8 C:\Users\agva\Desktop\Suction_Pump-v1.1-\Suction_PUMP(v1.1)\ArduinoCore\Debug\libArduinoCore.a(Wire.o)
                0x00005b30                _ZN7TwoWire8setClockEm
 .text._ZN7TwoWire17beginTransmissionEh
                0x00005b38       0x14 C:\Users\agva\Desktop\Suction_Pump-v1.1-\Suction_PUMP(v1.1)\ArduinoCore\Debug\libArduinoCore.a(Wire.o)
                0x00005b38                _ZN7TwoWire17beginTransmissionEh
 .text._ZN7TwoWire15endTransmissionEh
                0x00005b4c       0x26 C:\Users\agva\Desktop\Suction_Pump-v1.1-\Suction_PUMP(v1.1)\ArduinoCore\Debug\libArduinoCore.a(Wire.o)
                0x00005b4c                _ZN7TwoWire15endTransmissionEh
 .text._ZN7TwoWire11requestFromEhhmhh
                0x00005b72       0xa8 C:\Users\agva\Desktop\Suction_Pump-v1.1-\Suction_PUMP(v1.1)\ArduinoCore\Debug\libArduinoCore.a(Wire.o)
                0x00005b72                _ZN7TwoWire11requestFromEhhmhh
 .text._ZN7TwoWire11requestFromEhhh
                0x00005c1a       0x20 C:\Users\agva\Desktop\Suction_Pump-v1.1-\Suction_PUMP(v1.1)\ArduinoCore\Debug\libArduinoCore.a(Wire.o)
                0x00005c1a                _ZN7TwoWire11requestFromEhhh
 .text._ZN7TwoWire11requestFromEhh
                0x00005c3a        0x6 C:\Users\agva\Desktop\Suction_Pump-v1.1-\Suction_PUMP(v1.1)\ArduinoCore\Debug\libArduinoCore.a(Wire.o)
                0x00005c3a                _ZN7TwoWire11requestFromEhh
 .text.startup._GLOBAL__sub_I__ZN7TwoWire8rxBufferE
                0x00005c40        0x8 C:\Users\agva\Desktop\Suction_Pump-v1.1-\Suction_PUMP(v1.1)\ArduinoCore\Debug\libArduinoCore.a(Wire.o)
 .text.__empty  0x00005c48        0x2 C:\Users\agva\Desktop\Suction_Pump-v1.1-\Suction_PUMP(v1.1)\ArduinoCore\Debug\libArduinoCore.a(hooks.o)
                0x00005c48                yield
 .text.analogWrite
                0x00005c4a       0xbe C:\Users\agva\Desktop\Suction_Pump-v1.1-\Suction_PUMP(v1.1)\ArduinoCore\Debug\libArduinoCore.a(wiring_analog.o)
                0x00005c4a                analogWrite
 .text.turnOffPWM
                0x00005d08       0x52 C:\Users\agva\Desktop\Suction_Pump-v1.1-\Suction_PUMP(v1.1)\ArduinoCore\Debug\libArduinoCore.a(wiring_digital.o)
 .text.pinMode  0x00005d5a       0x78 C:\Users\agva\Desktop\Suction_Pump-v1.1-\Suction_PUMP(v1.1)\ArduinoCore\Debug\libArduinoCore.a(wiring_digital.o)
                0x00005d5a                pinMode
 .text.digitalWrite
                0x00005dd2       0x5e C:\Users\agva\Desktop\Suction_Pump-v1.1-\Suction_PUMP(v1.1)\ArduinoCore\Debug\libArduinoCore.a(wiring_digital.o)
                0x00005dd2                digitalWrite
 .text._ZN8SPIClass5beginEv
                0x00005e30       0x6c C:\Users\agva\Desktop\Suction_Pump-v1.1-\Suction_PUMP(v1.1)\ArduinoCore\Debug\libArduinoCore.a(SPI.o)
                0x00005e30                _ZN8SPIClass5beginEv
 .text.twi_init
                0x00005e9c       0x3c C:\Users\agva\Desktop\Suction_Pump-v1.1-\Suction_PUMP(v1.1)\ArduinoCore\Debug\libArduinoCore.a(twi.o)
                0x00005e9c                twi_init
 .text.twi_disable
                0x00005ed8       0x1a C:\Users\agva\Desktop\Suction_Pump-v1.1-\Suction_PUMP(v1.1)\ArduinoCore\Debug\libArduinoCore.a(twi.o)
                0x00005ed8                twi_disable
 .text.twi_setFrequency
                0x00005ef2       0x28 C:\Users\agva\Desktop\Suction_Pump-v1.1-\Suction_PUMP(v1.1)\ArduinoCore\Debug\libArduinoCore.a(twi.o)
                0x00005ef2                twi_setFrequency
 .text.twi_transmit
                0x00005f1a       0x50 C:\Users\agva\Desktop\Suction_Pump-v1.1-\Suction_PUMP(v1.1)\ArduinoCore\Debug\libArduinoCore.a(twi.o)
                0x00005f1a                twi_transmit
 .text.twi_attachSlaveRxEvent
                0x00005f6a        0xa C:\Users\agva\Desktop\Suction_Pump-v1.1-\Suction_PUMP(v1.1)\ArduinoCore\Debug\libArduinoCore.a(twi.o)
                0x00005f6a                twi_attachSlaveRxEvent
 .text.twi_attachSlaveTxEvent
                0x00005f74        0xa C:\Users\agva\Desktop\Suction_Pump-v1.1-\Suction_PUMP(v1.1)\ArduinoCore\Debug\libArduinoCore.a(twi.o)
                0x00005f74                twi_attachSlaveTxEvent
 .text.twi_releaseBus
                0x00005f7e        0xc C:\Users\agva\Desktop\Suction_Pump-v1.1-\Suction_PUMP(v1.1)\ArduinoCore\Debug\libArduinoCore.a(twi.o)
                0x00005f7e                twi_releaseBus
 .text.twi_handleTimeout
                0x00005f8a       0x2c C:\Users\agva\Desktop\Suction_Pump-v1.1-\Suction_PUMP(v1.1)\ArduinoCore\Debug\libArduinoCore.a(twi.o)
                0x00005f8a                twi_handleTimeout
 .text.twi_readFrom
                0x00005fb6      0x1d2 C:\Users\agva\Desktop\Suction_Pump-v1.1-\Suction_PUMP(v1.1)\ArduinoCore\Debug\libArduinoCore.a(twi.o)
                0x00005fb6                twi_readFrom
 .text.twi_writeTo
                0x00006188      0x1e0 C:\Users\agva\Desktop\Suction_Pump-v1.1-\Suction_PUMP(v1.1)\ArduinoCore\Debug\libArduinoCore.a(twi.o)
                0x00006188                twi_writeTo
 .text.twi_stop
                0x00006368       0x70 C:\Users\agva\Desktop\Suction_Pump-v1.1-\Suction_PUMP(v1.1)\ArduinoCore\Debug\libArduinoCore.a(twi.o)
                0x00006368                twi_stop
 .text.__vector_24
                0x000063d8      0x25a C:\Users\agva\Desktop\Suction_Pump-v1.1-\Suction_PUMP(v1.1)\ArduinoCore\Debug\libArduinoCore.a(twi.o)
                0x000063d8                __vector_24
 .text.avr-libc.fplib
                0x00006632        0xa c:/program files (x86)/atmel/studio/7.0/toolchain/avr8/avr8-gnu-toolchain/bin/../lib/gcc/avr/5.4.0/../../../../avr/lib/avr5\libm.a(cmpsf2.o)
                0x00006632                __nesf2
                0x00006632                __eqsf2
                0x00006632                __cmpsf2
                0x00006632                __ltsf2
                0x00006632                __lesf2
 .text.avr-libc.fplib
                0x0000663c        0x8 c:/program files (x86)/atmel/studio/7.0/toolchain/avr8/avr8-gnu-toolchain/bin/../lib/gcc/avr/5.4.0/../../../../avr/lib/avr5\libm.a(mulsf3.o)
                0x0000663c                __mulsf3
 .text.avr-libc.fplib
                0x00006644       0xd2 c:/program files (x86)/atmel/studio/7.0/toolchain/avr8/avr8-gnu-toolchain/bin/../lib/gcc/avr/5.4.0/../../../../avr/lib/avr5\libm.a(mulsf3x.o)
                0x00006662                __mulsf3x
                0x00006668                __mulsf3_pse
 .text.avr-libc.fplib
                0x00006716        0xa c:/program files (x86)/atmel/studio/7.0/toolchain/avr8/avr8-gnu-toolchain/bin/../lib/gcc/avr/5.4.0/../../../../avr/lib/avr5\libm.a(unordsf2.o)
                0x00006716                __unordsf2
 .text.libgcc.mul
                0x00006720       0x20 c:/program files (x86)/atmel/studio/7.0/toolchain/avr8/avr8-gnu-toolchain/bin/../lib/gcc/avr/5.4.0/avr5\libgcc.a(_mulsi3.o)
                0x00006720                __mulsi3
 .text.libgcc.div
                0x00006740       0x28 c:/program files (x86)/atmel/studio/7.0/toolchain/avr8/avr8-gnu-toolchain/bin/../lib/gcc/avr/5.4.0/avr5\libgcc.a(_divmodhi4.o)
                0x00006740                _div
                0x00006740                __divmodhi4
 .text.libgcc.div
                0x00006768       0x44 c:/program files (x86)/atmel/studio/7.0/toolchain/avr8/avr8-gnu-toolchain/bin/../lib/gcc/avr/5.4.0/avr5\libgcc.a(_udivmodsi4.o)
                0x00006768                __udivmodsi4
 .text.libgcc.div
                0x000067ac       0x2e c:/program files (x86)/atmel/studio/7.0/toolchain/avr8/avr8-gnu-toolchain/bin/../lib/gcc/avr/5.4.0/avr5\libgcc.a(_divmodsi4.o)
                0x000067ac                __divmodsi4
 .text.libgcc.div
                0x000067da       0x10 c:/program files (x86)/atmel/studio/7.0/toolchain/avr8/avr8-gnu-toolchain/bin/../lib/gcc/avr/5.4.0/avr5\libgcc.a(_negsi2.o)
                0x000067da                __negsi2
 .text.libgcc   0x000067ea        0xc c:/program files (x86)/atmel/studio/7.0/toolchain/avr8/avr8-gnu-toolchain/bin/../lib/gcc/avr/5.4.0/avr5\libgcc.a(_tablejump2.o)
                0x000067ea                __tablejump2__
 .text.libgcc.mul
                0x000067f6       0x16 c:/program files (x86)/atmel/studio/7.0/toolchain/avr8/avr8-gnu-toolchain/bin/../lib/gcc/avr/5.4.0/avr5\libgcc.a(_muluhisi3.o)
                0x000067f6                __muluhisi3
 .text.libgcc.div
                0x0000680c       0x28 c:/program files (x86)/atmel/studio/7.0/toolchain/avr8/avr8-gnu-toolchain/bin/../lib/gcc/avr/5.4.0/avr5\libgcc.a(_udivmodhi4.o)
                0x0000680c                __udivmodhi4
 .text.libgcc.mul
                0x00006834       0x1e c:/program files (x86)/atmel/studio/7.0/toolchain/avr8/avr8-gnu-toolchain/bin/../lib/gcc/avr/5.4.0/avr5\libgcc.a(_umulhisi3.o)
                0x00006834                __umulhisi3
 .text.avr-libc
                0x00006852       0x40 c:/program files (x86)/atmel/studio/7.0/toolchain/avr8/avr8-gnu-toolchain/bin/../lib/gcc/avr/5.4.0/../../../../avr/lib/avr5\libc.a(dtostrf.o)
                0x00006852                dtostrf
 .text.avr-libc
                0x00006892      0x242 c:/program files (x86)/atmel/studio/7.0/toolchain/avr8/avr8-gnu-toolchain/bin/../lib/gcc/avr/5.4.0/../../../../avr/lib/avr5\libc.a(malloc.o)
                0x00006892                malloc
                0x000069c2                free
 .text.avr-libc
                0x00006ad4      0x18c c:/program files (x86)/atmel/studio/7.0/toolchain/avr8/avr8-gnu-toolchain/bin/../lib/gcc/avr/5.4.0/../../../../avr/lib/avr5\libc.a(realloc.o)
                0x00006ad4                realloc
 .text.avr-libc
                0x00006c60       0x12 c:/program files (x86)/atmel/studio/7.0/toolchain/avr8/avr8-gnu-toolchain/bin/../lib/gcc/avr/5.4.0/../../../../avr/lib/avr5\libc.a(memcpy.o)
                0x00006c60                memcpy
 .text.avr-libc
                0x00006c72        0xe c:/program files (x86)/atmel/studio/7.0/toolchain/avr8/avr8-gnu-toolchain/bin/../lib/gcc/avr/5.4.0/../../../../avr/lib/avr5\libc.a(strcpy.o)
                0x00006c72                strcpy
 .text.avr-libc
                0x00006c80       0x44 c:/program files (x86)/atmel/studio/7.0/toolchain/avr8/avr8-gnu-toolchain/bin/../lib/gcc/avr/5.4.0/../../../../avr/lib/avr5\libc.a(sprintf.o)
                0x00006c80                sprintf
 .text.avr-libc
                0x00006cc4      0x3c2 c:/program files (x86)/atmel/studio/7.0/toolchain/avr8/avr8-gnu-toolchain/bin/../lib/gcc/avr/5.4.0/../../../../avr/lib/avr5\libc.a(vfprintf_std.o)
                0x00006cc4                vfprintf
 .text.avr-libc
                0x00007086      0x2b4 c:/program files (x86)/atmel/studio/7.0/toolchain/avr8/avr8-gnu-toolchain/bin/../lib/gcc/avr/5.4.0/../../../../avr/lib/avr5\libc.a(dtoa_prf.o)
                0x00007086                dtoa_prf
 .text.avr-libc
                0x0000733a      0x1b0 c:/program files (x86)/atmel/studio/7.0/toolchain/avr8/avr8-gnu-toolchain/bin/../lib/gcc/avr/5.4.0/../../../../avr/lib/avr5\libc.a(ftoa_engine.o)
                0x0000733a                __ftoa_engine
 .text.avr-libc
                0x000074ea       0x16 c:/program files (x86)/atmel/studio/7.0/toolchain/avr8/avr8-gnu-toolchain/bin/../lib/gcc/avr/5.4.0/../../../../avr/lib/avr5\libc.a(strnlen_P.o)
                0x000074ea                strnlen_P
 .text.avr-libc
                0x00007500       0x16 c:/program files (x86)/atmel/studio/7.0/toolchain/avr8/avr8-gnu-toolchain/bin/../lib/gcc/avr/5.4.0/../../../../avr/lib/avr5\libc.a(strnlen.o)
                0x00007500                strnlen
 .text.avr-libc
                0x00007516       0x78 c:/program files (x86)/atmel/studio/7.0/toolchain/avr8/avr8-gnu-toolchain/bin/../lib/gcc/avr/5.4.0/../../../../avr/lib/avr5\libc.a(fputc.o)
                0x00007516                fputc
 .text.avr-libc
                0x0000758e       0xbc c:/program files (x86)/atmel/studio/7.0/toolchain/avr8/avr8-gnu-toolchain/bin/../lib/gcc/avr/5.4.0/../../../../avr/lib/avr5\libc.a(ultoa_invert.o)
                0x0000758e                __ultoa_invert
 .text.libgcc.prologue
                0x0000764a       0x38 c:/program files (x86)/atmel/studio/7.0/toolchain/avr8/avr8-gnu-toolchain/bin/../lib/gcc/avr/5.4.0/avr5\libgcc.a(_prologue.o)
                0x0000764a                __prologue_saves__
 .text.libgcc.prologue
                0x00007682       0x36 c:/program files (x86)/atmel/studio/7.0/toolchain/avr8/avr8-gnu-toolchain/bin/../lib/gcc/avr/5.4.0/avr5\libgcc.a(_epilogue.o)
                0x00007682                __epilogue_restores__
                0x000076b8                . = ALIGN (0x2)
 *(.fini9)
 .fini9         0x000076b8        0x0 c:/program files (x86)/atmel/studio/7.0/toolchain/avr8/avr8-gnu-toolchain/bin/../lib/gcc/avr/5.4.0/avr5\libgcc.a(_exit.o)
                0x000076b8                _exit
                0x000076b8                exit
 *(.fini9)
 *(.fini8)
 *(.fini8)
 *(.fini7)
 *(.fini7)
 *(.fini6)
 .fini6         0x000076b8       0x16 c:/program files (x86)/atmel/studio/7.0/toolchain/avr8/avr8-gnu-toolchain/bin/../lib/gcc/avr/5.4.0/avr5\libgcc.a(_dtors.o)
                0x000076b8                __do_global_dtors
 *(.fini6)
 *(.fini5)
 *(.fini5)
 *(.fini4)
 *(.fini4)
 *(.fini3)
 *(.fini3)
 *(.fini2)
 *(.fini2)
 *(.fini1)
 *(.fini1)
 *(.fini0)
 .fini0         0x000076ce        0x4 c:/program files (x86)/atmel/studio/7.0/toolchain/avr8/avr8-gnu-toolchain/bin/../lib/gcc/avr/5.4.0/avr5\libgcc.a(_exit.o)
 *(.fini0)
                0x000076d2                _etext = .

.data           0x00800100      0x134 load address 0x000076d2
                0x00800100                PROVIDE (__data_start, .)
 *(.data)
 .data          0x00800100        0x6 c:/program files (x86)/atmel/studio/7.0/toolchain/avr8/avr8-gnu-toolchain/bin/../lib/gcc/avr/5.4.0/../../../../avr/lib/avr5\libc.a(malloc.o)
                0x00800100                __malloc_heap_end
                0x00800102                __malloc_heap_start
                0x00800104                __malloc_margin
 *(.data*)
 *(.gnu.linkonce.d*)
 *(.rodata)
 .rodata        0x00800106       0x18 C:\Users\agva\Desktop\Suction_Pump-v1.1-\Suction_PUMP(v1.1)\ArduinoCore\Debug\libArduinoCore.a(TFT_22_ILI9225.o)
 *(.rodata*)
 .rodata.str1.1
                0x0080011e       0x68 main.o
                                 0x6b (size before relaxing)
 .rodata._ZTV14HardwareSerial
                0x00800186       0x12 C:\Users\agva\Desktop\Suction_Pump-v1.1-\Suction_PUMP(v1.1)\ArduinoCore\Debug\libArduinoCore.a(HardwareSerial.o)
                0x00800186                _ZTV14HardwareSerial
 .rodata.str1.1
                0x00800198        0xf C:\Users\agva\Desktop\Suction_Pump-v1.1-\Suction_PUMP(v1.1)\ArduinoCore\Debug\libArduinoCore.a(Print.o)
 .rodata.str1.1
                0x008001a7       0x7b C:\Users\agva\Desktop\Suction_Pump-v1.1-\Suction_PUMP(v1.1)\ArduinoCore\Debug\libArduinoCore.a(TFT_22_ILI9225.o)
 .rodata._ZTV7TwoWire
                0x00800222       0x12 C:\Users\agva\Desktop\Suction_Pump-v1.1-\Suction_PUMP(v1.1)\ArduinoCore\Debug\libArduinoCore.a(Wire.o)
                0x00800222                _ZTV7TwoWire
 *(.gnu.linkonce.r*)
                0x00800234                . = ALIGN (0x2)
                0x00800234                _edata = .
                0x00800234                PROVIDE (__data_end, .)

.bss            0x00800234      0x2bc
                0x00800234                PROVIDE (__bss_start, .)
 *(.bss)
 *(.bss*)
 .bss.dPress    0x00800234       0xea main.o
                0x00800234                dPress
 .bss.tft       0x0080031e       0x44 main.o
                0x0080031e                tft
 .bss.stringTwo
                0x00800362        0x6 main.o
                0x00800362                stringTwo
 .bss.Current_Area
                0x00800368        0x2 main.o
                0x00800368                Current_Area
 .bss.Previous_Area
                0x0080036a        0x2 main.o
                0x0080036a                Previous_Area
 .bss.Current_Pressure
                0x0080036c        0x4 main.o
                0x0080036c                Current_Pressure
 .bss.Previous_Pressure
                0x00800370        0x4 main.o
                0x00800370                Previous_Pressure
 .bss.pressure  0x00800374        0x4 main.o
                0x00800374                pressure
 .bss.Serial    0x00800378       0x9d C:\Users\agva\Desktop\Suction_Pump-v1.1-\Suction_PUMP(v1.1)\ArduinoCore\Debug\libArduinoCore.a(HardwareSerial0.o)
                0x00800378                Serial
 .bss.timer0_fract
                0x00800415        0x1 C:\Users\agva\Desktop\Suction_Pump-v1.1-\Suction_PUMP(v1.1)\ArduinoCore\Debug\libArduinoCore.a(wiring.o)
 .bss.timer0_millis
                0x00800416        0x4 C:\Users\agva\Desktop\Suction_Pump-v1.1-\Suction_PUMP(v1.1)\ArduinoCore\Debug\libArduinoCore.a(wiring.o)
                0x00800416                timer0_millis
 .bss.timer0_overflow_count
                0x0080041a        0x4 C:\Users\agva\Desktop\Suction_Pump-v1.1-\Suction_PUMP(v1.1)\ArduinoCore\Debug\libArduinoCore.a(wiring.o)
                0x0080041a                timer0_overflow_count
 .bss.Wire      0x0080041e        0xc C:\Users\agva\Desktop\Suction_Pump-v1.1-\Suction_PUMP(v1.1)\ArduinoCore\Debug\libArduinoCore.a(Wire.o)
                0x0080041e                Wire
 .bss._ZN7TwoWire14user_onReceiveE
                0x0080042a        0x2 C:\Users\agva\Desktop\Suction_Pump-v1.1-\Suction_PUMP(v1.1)\ArduinoCore\Debug\libArduinoCore.a(Wire.o)
                0x0080042a                _ZN7TwoWire14user_onReceiveE
 .bss._ZN7TwoWire14user_onRequestE
                0x0080042c        0x2 C:\Users\agva\Desktop\Suction_Pump-v1.1-\Suction_PUMP(v1.1)\ArduinoCore\Debug\libArduinoCore.a(Wire.o)
                0x0080042c                _ZN7TwoWire14user_onRequestE
 .bss._ZN7TwoWire12transmittingE
                0x0080042e        0x1 C:\Users\agva\Desktop\Suction_Pump-v1.1-\Suction_PUMP(v1.1)\ArduinoCore\Debug\libArduinoCore.a(Wire.o)
                0x0080042e                _ZN7TwoWire12transmittingE
 .bss._ZN7TwoWire14txBufferLengthE
                0x0080042f        0x1 C:\Users\agva\Desktop\Suction_Pump-v1.1-\Suction_PUMP(v1.1)\ArduinoCore\Debug\libArduinoCore.a(Wire.o)
                0x0080042f                _ZN7TwoWire14txBufferLengthE
 .bss._ZN7TwoWire13txBufferIndexE
                0x00800430        0x1 C:\Users\agva\Desktop\Suction_Pump-v1.1-\Suction_PUMP(v1.1)\ArduinoCore\Debug\libArduinoCore.a(Wire.o)
                0x00800430                _ZN7TwoWire13txBufferIndexE
 .bss._ZN7TwoWire8txBufferE
                0x00800431       0x20 C:\Users\agva\Desktop\Suction_Pump-v1.1-\Suction_PUMP(v1.1)\ArduinoCore\Debug\libArduinoCore.a(Wire.o)
                0x00800431                _ZN7TwoWire8txBufferE
 .bss._ZN7TwoWire9txAddressE
                0x00800451        0x1 C:\Users\agva\Desktop\Suction_Pump-v1.1-\Suction_PUMP(v1.1)\ArduinoCore\Debug\libArduinoCore.a(Wire.o)
                0x00800451                _ZN7TwoWire9txAddressE
 .bss._ZN7TwoWire14rxBufferLengthE
                0x00800452        0x1 C:\Users\agva\Desktop\Suction_Pump-v1.1-\Suction_PUMP(v1.1)\ArduinoCore\Debug\libArduinoCore.a(Wire.o)
                0x00800452                _ZN7TwoWire14rxBufferLengthE
 .bss._ZN7TwoWire13rxBufferIndexE
                0x00800453        0x1 C:\Users\agva\Desktop\Suction_Pump-v1.1-\Suction_PUMP(v1.1)\ArduinoCore\Debug\libArduinoCore.a(Wire.o)
                0x00800453                _ZN7TwoWire13rxBufferIndexE
 .bss._ZN7TwoWire8rxBufferE
                0x00800454       0x20 C:\Users\agva\Desktop\Suction_Pump-v1.1-\Suction_PUMP(v1.1)\ArduinoCore\Debug\libArduinoCore.a(Wire.o)
                0x00800454                _ZN7TwoWire8rxBufferE
 .bss._ZN8SPIClass13interruptSaveE
                0x00800474        0x1 C:\Users\agva\Desktop\Suction_Pump-v1.1-\Suction_PUMP(v1.1)\ArduinoCore\Debug\libArduinoCore.a(SPI.o)
                0x00800474                _ZN8SPIClass13interruptSaveE
 .bss._ZN8SPIClass13interruptMaskE
                0x00800475        0x1 C:\Users\agva\Desktop\Suction_Pump-v1.1-\Suction_PUMP(v1.1)\ArduinoCore\Debug\libArduinoCore.a(SPI.o)
                0x00800475                _ZN8SPIClass13interruptMaskE
 .bss._ZN8SPIClass13interruptModeE
                0x00800476        0x1 C:\Users\agva\Desktop\Suction_Pump-v1.1-\Suction_PUMP(v1.1)\ArduinoCore\Debug\libArduinoCore.a(SPI.o)
                0x00800476                _ZN8SPIClass13interruptModeE
 .bss._ZN8SPIClass11initializedE
                0x00800477        0x1 C:\Users\agva\Desktop\Suction_Pump-v1.1-\Suction_PUMP(v1.1)\ArduinoCore\Debug\libArduinoCore.a(SPI.o)
                0x00800477                _ZN8SPIClass11initializedE
 .bss.twi_error
                0x00800478        0x1 C:\Users\agva\Desktop\Suction_Pump-v1.1-\Suction_PUMP(v1.1)\ArduinoCore\Debug\libArduinoCore.a(twi.o)
 .bss.twi_rxBufferIndex
                0x00800479        0x1 C:\Users\agva\Desktop\Suction_Pump-v1.1-\Suction_PUMP(v1.1)\ArduinoCore\Debug\libArduinoCore.a(twi.o)
 .bss.twi_rxBuffer
                0x0080047a       0x20 C:\Users\agva\Desktop\Suction_Pump-v1.1-\Suction_PUMP(v1.1)\ArduinoCore\Debug\libArduinoCore.a(twi.o)
 .bss.twi_txBufferLength
                0x0080049a        0x1 C:\Users\agva\Desktop\Suction_Pump-v1.1-\Suction_PUMP(v1.1)\ArduinoCore\Debug\libArduinoCore.a(twi.o)
 .bss.twi_txBufferIndex
                0x0080049b        0x1 C:\Users\agva\Desktop\Suction_Pump-v1.1-\Suction_PUMP(v1.1)\ArduinoCore\Debug\libArduinoCore.a(twi.o)
 .bss.twi_txBuffer
                0x0080049c       0x20 C:\Users\agva\Desktop\Suction_Pump-v1.1-\Suction_PUMP(v1.1)\ArduinoCore\Debug\libArduinoCore.a(twi.o)
 .bss.twi_masterBufferLength
                0x008004bc        0x1 C:\Users\agva\Desktop\Suction_Pump-v1.1-\Suction_PUMP(v1.1)\ArduinoCore\Debug\libArduinoCore.a(twi.o)
 .bss.twi_masterBufferIndex
                0x008004bd        0x1 C:\Users\agva\Desktop\Suction_Pump-v1.1-\Suction_PUMP(v1.1)\ArduinoCore\Debug\libArduinoCore.a(twi.o)
 .bss.twi_masterBuffer
                0x008004be       0x20 C:\Users\agva\Desktop\Suction_Pump-v1.1-\Suction_PUMP(v1.1)\ArduinoCore\Debug\libArduinoCore.a(twi.o)
 .bss.twi_onSlaveReceive
                0x008004de        0x2 C:\Users\agva\Desktop\Suction_Pump-v1.1-\Suction_PUMP(v1.1)\ArduinoCore\Debug\libArduinoCore.a(twi.o)
 .bss.twi_onSlaveTransmit
                0x008004e0        0x2 C:\Users\agva\Desktop\Suction_Pump-v1.1-\Suction_PUMP(v1.1)\ArduinoCore\Debug\libArduinoCore.a(twi.o)
 .bss.twi_do_reset_on_timeout
                0x008004e2        0x1 C:\Users\agva\Desktop\Suction_Pump-v1.1-\Suction_PUMP(v1.1)\ArduinoCore\Debug\libArduinoCore.a(twi.o)
 .bss.twi_timed_out_flag
                0x008004e3        0x1 C:\Users\agva\Desktop\Suction_Pump-v1.1-\Suction_PUMP(v1.1)\ArduinoCore\Debug\libArduinoCore.a(twi.o)
 .bss.twi_timeout_us
                0x008004e4        0x4 C:\Users\agva\Desktop\Suction_Pump-v1.1-\Suction_PUMP(v1.1)\ArduinoCore\Debug\libArduinoCore.a(twi.o)
 .bss.twi_inRepStart
                0x008004e8        0x1 C:\Users\agva\Desktop\Suction_Pump-v1.1-\Suction_PUMP(v1.1)\ArduinoCore\Debug\libArduinoCore.a(twi.o)
 .bss.twi_sendStop
                0x008004e9        0x1 C:\Users\agva\Desktop\Suction_Pump-v1.1-\Suction_PUMP(v1.1)\ArduinoCore\Debug\libArduinoCore.a(twi.o)
 .bss.twi_slarw
                0x008004ea        0x1 C:\Users\agva\Desktop\Suction_Pump-v1.1-\Suction_PUMP(v1.1)\ArduinoCore\Debug\libArduinoCore.a(twi.o)
 .bss.twi_state
                0x008004eb        0x1 C:\Users\agva\Desktop\Suction_Pump-v1.1-\Suction_PUMP(v1.1)\ArduinoCore\Debug\libArduinoCore.a(twi.o)
 *(COMMON)
 COMMON         0x008004ec        0x4 c:/program files (x86)/atmel/studio/7.0/toolchain/avr8/avr8-gnu-toolchain/bin/../lib/gcc/avr/5.4.0/../../../../avr/lib/avr5\libc.a(malloc.o)
                0x008004ec                __brkval
                0x008004ee                __flp
                0x008004f0                PROVIDE (__bss_end, .)
                0x000076d2                __data_load_start = LOADADDR (.data)
                0x00007806                __data_load_end = (__data_load_start + SIZEOF (.data))

.noinit         0x008004f0        0x0
                [!provide]                PROVIDE (__noinit_start, .)
 *(.noinit*)
                [!provide]                PROVIDE (__noinit_end, .)
                0x008004f0                _end = .
                0x008004f0                PROVIDE (__heap_start, .)

.eeprom         0x00810000        0x0
 *(.eeprom*)
                0x00810000                __eeprom_end = .

.fuse
 *(.fuse)
 *(.lfuse)
 *(.hfuse)
 *(.efuse)

.lock
 *(.lock*)

.signature
 *(.signature*)

.user_signatures
 *(.user_signatures*)

.stab
 *(.stab)

.stabstr
 *(.stabstr)

.stab.excl
 *(.stab.excl)

.stab.exclstr
 *(.stab.exclstr)

.stab.index
 *(.stab.index)

.stab.indexstr
 *(.stab.indexstr)

.comment        0x00000000       0x5c
 *(.comment)
 .comment       0x00000000       0x30 main.o
                                 0x31 (size before relaxing)
 .comment       0x00000030       0x31 C:\Users\agva\Desktop\Suction_Pump-v1.1-\Suction_PUMP(v1.1)\ArduinoCore\Debug\libArduinoCore.a(HardwareSerial.o)
 .comment       0x00000030       0x31 C:\Users\agva\Desktop\Suction_Pump-v1.1-\Suction_PUMP(v1.1)\ArduinoCore\Debug\libArduinoCore.a(HardwareSerial0.o)
 .comment       0x00000030       0x31 C:\Users\agva\Desktop\Suction_Pump-v1.1-\Suction_PUMP(v1.1)\ArduinoCore\Debug\libArduinoCore.a(main.o)
 .comment       0x00000030       0x31 C:\Users\agva\Desktop\Suction_Pump-v1.1-\Suction_PUMP(v1.1)\ArduinoCore\Debug\libArduinoCore.a(Print.o)
 .comment       0x00000030       0x31 C:\Users\agva\Desktop\Suction_Pump-v1.1-\Suction_PUMP(v1.1)\ArduinoCore\Debug\libArduinoCore.a(wiring.o)
 .comment       0x00000030       0x31 C:\Users\agva\Desktop\Suction_Pump-v1.1-\Suction_PUMP(v1.1)\ArduinoCore\Debug\libArduinoCore.a(WMath.o)
 .comment       0x00000030       0x31 C:\Users\agva\Desktop\Suction_Pump-v1.1-\Suction_PUMP(v1.1)\ArduinoCore\Debug\libArduinoCore.a(WString.o)
 .comment       0x00000030       0x31 C:\Users\agva\Desktop\Suction_Pump-v1.1-\Suction_PUMP(v1.1)\ArduinoCore\Debug\libArduinoCore.a(AMS5812.o)
 .comment       0x00000030       0x31 C:\Users\agva\Desktop\Suction_Pump-v1.1-\Suction_PUMP(v1.1)\ArduinoCore\Debug\libArduinoCore.a(DefaultFonts.o)
 .comment       0x00000030       0x31 C:\Users\agva\Desktop\Suction_Pump-v1.1-\Suction_PUMP(v1.1)\ArduinoCore\Debug\libArduinoCore.a(TFT_22_ILI9225.o)
 .comment       0x00000030       0x31 C:\Users\agva\Desktop\Suction_Pump-v1.1-\Suction_PUMP(v1.1)\ArduinoCore\Debug\libArduinoCore.a(Wire.o)
 .comment       0x00000030       0x31 C:\Users\agva\Desktop\Suction_Pump-v1.1-\Suction_PUMP(v1.1)\ArduinoCore\Debug\libArduinoCore.a(hooks.o)
 .comment       0x00000030       0x31 C:\Users\agva\Desktop\Suction_Pump-v1.1-\Suction_PUMP(v1.1)\ArduinoCore\Debug\libArduinoCore.a(wiring_analog.o)
 .comment       0x00000030       0x31 C:\Users\agva\Desktop\Suction_Pump-v1.1-\Suction_PUMP(v1.1)\ArduinoCore\Debug\libArduinoCore.a(wiring_digital.o)
 .comment       0x00000030       0x31 C:\Users\agva\Desktop\Suction_Pump-v1.1-\Suction_PUMP(v1.1)\ArduinoCore\Debug\libArduinoCore.a(SPI.o)
 .comment       0x00000030       0x31 C:\Users\agva\Desktop\Suction_Pump-v1.1-\Suction_PUMP(v1.1)\ArduinoCore\Debug\libArduinoCore.a(twi.o)
 .comment       0x00000030       0x31 c:/program files (x86)/atmel/studio/7.0/toolchain/avr8/avr8-gnu-toolchain/bin/../lib/gcc/avr/5.4.0/../../../../avr/lib/avr5\libc.a(dtostrf.o)
 .comment       0x00000030       0x31 c:/program files (x86)/atmel/studio/7.0/toolchain/avr8/avr8-gnu-toolchain/bin/../lib/gcc/avr/5.4.0/../../../../avr/lib/avr5\libc.a(malloc.o)
 .comment       0x00000030       0x31 c:/program files (x86)/atmel/studio/7.0/toolchain/avr8/avr8-gnu-toolchain/bin/../lib/gcc/avr/5.4.0/../../../../avr/lib/avr5\libc.a(realloc.o)
 .comment       0x00000030       0x31 c:/program files (x86)/atmel/studio/7.0/toolchain/avr8/avr8-gnu-toolchain/bin/../lib/gcc/avr/5.4.0/../../../../avr/lib/avr5\libc.a(sprintf.o)
 .comment       0x00000030       0x2c c:/program files (x86)/atmel/studio/7.0/toolchain/avr8/avr8-gnu-toolchain/bin/../lib/gcc/avr/5.4.0/../../../../avr/lib/avr5\libc.a(vfprintf_std.o)
                                 0x2d (size before relaxing)
 .comment       0x0000005c       0x31 c:/program files (x86)/atmel/studio/7.0/toolchain/avr8/avr8-gnu-toolchain/bin/../lib/gcc/avr/5.4.0/../../../../avr/lib/avr5\libc.a(dtoa_prf.o)
 .comment       0x0000005c       0x31 c:/program files (x86)/atmel/studio/7.0/toolchain/avr8/avr8-gnu-toolchain/bin/../lib/gcc/avr/5.4.0/../../../../avr/lib/avr5\libc.a(fputc.o)

.note.gnu.avr.deviceinfo
                0x00000000       0x40
 .note.gnu.avr.deviceinfo
                0x00000000       0x40 C:/Program Files (x86)/Atmel/Studio/7.0/Packs/atmel/ATmega_DFP/1.6.364/gcc/dev/atmega328p/avr5/crtatmega328p.o

.note.gnu.build-id
 *(.note.gnu.build-id)

.debug
 *(.debug)

.line
 *(.line)

.debug_srcinfo
 *(.debug_srcinfo)

.debug_sfnames
 *(.debug_sfnames)

.debug_aranges  0x00000000      0xa28
 *(.debug_aranges)
 .debug_aranges
                0x00000000       0x40 main.o
 .debug_aranges
                0x00000040       0x68 C:\Users\agva\Desktop\Suction_Pump-v1.1-\Suction_PUMP(v1.1)\ArduinoCore\Debug\libArduinoCore.a(HardwareSerial.o)
 .debug_aranges
                0x000000a8       0x48 C:\Users\agva\Desktop\Suction_Pump-v1.1-\Suction_PUMP(v1.1)\ArduinoCore\Debug\libArduinoCore.a(HardwareSerial0.o)
 .debug_aranges
                0x000000f0       0x30 C:\Users\agva\Desktop\Suction_Pump-v1.1-\Suction_PUMP(v1.1)\ArduinoCore\Debug\libArduinoCore.a(main.o)
 .debug_aranges
                0x00000120      0x100 C:\Users\agva\Desktop\Suction_Pump-v1.1-\Suction_PUMP(v1.1)\ArduinoCore\Debug\libArduinoCore.a(Print.o)
 .debug_aranges
                0x00000220       0x48 C:\Users\agva\Desktop\Suction_Pump-v1.1-\Suction_PUMP(v1.1)\ArduinoCore\Debug\libArduinoCore.a(wiring.o)
 .debug_aranges
                0x00000268       0x48 C:\Users\agva\Desktop\Suction_Pump-v1.1-\Suction_PUMP(v1.1)\ArduinoCore\Debug\libArduinoCore.a(WMath.o)
 .debug_aranges
                0x000002b0      0x2b8 C:\Users\agva\Desktop\Suction_Pump-v1.1-\Suction_PUMP(v1.1)\ArduinoCore\Debug\libArduinoCore.a(WString.o)
 .debug_aranges
                0x00000568       0x50 C:\Users\agva\Desktop\Suction_Pump-v1.1-\Suction_PUMP(v1.1)\ArduinoCore\Debug\libArduinoCore.a(AMS5812.o)
 .debug_aranges
                0x000005b8       0x18 C:\Users\agva\Desktop\Suction_Pump-v1.1-\Suction_PUMP(v1.1)\ArduinoCore\Debug\libArduinoCore.a(DefaultFonts.o)
 .debug_aranges
                0x000005d0      0x1f0 C:\Users\agva\Desktop\Suction_Pump-v1.1-\Suction_PUMP(v1.1)\ArduinoCore\Debug\libArduinoCore.a(TFT_22_ILI9225.o)
 .debug_aranges
                0x000007c0      0x110 C:\Users\agva\Desktop\Suction_Pump-v1.1-\Suction_PUMP(v1.1)\ArduinoCore\Debug\libArduinoCore.a(Wire.o)
 .debug_aranges
                0x000008d0       0x20 C:\Users\agva\Desktop\Suction_Pump-v1.1-\Suction_PUMP(v1.1)\ArduinoCore\Debug\libArduinoCore.a(hooks.o)
 .debug_aranges
                0x000008f0       0x30 C:\Users\agva\Desktop\Suction_Pump-v1.1-\Suction_PUMP(v1.1)\ArduinoCore\Debug\libArduinoCore.a(wiring_analog.o)
 .debug_aranges
                0x00000920       0x38 C:\Users\agva\Desktop\Suction_Pump-v1.1-\Suction_PUMP(v1.1)\ArduinoCore\Debug\libArduinoCore.a(wiring_digital.o)
 .debug_aranges
                0x00000958       0x38 C:\Users\agva\Desktop\Suction_Pump-v1.1-\Suction_PUMP(v1.1)\ArduinoCore\Debug\libArduinoCore.a(SPI.o)
 .debug_aranges
                0x00000990       0x98 C:\Users\agva\Desktop\Suction_Pump-v1.1-\Suction_PUMP(v1.1)\ArduinoCore\Debug\libArduinoCore.a(twi.o)

.debug_pubnames
 *(.debug_pubnames)

.debug_info     0x00000000    0x1a850
 *(.debug_info .gnu.linkonce.wi.*)
 .debug_info    0x00000000      0x5f4 C:/Program Files (x86)/Atmel/Studio/7.0/Packs/atmel/ATmega_DFP/1.6.364/gcc/dev/atmega328p/avr5/crtatmega328p.o
 .debug_info    0x000005f4     0x3a8d main.o
 .debug_info    0x00004081     0x1f64 C:\Users\agva\Desktop\Suction_Pump-v1.1-\Suction_PUMP(v1.1)\ArduinoCore\Debug\libArduinoCore.a(HardwareSerial.o)
 .debug_info    0x00005fe5     0x1b16 C:\Users\agva\Desktop\Suction_Pump-v1.1-\Suction_PUMP(v1.1)\ArduinoCore\Debug\libArduinoCore.a(HardwareSerial0.o)
 .debug_info    0x00007afb      0x237 C:\Users\agva\Desktop\Suction_Pump-v1.1-\Suction_PUMP(v1.1)\ArduinoCore\Debug\libArduinoCore.a(main.o)
 .debug_info    0x00007d32     0x28ff C:\Users\agva\Desktop\Suction_Pump-v1.1-\Suction_PUMP(v1.1)\ArduinoCore\Debug\libArduinoCore.a(Print.o)
 .debug_info    0x0000a631      0x2cb C:\Users\agva\Desktop\Suction_Pump-v1.1-\Suction_PUMP(v1.1)\ArduinoCore\Debug\libArduinoCore.a(wiring.o)
 .debug_info    0x0000a8fc      0x230 C:\Users\agva\Desktop\Suction_Pump-v1.1-\Suction_PUMP(v1.1)\ArduinoCore\Debug\libArduinoCore.a(WMath.o)
 .debug_info    0x0000ab2c     0x4338 C:\Users\agva\Desktop\Suction_Pump-v1.1-\Suction_PUMP(v1.1)\ArduinoCore\Debug\libArduinoCore.a(WString.o)
 .debug_info    0x0000ee64      0xa6a C:\Users\agva\Desktop\Suction_Pump-v1.1-\Suction_PUMP(v1.1)\ArduinoCore\Debug\libArduinoCore.a(AMS5812.o)
 .debug_info    0x0000f8ce      0x10e C:\Users\agva\Desktop\Suction_Pump-v1.1-\Suction_PUMP(v1.1)\ArduinoCore\Debug\libArduinoCore.a(DefaultFonts.o)
 .debug_info    0x0000f9dc     0x6d74 C:\Users\agva\Desktop\Suction_Pump-v1.1-\Suction_PUMP(v1.1)\ArduinoCore\Debug\libArduinoCore.a(TFT_22_ILI9225.o)
 .debug_info    0x00016750     0x2910 C:\Users\agva\Desktop\Suction_Pump-v1.1-\Suction_PUMP(v1.1)\ArduinoCore\Debug\libArduinoCore.a(Wire.o)
 .debug_info    0x00019060       0x3e C:\Users\agva\Desktop\Suction_Pump-v1.1-\Suction_PUMP(v1.1)\ArduinoCore\Debug\libArduinoCore.a(hooks.o)
 .debug_info    0x0001909e      0x26d C:\Users\agva\Desktop\Suction_Pump-v1.1-\Suction_PUMP(v1.1)\ArduinoCore\Debug\libArduinoCore.a(wiring_analog.o)
 .debug_info    0x0001930b      0x5fe C:\Users\agva\Desktop\Suction_Pump-v1.1-\Suction_PUMP(v1.1)\ArduinoCore\Debug\libArduinoCore.a(wiring_digital.o)
 .debug_info    0x00019909      0x66b C:\Users\agva\Desktop\Suction_Pump-v1.1-\Suction_PUMP(v1.1)\ArduinoCore\Debug\libArduinoCore.a(SPI.o)
 .debug_info    0x00019f74      0x8dc C:\Users\agva\Desktop\Suction_Pump-v1.1-\Suction_PUMP(v1.1)\ArduinoCore\Debug\libArduinoCore.a(twi.o)

.debug_abbrev   0x00000000     0x36fc
 *(.debug_abbrev)
 .debug_abbrev  0x00000000      0x5a2 C:/Program Files (x86)/Atmel/Studio/7.0/Packs/atmel/ATmega_DFP/1.6.364/gcc/dev/atmega328p/avr5/crtatmega328p.o
 .debug_abbrev  0x000005a2      0x508 main.o
 .debug_abbrev  0x00000aaa      0x4b7 C:\Users\agva\Desktop\Suction_Pump-v1.1-\Suction_PUMP(v1.1)\ArduinoCore\Debug\libArduinoCore.a(HardwareSerial.o)
 .debug_abbrev  0x00000f61      0x3ce C:\Users\agva\Desktop\Suction_Pump-v1.1-\Suction_PUMP(v1.1)\ArduinoCore\Debug\libArduinoCore.a(HardwareSerial0.o)
 .debug_abbrev  0x0000132f      0x12d C:\Users\agva\Desktop\Suction_Pump-v1.1-\Suction_PUMP(v1.1)\ArduinoCore\Debug\libArduinoCore.a(main.o)
 .debug_abbrev  0x0000145c      0x47a C:\Users\agva\Desktop\Suction_Pump-v1.1-\Suction_PUMP(v1.1)\ArduinoCore\Debug\libArduinoCore.a(Print.o)
 .debug_abbrev  0x000018d6      0x146 C:\Users\agva\Desktop\Suction_Pump-v1.1-\Suction_PUMP(v1.1)\ArduinoCore\Debug\libArduinoCore.a(wiring.o)
 .debug_abbrev  0x00001a1c      0x12b C:\Users\agva\Desktop\Suction_Pump-v1.1-\Suction_PUMP(v1.1)\ArduinoCore\Debug\libArduinoCore.a(WMath.o)
 .debug_abbrev  0x00001b47      0x4c2 C:\Users\agva\Desktop\Suction_Pump-v1.1-\Suction_PUMP(v1.1)\ArduinoCore\Debug\libArduinoCore.a(WString.o)
 .debug_abbrev  0x00002009      0x2bd C:\Users\agva\Desktop\Suction_Pump-v1.1-\Suction_PUMP(v1.1)\ArduinoCore\Debug\libArduinoCore.a(AMS5812.o)
 .debug_abbrev  0x000022c6       0x6e C:\Users\agva\Desktop\Suction_Pump-v1.1-\Suction_PUMP(v1.1)\ArduinoCore\Debug\libArduinoCore.a(DefaultFonts.o)
 .debug_abbrev  0x00002334      0x600 C:\Users\agva\Desktop\Suction_Pump-v1.1-\Suction_PUMP(v1.1)\ArduinoCore\Debug\libArduinoCore.a(TFT_22_ILI9225.o)
 .debug_abbrev  0x00002934      0x563 C:\Users\agva\Desktop\Suction_Pump-v1.1-\Suction_PUMP(v1.1)\ArduinoCore\Debug\libArduinoCore.a(Wire.o)
 .debug_abbrev  0x00002e97       0x2a C:\Users\agva\Desktop\Suction_Pump-v1.1-\Suction_PUMP(v1.1)\ArduinoCore\Debug\libArduinoCore.a(hooks.o)
 .debug_abbrev  0x00002ec1      0x16b C:\Users\agva\Desktop\Suction_Pump-v1.1-\Suction_PUMP(v1.1)\ArduinoCore\Debug\libArduinoCore.a(wiring_analog.o)
 .debug_abbrev  0x0000302c      0x15b C:\Users\agva\Desktop\Suction_Pump-v1.1-\Suction_PUMP(v1.1)\ArduinoCore\Debug\libArduinoCore.a(wiring_digital.o)
 .debug_abbrev  0x00003187      0x283 C:\Users\agva\Desktop\Suction_Pump-v1.1-\Suction_PUMP(v1.1)\ArduinoCore\Debug\libArduinoCore.a(SPI.o)
 .debug_abbrev  0x0000340a      0x2f2 C:\Users\agva\Desktop\Suction_Pump-v1.1-\Suction_PUMP(v1.1)\ArduinoCore\Debug\libArduinoCore.a(twi.o)

.debug_line     0x00000000     0x5d47
 *(.debug_line .debug_line.* .debug_line_end)
 .debug_line    0x00000000      0x134 C:/Program Files (x86)/Atmel/Studio/7.0/Packs/atmel/ATmega_DFP/1.6.364/gcc/dev/atmega328p/avr5/crtatmega328p.o
 .debug_line    0x00000134      0x50f main.o
 .debug_line    0x00000643      0x4c4 C:\Users\agva\Desktop\Suction_Pump-v1.1-\Suction_PUMP(v1.1)\ArduinoCore\Debug\libArduinoCore.a(HardwareSerial.o)
 .debug_line    0x00000b07      0x28c C:\Users\agva\Desktop\Suction_Pump-v1.1-\Suction_PUMP(v1.1)\ArduinoCore\Debug\libArduinoCore.a(HardwareSerial0.o)
 .debug_line    0x00000d93      0x165 C:\Users\agva\Desktop\Suction_Pump-v1.1-\Suction_PUMP(v1.1)\ArduinoCore\Debug\libArduinoCore.a(main.o)
 .debug_line    0x00000ef8      0x685 C:\Users\agva\Desktop\Suction_Pump-v1.1-\Suction_PUMP(v1.1)\ArduinoCore\Debug\libArduinoCore.a(Print.o)
 .debug_line    0x0000157d      0x299 C:\Users\agva\Desktop\Suction_Pump-v1.1-\Suction_PUMP(v1.1)\ArduinoCore\Debug\libArduinoCore.a(wiring.o)
 .debug_line    0x00001816      0x143 C:\Users\agva\Desktop\Suction_Pump-v1.1-\Suction_PUMP(v1.1)\ArduinoCore\Debug\libArduinoCore.a(WMath.o)
 .debug_line    0x00001959     0x1360 C:\Users\agva\Desktop\Suction_Pump-v1.1-\Suction_PUMP(v1.1)\ArduinoCore\Debug\libArduinoCore.a(WString.o)
 .debug_line    0x00002cb9      0x3ba C:\Users\agva\Desktop\Suction_Pump-v1.1-\Suction_PUMP(v1.1)\ArduinoCore\Debug\libArduinoCore.a(AMS5812.o)
 .debug_line    0x00003073       0xae C:\Users\agva\Desktop\Suction_Pump-v1.1-\Suction_PUMP(v1.1)\ArduinoCore\Debug\libArduinoCore.a(DefaultFonts.o)
 .debug_line    0x00003121     0x17af C:\Users\agva\Desktop\Suction_Pump-v1.1-\Suction_PUMP(v1.1)\ArduinoCore\Debug\libArduinoCore.a(TFT_22_ILI9225.o)
 .debug_line    0x000048d0      0x637 C:\Users\agva\Desktop\Suction_Pump-v1.1-\Suction_PUMP(v1.1)\ArduinoCore\Debug\libArduinoCore.a(Wire.o)
 .debug_line    0x00004f07       0x41 C:\Users\agva\Desktop\Suction_Pump-v1.1-\Suction_PUMP(v1.1)\ArduinoCore\Debug\libArduinoCore.a(hooks.o)
 .debug_line    0x00004f48      0x20f C:\Users\agva\Desktop\Suction_Pump-v1.1-\Suction_PUMP(v1.1)\ArduinoCore\Debug\libArduinoCore.a(wiring_analog.o)
 .debug_line    0x00005157      0x252 C:\Users\agva\Desktop\Suction_Pump-v1.1-\Suction_PUMP(v1.1)\ArduinoCore\Debug\libArduinoCore.a(wiring_digital.o)
 .debug_line    0x000053a9      0x2e3 C:\Users\agva\Desktop\Suction_Pump-v1.1-\Suction_PUMP(v1.1)\ArduinoCore\Debug\libArduinoCore.a(SPI.o)
 .debug_line    0x0000568c      0x6bb C:\Users\agva\Desktop\Suction_Pump-v1.1-\Suction_PUMP(v1.1)\ArduinoCore\Debug\libArduinoCore.a(twi.o)

.debug_frame    0x00000000     0x26ac
 *(.debug_frame)
 .debug_frame   0x00000000      0x100 main.o
 .debug_frame   0x00000100      0x110 C:\Users\agva\Desktop\Suction_Pump-v1.1-\Suction_PUMP(v1.1)\ArduinoCore\Debug\libArduinoCore.a(HardwareSerial.o)
 .debug_frame   0x00000210       0xe0 C:\Users\agva\Desktop\Suction_Pump-v1.1-\Suction_PUMP(v1.1)\ArduinoCore\Debug\libArduinoCore.a(HardwareSerial0.o)
 .debug_frame   0x000002f0       0x54 C:\Users\agva\Desktop\Suction_Pump-v1.1-\Suction_PUMP(v1.1)\ArduinoCore\Debug\libArduinoCore.a(main.o)
 .debug_frame   0x00000344      0x3ac C:\Users\agva\Desktop\Suction_Pump-v1.1-\Suction_PUMP(v1.1)\ArduinoCore\Debug\libArduinoCore.a(Print.o)
 .debug_frame   0x000006f0       0xc4 C:\Users\agva\Desktop\Suction_Pump-v1.1-\Suction_PUMP(v1.1)\ArduinoCore\Debug\libArduinoCore.a(wiring.o)
 .debug_frame   0x000007b4       0xf4 C:\Users\agva\Desktop\Suction_Pump-v1.1-\Suction_PUMP(v1.1)\ArduinoCore\Debug\libArduinoCore.a(WMath.o)
 .debug_frame   0x000008a8      0xa60 C:\Users\agva\Desktop\Suction_Pump-v1.1-\Suction_PUMP(v1.1)\ArduinoCore\Debug\libArduinoCore.a(WString.o)
 .debug_frame   0x00001308      0x16c C:\Users\agva\Desktop\Suction_Pump-v1.1-\Suction_PUMP(v1.1)\ArduinoCore\Debug\libArduinoCore.a(AMS5812.o)
 .debug_frame   0x00001474      0xc30 C:\Users\agva\Desktop\Suction_Pump-v1.1-\Suction_PUMP(v1.1)\ArduinoCore\Debug\libArduinoCore.a(TFT_22_ILI9225.o)
 .debug_frame   0x000020a4      0x2b0 C:\Users\agva\Desktop\Suction_Pump-v1.1-\Suction_PUMP(v1.1)\ArduinoCore\Debug\libArduinoCore.a(Wire.o)
 .debug_frame   0x00002354       0x24 C:\Users\agva\Desktop\Suction_Pump-v1.1-\Suction_PUMP(v1.1)\ArduinoCore\Debug\libArduinoCore.a(hooks.o)
 .debug_frame   0x00002378       0x54 C:\Users\agva\Desktop\Suction_Pump-v1.1-\Suction_PUMP(v1.1)\ArduinoCore\Debug\libArduinoCore.a(wiring_analog.o)
 .debug_frame   0x000023cc       0x7c C:\Users\agva\Desktop\Suction_Pump-v1.1-\Suction_PUMP(v1.1)\ArduinoCore\Debug\libArduinoCore.a(wiring_digital.o)
 .debug_frame   0x00002448       0x5c C:\Users\agva\Desktop\Suction_Pump-v1.1-\Suction_PUMP(v1.1)\ArduinoCore\Debug\libArduinoCore.a(SPI.o)
 .debug_frame   0x000024a4      0x208 C:\Users\agva\Desktop\Suction_Pump-v1.1-\Suction_PUMP(v1.1)\ArduinoCore\Debug\libArduinoCore.a(twi.o)

.debug_str      0x00000000     0x486b
 *(.debug_str)
 .debug_str     0x00000000      0x208 C:/Program Files (x86)/Atmel/Studio/7.0/Packs/atmel/ATmega_DFP/1.6.364/gcc/dev/atmega328p/avr5/crtatmega328p.o
 .debug_str     0x00000208     0x242f main.o
                               0x2578 (size before relaxing)
 .debug_str     0x00002637      0x7d1 C:\Users\agva\Desktop\Suction_Pump-v1.1-\Suction_PUMP(v1.1)\ArduinoCore\Debug\libArduinoCore.a(HardwareSerial.o)
                               0x160e (size before relaxing)
 .debug_str     0x00002e08       0x86 C:\Users\agva\Desktop\Suction_Pump-v1.1-\Suction_PUMP(v1.1)\ArduinoCore\Debug\libArduinoCore.a(HardwareSerial0.o)
                               0x1401 (size before relaxing)
 .debug_str     0x00002e8e       0x37 C:\Users\agva\Desktop\Suction_Pump-v1.1-\Suction_PUMP(v1.1)\ArduinoCore\Debug\libArduinoCore.a(main.o)
                                0x2ad (size before relaxing)
 .debug_str     0x00002ec5      0x3a1 C:\Users\agva\Desktop\Suction_Pump-v1.1-\Suction_PUMP(v1.1)\ArduinoCore\Debug\libArduinoCore.a(Print.o)
                               0x123b (size before relaxing)
 .debug_str     0x00003266      0x153 C:\Users\agva\Desktop\Suction_Pump-v1.1-\Suction_PUMP(v1.1)\ArduinoCore\Debug\libArduinoCore.a(wiring.o)
                                0x243 (size before relaxing)
 .debug_str     0x000033b9       0xac C:\Users\agva\Desktop\Suction_Pump-v1.1-\Suction_PUMP(v1.1)\ArduinoCore\Debug\libArduinoCore.a(WMath.o)
                                0x246 (size before relaxing)
 .debug_str     0x00003465      0x3eb C:\Users\agva\Desktop\Suction_Pump-v1.1-\Suction_PUMP(v1.1)\ArduinoCore\Debug\libArduinoCore.a(WString.o)
                               0x118e (size before relaxing)
 .debug_str     0x00003850       0xb1 C:\Users\agva\Desktop\Suction_Pump-v1.1-\Suction_PUMP(v1.1)\ArduinoCore\Debug\libArduinoCore.a(AMS5812.o)
                                0xa8d (size before relaxing)
 .debug_str     0x00003901       0x5b C:\Users\agva\Desktop\Suction_Pump-v1.1-\Suction_PUMP(v1.1)\ArduinoCore\Debug\libArduinoCore.a(DefaultFonts.o)
                                0x1fd (size before relaxing)
 .debug_str     0x0000395c      0x54a C:\Users\agva\Desktop\Suction_Pump-v1.1-\Suction_PUMP(v1.1)\ArduinoCore\Debug\libArduinoCore.a(TFT_22_ILI9225.o)
                               0x2156 (size before relaxing)
 .debug_str     0x00003ea6      0x622 C:\Users\agva\Desktop\Suction_Pump-v1.1-\Suction_PUMP(v1.1)\ArduinoCore\Debug\libArduinoCore.a(Wire.o)
                               0x199e (size before relaxing)
 .debug_str     0x000044c8       0x1c C:\Users\agva\Desktop\Suction_Pump-v1.1-\Suction_PUMP(v1.1)\ArduinoCore\Debug\libArduinoCore.a(hooks.o)
                                0x138 (size before relaxing)
 .debug_str     0x000044e4       0x66 C:\Users\agva\Desktop\Suction_Pump-v1.1-\Suction_PUMP(v1.1)\ArduinoCore\Debug\libArduinoCore.a(wiring_analog.o)
                                0x247 (size before relaxing)
 .debug_str     0x0000454a       0x5d C:\Users\agva\Desktop\Suction_Pump-v1.1-\Suction_PUMP(v1.1)\ArduinoCore\Debug\libArduinoCore.a(wiring_digital.o)
                                0x2a8 (size before relaxing)
 .debug_str     0x000045a7       0x9f C:\Users\agva\Desktop\Suction_Pump-v1.1-\Suction_PUMP(v1.1)\ArduinoCore\Debug\libArduinoCore.a(SPI.o)
                                0x6a6 (size before relaxing)
 .debug_str     0x00004646      0x225 C:\Users\agva\Desktop\Suction_Pump-v1.1-\Suction_PUMP(v1.1)\ArduinoCore\Debug\libArduinoCore.a(twi.o)
                                0x4f2 (size before relaxing)

.debug_loc      0x00000000     0xed27
 *(.debug_loc)
 .debug_loc     0x00000000      0x388 main.o
 .debug_loc     0x00000388      0x4dc C:\Users\agva\Desktop\Suction_Pump-v1.1-\Suction_PUMP(v1.1)\ArduinoCore\Debug\libArduinoCore.a(HardwareSerial.o)
 .debug_loc     0x00000864      0x1b0 C:\Users\agva\Desktop\Suction_Pump-v1.1-\Suction_PUMP(v1.1)\ArduinoCore\Debug\libArduinoCore.a(HardwareSerial0.o)
 .debug_loc     0x00000a14     0x1c87 C:\Users\agva\Desktop\Suction_Pump-v1.1-\Suction_PUMP(v1.1)\ArduinoCore\Debug\libArduinoCore.a(Print.o)
 .debug_loc     0x0000269b      0x28d C:\Users\agva\Desktop\Suction_Pump-v1.1-\Suction_PUMP(v1.1)\ArduinoCore\Debug\libArduinoCore.a(wiring.o)
 .debug_loc     0x00002928      0x3d6 C:\Users\agva\Desktop\Suction_Pump-v1.1-\Suction_PUMP(v1.1)\ArduinoCore\Debug\libArduinoCore.a(WMath.o)
 .debug_loc     0x00002cfe     0x423d C:\Users\agva\Desktop\Suction_Pump-v1.1-\Suction_PUMP(v1.1)\ArduinoCore\Debug\libArduinoCore.a(WString.o)
 .debug_loc     0x00006f3b      0x465 C:\Users\agva\Desktop\Suction_Pump-v1.1-\Suction_PUMP(v1.1)\ArduinoCore\Debug\libArduinoCore.a(AMS5812.o)
 .debug_loc     0x000073a0     0x5b6f C:\Users\agva\Desktop\Suction_Pump-v1.1-\Suction_PUMP(v1.1)\ArduinoCore\Debug\libArduinoCore.a(TFT_22_ILI9225.o)
 .debug_loc     0x0000cf0f      0xcbb C:\Users\agva\Desktop\Suction_Pump-v1.1-\Suction_PUMP(v1.1)\ArduinoCore\Debug\libArduinoCore.a(Wire.o)
 .debug_loc     0x0000dbca       0xfe C:\Users\agva\Desktop\Suction_Pump-v1.1-\Suction_PUMP(v1.1)\ArduinoCore\Debug\libArduinoCore.a(wiring_analog.o)
 .debug_loc     0x0000dcc8      0x5fc C:\Users\agva\Desktop\Suction_Pump-v1.1-\Suction_PUMP(v1.1)\ArduinoCore\Debug\libArduinoCore.a(wiring_digital.o)
 .debug_loc     0x0000e2c4      0x1e4 C:\Users\agva\Desktop\Suction_Pump-v1.1-\Suction_PUMP(v1.1)\ArduinoCore\Debug\libArduinoCore.a(SPI.o)
 .debug_loc     0x0000e4a8      0x87f C:\Users\agva\Desktop\Suction_Pump-v1.1-\Suction_PUMP(v1.1)\ArduinoCore\Debug\libArduinoCore.a(twi.o)

.debug_macinfo
 *(.debug_macinfo)

.debug_weaknames
 *(.debug_weaknames)

.debug_funcnames
 *(.debug_funcnames)

.debug_typenames
 *(.debug_typenames)

.debug_varnames
 *(.debug_varnames)

.debug_pubtypes
 *(.debug_pubtypes)

.debug_ranges   0x00000000      0xa08
 *(.debug_ranges)
 .debug_ranges  0x00000000       0x48 main.o
 .debug_ranges  0x00000048       0x58 C:\Users\agva\Desktop\Suction_Pump-v1.1-\Suction_PUMP(v1.1)\ArduinoCore\Debug\libArduinoCore.a(HardwareSerial.o)
 .debug_ranges  0x000000a0       0x38 C:\Users\agva\Desktop\Suction_Pump-v1.1-\Suction_PUMP(v1.1)\ArduinoCore\Debug\libArduinoCore.a(HardwareSerial0.o)
 .debug_ranges  0x000000d8       0x20 C:\Users\agva\Desktop\Suction_Pump-v1.1-\Suction_PUMP(v1.1)\ArduinoCore\Debug\libArduinoCore.a(main.o)
 .debug_ranges  0x000000f8      0x120 C:\Users\agva\Desktop\Suction_Pump-v1.1-\Suction_PUMP(v1.1)\ArduinoCore\Debug\libArduinoCore.a(Print.o)
 .debug_ranges  0x00000218       0x38 C:\Users\agva\Desktop\Suction_Pump-v1.1-\Suction_PUMP(v1.1)\ArduinoCore\Debug\libArduinoCore.a(wiring.o)
 .debug_ranges  0x00000250       0x38 C:\Users\agva\Desktop\Suction_Pump-v1.1-\Suction_PUMP(v1.1)\ArduinoCore\Debug\libArduinoCore.a(WMath.o)
 .debug_ranges  0x00000288      0x2f8 C:\Users\agva\Desktop\Suction_Pump-v1.1-\Suction_PUMP(v1.1)\ArduinoCore\Debug\libArduinoCore.a(WString.o)
 .debug_ranges  0x00000580       0x40 C:\Users\agva\Desktop\Suction_Pump-v1.1-\Suction_PUMP(v1.1)\ArduinoCore\Debug\libArduinoCore.a(AMS5812.o)
 .debug_ranges  0x000005c0      0x240 C:\Users\agva\Desktop\Suction_Pump-v1.1-\Suction_PUMP(v1.1)\ArduinoCore\Debug\libArduinoCore.a(TFT_22_ILI9225.o)
 .debug_ranges  0x00000800      0x100 C:\Users\agva\Desktop\Suction_Pump-v1.1-\Suction_PUMP(v1.1)\ArduinoCore\Debug\libArduinoCore.a(Wire.o)
 .debug_ranges  0x00000900       0x10 C:\Users\agva\Desktop\Suction_Pump-v1.1-\Suction_PUMP(v1.1)\ArduinoCore\Debug\libArduinoCore.a(hooks.o)
 .debug_ranges  0x00000910       0x20 C:\Users\agva\Desktop\Suction_Pump-v1.1-\Suction_PUMP(v1.1)\ArduinoCore\Debug\libArduinoCore.a(wiring_analog.o)
 .debug_ranges  0x00000930       0x28 C:\Users\agva\Desktop\Suction_Pump-v1.1-\Suction_PUMP(v1.1)\ArduinoCore\Debug\libArduinoCore.a(wiring_digital.o)
 .debug_ranges  0x00000958       0x28 C:\Users\agva\Desktop\Suction_Pump-v1.1-\Suction_PUMP(v1.1)\ArduinoCore\Debug\libArduinoCore.a(SPI.o)
 .debug_ranges  0x00000980       0x88 C:\Users\agva\Desktop\Suction_Pump-v1.1-\Suction_PUMP(v1.1)\ArduinoCore\Debug\libArduinoCore.a(twi.o)

.debug_macro
 *(.debug_macro)
OUTPUT(suction_pump.elf elf32-avr)
LOAD linker stubs
